2026-05-25 12:30:57.249 | info     |             UMD | Creating TopologyDiscovery for architecture: wormhole_b0 (topology_discovery.cpp:72)
2026-05-25 12:30:57.251 | info     |             UMD | Established firmware bundle version: 19.6.0 (topology_discovery.cpp:461)
2026-05-25 12:30:57.251 | info     |             UMD | Firmware bundle version 19.6.0 on the system is newer than the latest fully tested version 19.5.0 for wormhole_b0 architecture. Newest features may not be supported. (topology_discovery.cpp:493)
2026-05-25 12:30:57.266 | info     |          Device | Opening user mode device driver (tt_cluster.cpp:224)
2026-05-25 12:30:57.266 | info     |             UMD | Creating TopologyDiscovery for architecture: wormhole_b0 (topology_discovery.cpp:72)
2026-05-25 12:30:57.268 | info     |             UMD | Established firmware bundle version: 19.6.0 (topology_discovery.cpp:461)
2026-05-25 12:30:57.268 | info     |             UMD | Firmware bundle version 19.6.0 on the system is newer than the latest fully tested version 19.5.0 for wormhole_b0 architecture. Newest features may not be supported. (topology_discovery.cpp:493)
2026-05-25 12:30:57.282 | info     |             UMD | Harvesting masks for Chip 0: Tensix: 0x201 DRAM: 0x0 ETH: 0x0 PCIe: 0x0 L2CPU: 0x0 (cluster.cpp:283)
2026-05-25 12:30:57.321 | info     |             UMD | Harvesting masks for Chip 1: Tensix: 0x300 DRAM: 0x0 ETH: 0x0 PCIe: 0x0 L2CPU: 0x0 (cluster.cpp:283)
2026-05-25 12:30:57.326 | info     |             UMD | Opening local chip ids/PCIe ids: {0}/[0] and remote chip ids {1} (cluster.cpp:183)
2026-05-25 12:30:57.326 | info     |             UMD | IOMMU: disabled (cluster.cpp:157)
2026-05-25 12:30:57.326 | info     |             UMD | KMD version: 2.8.0 (cluster.cpp:160)
2026-05-25 12:30:57.327 | info     |             UMD | Starting devices in cluster (cluster.cpp:949)
2026-05-25 12:30:57.328 | info     |             UMD | Mapped hugepage 0x300000000 to NOC address 0x800000000 (silicon_sysmem_manager.cpp:262)
2026-05-25 12:30:57.329 | info     |             UMD | Mapped hugepage 0x2c0000000 to NOC address 0x840000000 (silicon_sysmem_manager.cpp:262)
2026-05-25 12:30:57.349 | info     |     Distributed | Using auto discovery to generate mesh graph. (metal_env.cpp:332)
2026-05-25 12:30:57.349 | info     |     Distributed | Constructing control plane using auto-discovery (no mesh graph descriptor). (metal_env.cpp:394)
2026-05-25 12:30:57.349 | info     |             UMD | Creating TopologyDiscovery for architecture: wormhole_b0 (topology_discovery.cpp:72)
2026-05-25 12:30:57.351 | info     |             UMD | Established firmware bundle version: 19.6.0 (topology_discovery.cpp:461)
2026-05-25 12:30:57.351 | info     |             UMD | Firmware bundle version 19.6.0 on the system is newer than the latest fully tested version 19.5.0 for wormhole_b0 architecture. Newest features may not be supported. (topology_discovery.cpp:493)
2026-05-25 12:30:57.361 | info     |          Fabric | TopologyMapper: Logical Multi-Mesh Adjacency Map: (topology_mapper.cpp:1474)
2026-05-25 12:30:57.361 | info     |          Fabric | 
=== Logical Mesh-Level Graph Adjacency Map ===
Total nodes: 1
Degree histogram: {0:1}
 (topology_solver.tpp:91)
2026-05-25 12:30:57.361 | info     |          Fabric | 
=== Logical Mesh 0 Internal Graph Adjacency Map ===
Total nodes: 2
Degree histogram: {1:2}
 (topology_solver.tpp:91)
2026-05-25 12:30:57.361 | info     |          Fabric | TopologyMapper: Physical Multi-Mesh Adjacency Map: (topology_mapper.cpp:1485)
2026-05-25 12:30:57.361 | info     |          Fabric | 
=== Physical Mesh-Level Graph Adjacency Map ===
Total nodes: 1
Degree histogram: {0:1}
 (topology_solver.tpp:91)
2026-05-25 12:30:57.361 | info     |          Fabric | 
=== Physical Mesh 0 Internal Graph Adjacency Map ===
Total nodes: 2
Degree histogram: {1:2}
 (topology_solver.tpp:91)
2026-05-25 12:30:57.361 | info     |          Fabric | Starting multi-mesh mapping: 1 logical mesh(es) to 1 physical mesh(es) (topology_mapper_utils.cpp:1469)
2026-05-25 12:30:57.361 | info     |          Fabric | Multi-mesh mapping attempt 1/2: Trying inter-mesh mapping (topology_mapper_utils.cpp:1510)
2026-05-25 12:30:57.361 | info     |          Fabric | Attempt 1: Inter-mesh mapping succeeded, found 1 mesh pair(s) (topology_mapper_utils.cpp:1539)
2026-05-25 12:30:57.361 | info     |          Fabric | Attempt 1: Mapping 1 mesh pair(s) (topology_mapper_utils.cpp:1547)
2026-05-25 12:30:57.361 | info     |          Fabric | Attempt 1: Mapping mesh 0 -> 0 (topology_mapper_utils.cpp:1554)
2026-05-25 12:30:57.361 | info     |          Fabric | Multi-mesh mapping succeeded after 1 attempt(s): 1 mesh pair(s) mapped (topology_mapper_utils.cpp:1686)
2026-05-25 12:30:57.368 | info     |    BuildKernels | Using pre-compiled firmware from: /home/delaunap/workspace/.venv/lib/python3.12/site-packages/pjrt_plugin_tt/tt-metal/tt_metal/pre-compiled/6481459055998014514/ (build_env_manager.cpp:259)
2026-05-25 12:30:57.368 | info     |    BuildKernels | Using pre-compiled firmware from: /home/delaunap/workspace/.venv/lib/python3.12/site-packages/pjrt_plugin_tt/tt-metal/tt_metal/pre-compiled/6481459055998014514/ (build_env_manager.cpp:259)
2026-05-25 12:30:57.423 | info     |           Metal | Fabric config changed from FabricConfig::DISABLED to FabricConfig::FABRIC_1D, reinitializing control plane (metal_env.cpp:257)
2026-05-25 12:30:57.423 | info     |     Distributed | Using auto discovery to generate mesh graph. (metal_env.cpp:332)
2026-05-25 12:30:57.423 | info     |     Distributed | Constructing control plane using auto-discovery (no mesh graph descriptor). (metal_env.cpp:394)
2026-05-25 12:30:57.423 | info     |             UMD | Creating TopologyDiscovery for architecture: wormhole_b0 (topology_discovery.cpp:72)
2026-05-25 12:30:57.424 | info     |             UMD | Established firmware bundle version: 19.6.0 (topology_discovery.cpp:461)
2026-05-25 12:30:57.424 | info     |             UMD | Firmware bundle version 19.6.0 on the system is newer than the latest fully tested version 19.5.0 for wormhole_b0 architecture. Newest features may not be supported. (topology_discovery.cpp:493)
2026-05-25 12:30:57.435 | info     |          Fabric | TopologyMapper: Logical Multi-Mesh Adjacency Map: (topology_mapper.cpp:1474)
2026-05-25 12:30:57.435 | info     |          Fabric | 
=== Logical Mesh-Level Graph Adjacency Map ===
Total nodes: 1
Degree histogram: {0:1}
 (topology_solver.tpp:91)
2026-05-25 12:30:57.435 | info     |          Fabric | 
=== Logical Mesh 0 Internal Graph Adjacency Map ===
Total nodes: 2
Degree histogram: {1:2}
 (topology_solver.tpp:91)
2026-05-25 12:30:57.435 | info     |          Fabric | TopologyMapper: Physical Multi-Mesh Adjacency Map: (topology_mapper.cpp:1485)
2026-05-25 12:30:57.435 | info     |          Fabric | 
=== Physical Mesh-Level Graph Adjacency Map ===
Total nodes: 1
Degree histogram: {0:1}
 (topology_solver.tpp:91)
2026-05-25 12:30:57.435 | info     |          Fabric | 
=== Physical Mesh 0 Internal Graph Adjacency Map ===
Total nodes: 2
Degree histogram: {1:2}
 (topology_solver.tpp:91)
2026-05-25 12:30:57.435 | info     |          Fabric | Starting multi-mesh mapping: 1 logical mesh(es) to 1 physical mesh(es) (topology_mapper_utils.cpp:1469)
2026-05-25 12:30:57.435 | info     |          Fabric | Multi-mesh mapping attempt 1/2: Trying inter-mesh mapping (topology_mapper_utils.cpp:1510)
2026-05-25 12:30:57.435 | info     |          Fabric | Attempt 1: Inter-mesh mapping succeeded, found 1 mesh pair(s) (topology_mapper_utils.cpp:1539)
2026-05-25 12:30:57.435 | info     |          Fabric | Attempt 1: Mapping 1 mesh pair(s) (topology_mapper_utils.cpp:1547)
2026-05-25 12:30:57.435 | info     |          Fabric | Attempt 1: Mapping mesh 0 -> 0 (topology_mapper_utils.cpp:1554)
2026-05-25 12:30:57.435 | info     |          Fabric | Multi-mesh mapping succeeded after 1 attempt(s): 1 mesh pair(s) mapped (topology_mapper_utils.cpp:1686)
2026-05-25 12:30:57.435 | info     |           Metal | Enabling FabricConfig::FABRIC_1D only for dispatch. If your workload requires fabric, please set the fabric config accordingly. (device_manager.cpp:288)
2026-05-25 12:30:57.435 | info     |           Metal | Dispatch on FabricConfig::FABRIC_1D with 1 Command Queues
 (device_manager.cpp:296)
2026-05-25 12:30:57.441 | info     |           Metal | Initializing Fabric (fabric_firmware_initializer.cpp:45)
2026-05-25 12:30:57.457 | info     |           Metal | Fabric initialized on Device 0 (device.cpp:412)
2026-05-25 12:30:57.459 | info     |           Metal | Fabric initialized on Device 1 (device.cpp:412)
2026-05-25 12:30:57.459 | info     |           Metal | Fabric initialized on 2 devices (fabric_firmware_initializer.cpp:173)
2026-05-25 12:30:57.459 | info     |           Metal | Fabric Initialized with config FabricConfig::FABRIC_1D (fabric_firmware_initializer.cpp:48)
2026-05-25 12:30:57.497 | critical |          Always | TT_FATAL: Logical eth core (x=0,y=15) is not an active eth core on chip 0. (assert.hpp:104)
[32m                 Always[0m | [1m[38;5;208m WARNING[0m | Skipping ethernet core ((x=0,y=15)) on chip 0
2026-05-25 12:30:57.542 | info     |           Metal | Fabric config changed from FabricConfig::FABRIC_1D to FabricConfig::FABRIC_1D_RING, reinitializing control plane (metal_env.cpp:257)
2026-05-25 12:30:57.542 | info     |     Distributed | Using auto discovery to generate mesh graph. (metal_env.cpp:332)
2026-05-25 12:30:57.542 | info     |     Distributed | Constructing control plane using auto-discovery (no mesh graph descriptor). (metal_env.cpp:394)
2026-05-25 12:30:57.542 | info     |             UMD | Creating TopologyDiscovery for architecture: wormhole_b0 (topology_discovery.cpp:72)
2026-05-25 12:30:57.544 | info     |             UMD | Established firmware bundle version: 19.6.0 (topology_discovery.cpp:461)
2026-05-25 12:30:57.544 | info     |             UMD | Firmware bundle version 19.6.0 on the system is newer than the latest fully tested version 19.5.0 for wormhole_b0 architecture. Newest features may not be supported. (topology_discovery.cpp:493)
2026-05-25 12:30:57.555 | info     |          Fabric | TopologyMapper: Logical Multi-Mesh Adjacency Map: (topology_mapper.cpp:1474)
2026-05-25 12:30:57.555 | info     |          Fabric | 
=== Logical Mesh-Level Graph Adjacency Map ===
Total nodes: 1
Degree histogram: {0:1}
 (topology_solver.tpp:91)
2026-05-25 12:30:57.555 | info     |          Fabric | 
=== Logical Mesh 0 Internal Graph Adjacency Map ===
Total nodes: 2
Degree histogram: {1:2}
 (topology_solver.tpp:91)
2026-05-25 12:30:57.555 | info     |          Fabric | TopologyMapper: Physical Multi-Mesh Adjacency Map: (topology_mapper.cpp:1485)
2026-05-25 12:30:57.555 | info     |          Fabric | 
=== Physical Mesh-Level Graph Adjacency Map ===
Total nodes: 1
Degree histogram: {0:1}
 (topology_solver.tpp:91)
2026-05-25 12:30:57.555 | info     |          Fabric | 
=== Physical Mesh 0 Internal Graph Adjacency Map ===
Total nodes: 2
Degree histogram: {1:2}
 (topology_solver.tpp:91)
2026-05-25 12:30:57.555 | info     |          Fabric | Starting multi-mesh mapping: 1 logical mesh(es) to 1 physical mesh(es) (topology_mapper_utils.cpp:1469)
2026-05-25 12:30:57.555 | info     |          Fabric | Multi-mesh mapping attempt 1/2: Trying inter-mesh mapping (topology_mapper_utils.cpp:1510)
2026-05-25 12:30:57.555 | info     |          Fabric | Attempt 1: Inter-mesh mapping succeeded, found 1 mesh pair(s) (topology_mapper_utils.cpp:1539)
2026-05-25 12:30:57.555 | info     |          Fabric | Attempt 1: Mapping 1 mesh pair(s) (topology_mapper_utils.cpp:1547)
2026-05-25 12:30:57.555 | info     |          Fabric | Attempt 1: Mapping mesh 0 -> 0 (topology_mapper_utils.cpp:1554)
2026-05-25 12:30:57.555 | info     |          Fabric | Multi-mesh mapping succeeded after 1 attempt(s): 1 mesh pair(s) mapped (topology_mapper_utils.cpp:1686)
2026-05-25 12:30:57.566 | info     |    BuildKernels | Using pre-compiled firmware from: /home/delaunap/workspace/.venv/lib/python3.12/site-packages/pjrt_plugin_tt/tt-metal/tt_metal/pre-compiled/6481459055998014514/ (build_env_manager.cpp:259)
2026-05-25 12:30:57.567 | info     |    BuildKernels | Using pre-compiled firmware from: /home/delaunap/workspace/.venv/lib/python3.12/site-packages/pjrt_plugin_tt/tt-metal/tt_metal/pre-compiled/6481459055998014514/ (build_env_manager.cpp:259)
2026-05-25 12:30:57.621 | warning  |           Metal | Got num_routing_planes: 1, which is less than current value: 255, ignoring the override (metal_env.cpp:232)
2026-05-25 12:30:57.621 | info     |           Metal | Dispatch on FabricConfig::FABRIC_1D_RING with 1 Command Queues
 (device_manager.cpp:296)
2026-05-25 12:30:57.624 | info     |           Metal | Initializing Fabric (fabric_firmware_initializer.cpp:45)
2026-05-25 12:30:57.637 | info     |           Metal | Fabric initialized on Device 0 (device.cpp:412)
2026-05-25 12:30:57.641 | info     |           Metal | Fabric initialized on Device 1 (device.cpp:412)
2026-05-25 12:30:57.641 | info     |           Metal | Fabric initialized on 2 devices (fabric_firmware_initializer.cpp:173)
2026-05-25 12:30:57.641 | info     |           Metal | Fabric Initialized with config FabricConfig::FABRIC_1D_RING (fabric_firmware_initializer.cpp:48)
2026-05-25 12:30:57.670 | info     |           Metal | Enabling program cache on MeshDevice 1 (mesh_device.cpp:974)
step: 0.4501s loss: 2.296875
step: 0.0165s loss: 2.09375
step: 0.0114s loss: 1.9296875
step: 0.0112s loss: 1.7421875
step: 0.0085s loss: 1.421875
step: 0.0090s loss: 1.15625
step: 0.0084s loss: 1.171875
step: 0.0094s loss: 1.3046875
step: 0.0079s loss: 0.90625
step: 0.0073s loss: 0.6796875
step: 0.0080s loss: 1.15625
step: 0.0071s loss: 1.2109375
step: 0.0062s loss: 0.5078125
step: 0.0056s loss: 0.68359375
step: 0.0057s loss: 0.26171875
step: 0.0071s loss: 1.171875
step: 0.0055s loss: 0.79296875
step: 0.0053s loss: 0.80859375
step: 0.0054s loss: 0.828125
step: 0.0054s loss: 0.6015625
step: 0.0052s loss: 0.48046875
step: 0.0055s loss: 0.5625
step: 0.0053s loss: 0.66015625
step: 0.0054s loss: 0.98828125
step: 0.0053s loss: 0.435546875
step: 0.0055s loss: 0.83984375
step: 0.0053s loss: 0.79296875
step: 0.0053s loss: 0.68359375
step: 0.0052s loss: 0.6171875
step: 0.0056s loss: 0.5234375
step: 0.0056s loss: 0.515625
step: 0.0055s loss: 0.6484375
step: 0.0052s loss: 0.443359375
step: 0.0054s loss: 0.3984375
step: 0.0053s loss: 0.7421875
step: 0.0055s loss: 0.4453125
step: 0.0052s loss: 0.279296875
step: 0.0053s loss: 0.2451171875
step: 0.0056s loss: 0.58203125
step: 0.0056s loss: 0.265625
step: 0.0053s loss: 0.427734375
step: 0.0055s loss: 0.453125
step: 0.0055s loss: 0.5234375
step: 0.0052s loss: 0.53515625
step: 0.0052s loss: 0.46875
step: 0.0054s loss: 0.4296875
step: 0.0052s loss: 0.515625
step: 0.0057s loss: 0.41796875
step: 0.0056s loss: 0.61328125
step: 0.0064s loss: 0.212890625
step: 0.0057s loss: 0.52734375
step: 0.0058s loss: 0.37890625
step: 0.0058s loss: 0.3203125
step: 0.0057s loss: 0.48828125
step: 0.0056s loss: 0.53515625
step: 0.0058s loss: 0.248046875
step: 0.0054s loss: 0.4375
step: 0.0054s loss: 0.8046875
step: 0.0055s loss: 0.50390625
step: 0.0057s loss: 0.6796875
step: 0.0056s loss: 0.458984375
step: 0.0053s loss: 0.27734375
step: 0.0053s loss: 0.22265625
step: 0.0053s loss: 0.248046875
step: 0.0052s loss: 0.359375
step: 0.0055s loss: 0.53125
step: 0.0052s loss: 0.41796875
step: 0.0052s loss: 0.6015625
step: 0.0052s loss: 0.6171875
step: 0.0055s loss: 0.17578125
step: 0.0052s loss: 0.314453125
step: 0.0052s loss: 0.5390625
step: 0.0052s loss: 0.1865234375
step: 0.0055s loss: 0.2216796875
step: 0.0056s loss: 0.6484375
step: 0.0054s loss: 0.1904296875
step: 0.0052s loss: 0.333984375
step: 0.0053s loss: 0.203125
step: 0.0053s loss: 0.09326171875
step: 0.0053s loss: 0.28515625
step: 0.0052s loss: 0.404296875
step: 0.0054s loss: 0.1044921875
step: 0.0052s loss: 0.2138671875
step: 0.0053s loss: 0.287109375
step: 0.0052s loss: 0.5234375
step: 0.0054s loss: 0.671875
step: 0.0053s loss: 0.73046875
step: 0.0056s loss: 0.6328125
step: 0.0054s loss: 0.1650390625
step: 0.0052s loss: 0.2109375
step: 0.0052s loss: 0.255859375
step: 0.0053s loss: 0.6171875
step: 0.0053s loss: 0.259765625
step: 0.0052s loss: 0.228515625
step: 0.0053s loss: 0.59375
step: 0.0053s loss: 0.173828125
step: 0.0053s loss: 0.390625
step: 0.0052s loss: 0.2138671875
step: 0.0054s loss: 0.2255859375
step: 0.0052s loss: 0.302734375
step: 0.0054s loss: 0.3046875
step: 0.0054s loss: 0.330078125
step: 0.0051s loss: 0.09423828125
step: 0.0051s loss: 0.21484375
step: 0.0051s loss: 0.25390625
step: 0.0054s loss: 0.23046875
step: 0.0051s loss: 0.109375
step: 0.0055s loss: 0.2890625
step: 0.0051s loss: 0.12890625
step: 0.0056s loss: 0.2373046875
step: 0.0053s loss: 0.30859375
step: 0.0050s loss: 0.2119140625
step: 0.0056s loss: 0.455078125
step: 0.0051s loss: 0.4140625
step: 0.0051s loss: 0.32421875
step: 0.0051s loss: 0.3125
step: 0.0055s loss: 0.1875
step: 0.0052s loss: 0.40234375
step: 0.0054s loss: 0.2255859375
step: 0.0051s loss: 0.310546875
step: 0.0051s loss: 0.26953125
step: 0.0052s loss: 0.390625
step: 0.0052s loss: 0.287109375
step: 0.0052s loss: 0.6953125
step: 0.0054s loss: 0.345703125
step: 0.0051s loss: 0.1904296875
step: 0.0051s loss: 0.48046875
step: 0.0054s loss: 0.169921875
step: 0.0060s loss: 0.146484375
step: 0.0051s loss: 0.34375
step: 0.0051s loss: 0.1875
step: 0.0051s loss: 0.478515625
step: 0.0052s loss: 0.30859375
step: 0.0051s loss: 0.6484375
step: 0.0050s loss: 0.1748046875
step: 0.0051s loss: 0.208984375
step: 0.0050s loss: 0.1904296875
step: 0.0051s loss: 0.185546875
step: 0.0066s loss: 0.427734375
step: 0.0051s loss: 0.287109375
step: 0.0051s loss: 0.4453125
step: 0.0052s loss: 0.31640625
step: 0.0052s loss: 0.296875
step: 0.0051s loss: 0.10595703125
step: 0.0051s loss: 0.1396484375
step: 0.0052s loss: 0.33984375
step: 0.0048s loss: 0.07177734375
step: 0.0047s loss: 0.34375
step: 0.0047s loss: 0.51953125
step: 0.0047s loss: 0.76953125
step: 0.0049s loss: 0.3046875
step: 0.0047s loss: 0.265625
step: 0.0045s loss: 0.1865234375
step: 0.0048s loss: 0.23046875
step: 0.0046s loss: 0.453125
step: 0.0046s loss: 0.0634765625
step: 0.0048s loss: 0.1083984375
step: 0.0047s loss: 0.58984375
step: 0.0047s loss: 0.515625
step: 0.0047s loss: 0.4609375
step: 0.0046s loss: 0.05029296875
step: 0.0047s loss: 0.1240234375
step: 0.0047s loss: 0.447265625
step: 0.0046s loss: 0.1259765625
step: 0.0046s loss: 0.498046875
step: 0.0047s loss: 0.337890625
step: 0.0047s loss: 0.10205078125
step: 0.0047s loss: 0.3125
step: 0.0048s loss: 0.38671875
step: 0.0047s loss: 0.380859375
step: 0.0047s loss: 0.2255859375
step: 0.0047s loss: 0.392578125
step: 0.0049s loss: 0.546875
step: 0.0047s loss: 0.212890625
step: 0.0048s loss: 0.32421875
step: 0.0048s loss: 0.30859375
step: 0.0047s loss: 0.2353515625
step: 0.0048s loss: 0.173828125
step: 0.0049s loss: 0.1572265625
step: 0.0047s loss: 0.3671875
step: 0.0048s loss: 0.1845703125
step: 0.0050s loss: 0.298828125
step: 0.0047s loss: 0.6328125
step: 0.0047s loss: 0.193359375
step: 0.0048s loss: 0.3515625
step: 0.0047s loss: 0.1630859375
step: 0.0048s loss: 0.2314453125
step: 0.0048s loss: 0.458984375
step: 0.0047s loss: 0.369140625
step: 0.0049s loss: 0.322265625
step: 0.0047s loss: 0.392578125
step: 0.0047s loss: 0.4609375
step: 0.0047s loss: 0.2216796875
step: 0.0048s loss: 0.294921875
step: 0.0047s loss: 0.12109375
step: 0.0047s loss: 0.39453125
step: 0.0046s loss: 0.1103515625
step: 0.0047s loss: 0.35546875
step: 0.0047s loss: 0.5234375
step: 0.0047s loss: 0.232421875
step: 0.0047s loss: 0.140625
step: 0.0050s loss: 0.10400390625
step: 0.0047s loss: 0.18359375
step: 0.0047s loss: 0.10546875
step: 0.0047s loss: 0.259765625
step: 0.0048s loss: 0.29296875
step: 0.0047s loss: 0.2119140625
step: 0.0047s loss: 0.154296875
step: 0.0172s loss: 0.296875
step: 0.0050s loss: 0.2578125
step: 0.0047s loss: 0.380859375
step: 0.0047s loss: 0.29296875
step: 0.0046s loss: 0.466796875
step: 0.0047s loss: 0.3125
step: 0.0047s loss: 0.2353515625
step: 0.0046s loss: 0.21484375
step: 0.0046s loss: 0.36328125
step: 0.0046s loss: 0.205078125
step: 0.0047s loss: 0.349609375
step: 0.0046s loss: 0.326171875
step: 0.0046s loss: 0.412109375
step: 0.0045s loss: 0.11181640625
step: 0.0047s loss: 0.2080078125
step: 0.0046s loss: 0.173828125
step: 0.0047s loss: 0.1845703125
step: 0.0046s loss: 0.1376953125
step: 0.0047s loss: 0.08203125
step: 0.0046s loss: 0.30078125
step: 0.0045s loss: 0.48046875
step: 0.0045s loss: 0.19140625
step: 0.0047s loss: 0.412109375
step: 0.0046s loss: 0.26953125
step: 0.0046s loss: 0.0732421875
step: 0.0049s loss: 0.0869140625
step: 0.0054s loss: 0.208984375
step: 0.0047s loss: 0.10400390625
step: 0.0047s loss: 0.25390625
step: 0.0046s loss: 0.314453125
step: 0.0046s loss: 0.2216796875
step: 0.0047s loss: 0.2275390625
step: 0.0046s loss: 0.54296875
step: 0.0047s loss: 0.1923828125
step: 0.0046s loss: 0.34765625
step: 0.0046s loss: 0.09033203125
step: 0.0046s loss: 0.1708984375
step: 0.0046s loss: 0.33984375
step: 0.0046s loss: 0.244140625
step: 0.0046s loss: 0.8203125
step: 0.0046s loss: 0.328125
step: 0.0047s loss: 0.255859375
step: 0.0048s loss: 0.1787109375
step: 0.0051s loss: 0.2431640625
step: 0.0047s loss: 0.1611328125
step: 0.0062s loss: 0.189453125
step: 0.0051s loss: 0.140625
step: 0.0050s loss: 0.322265625
step: 0.0053s loss: 0.095703125
step: 0.0051s loss: 0.208984375
step: 0.0050s loss: 0.396484375
step: 0.0050s loss: 0.345703125
step: 0.0050s loss: 0.390625
step: 0.0050s loss: 0.0341796875
step: 0.0054s loss: 0.119140625
step: 0.0051s loss: 0.048828125
step: 0.0051s loss: 0.1923828125
step: 0.0050s loss: 0.158203125
step: 0.0051s loss: 0.2041015625
step: 0.0051s loss: 0.2158203125
step: 0.0048s loss: 0.5234375
step: 0.0046s loss: 0.2080078125
step: 0.0049s loss: 0.2421875
step: 0.0046s loss: 0.265625
step: 0.0046s loss: 0.33984375
step: 0.0046s loss: 0.1142578125
step: 0.0046s loss: 0.107421875
step: 0.0046s loss: 0.14453125
step: 0.0047s loss: 0.3046875
step: 0.0047s loss: 0.2392578125
step: 0.0047s loss: 0.014892578125
step: 0.0048s loss: 0.318359375
step: 0.0046s loss: 0.453125
step: 0.0047s loss: 0.1943359375
step: 0.0047s loss: 0.2138671875
step: 0.0047s loss: 0.53515625
step: 0.0045s loss: 0.17578125
step: 0.0048s loss: 0.390625
step: 0.0047s loss: 0.314453125
step: 0.0046s loss: 0.21484375
step: 0.0047s loss: 0.6484375
step: 0.0047s loss: 0.6171875
step: 0.0047s loss: 0.1259765625
step: 0.0046s loss: 0.2275390625
step: 0.0047s loss: 0.095703125
step: 0.0047s loss: 0.07958984375
step: 0.0046s loss: 0.1630859375
step: 0.0048s loss: 0.40234375
step: 0.0048s loss: 0.224609375
step: 0.0045s loss: 0.2734375
step: 0.0046s loss: 0.287109375
step: 0.0046s loss: 0.2431640625
step: 0.0046s loss: 0.189453125
step: 0.0053s loss: 0.1279296875
step: 0.0046s loss: 0.453125
step: 0.0048s loss: 0.392578125
step: 0.0047s loss: 0.2265625
step: 0.0047s loss: 0.390625
step: 0.0046s loss: 0.25
step: 0.0048s loss: 0.296875
step: 0.0046s loss: 0.29296875
step: 0.0047s loss: 0.30078125
step: 0.0046s loss: 0.390625
step: 0.0047s loss: 0.216796875
step: 0.0046s loss: 0.34765625
step: 0.0047s loss: 0.16015625
step: 0.0045s loss: 0.1357421875
step: 0.0047s loss: 0.07763671875
step: 0.0056s loss: 0.3359375
step: 0.0046s loss: 0.087890625
step: 0.0046s loss: 0.29296875
step: 0.0046s loss: 0.298828125
step: 0.0046s loss: 0.115234375
step: 0.0046s loss: 0.07275390625
step: 0.0046s loss: 0.1240234375
step: 0.0046s loss: 0.162109375
step: 0.0046s loss: 0.35546875
step: 0.0046s loss: 0.0947265625
step: 0.0046s loss: 0.05224609375
step: 0.0046s loss: 0.12451171875
step: 0.0046s loss: 0.4375
step: 0.0046s loss: 0.244140625
step: 0.0046s loss: 0.0556640625
step: 0.0046s loss: 0.2890625
step: 0.0046s loss: 0.1572265625
step: 0.0047s loss: 0.13671875
step: 0.0046s loss: 0.330078125
step: 0.0046s loss: 0.2412109375
step: 0.0050s loss: 0.028076171875
step: 0.0049s loss: 0.15234375
step: 0.0049s loss: 0.10400390625
step: 0.0054s loss: 0.265625
step: 0.0047s loss: 0.1201171875
step: 0.0049s loss: 0.23828125
step: 0.0049s loss: 0.224609375
step: 0.0048s loss: 0.05078125
step: 0.0049s loss: 0.2001953125
step: 0.0048s loss: 0.201171875
step: 0.0049s loss: 0.3203125
step: 0.0049s loss: 0.265625
step: 0.0047s loss: 0.53515625
step: 0.0051s loss: 0.41015625
step: 0.0051s loss: 0.3125
step: 0.0048s loss: 0.10498046875
step: 0.0058s loss: 0.06591796875
step: 0.0058s loss: 0.265625
step: 0.0048s loss: 0.173828125
step: 0.0049s loss: 0.69921875
step: 0.0058s loss: 0.58203125
step: 0.0058s loss: 0.1474609375
step: 0.0049s loss: 0.2333984375
step: 0.0047s loss: 0.18359375
step: 0.0060s loss: 0.07177734375
step: 0.0058s loss: 0.16796875
step: 0.0048s loss: 0.263671875
step: 0.0047s loss: 0.1259765625
step: 0.0059s loss: 0.07421875
step: 0.0058s loss: 0.1171875
step: 0.0048s loss: 0.2265625
step: 0.0047s loss: 0.1474609375
step: 0.0058s loss: 0.24609375
step: 0.0058s loss: 0.396484375
step: 0.0048s loss: 0.11181640625
step: 0.0049s loss: 0.39453125
step: 0.0060s loss: 0.3359375
step: 0.0058s loss: 0.051025390625
step: 0.0051s loss: 0.2041015625
step: 0.0048s loss: 0.3359375
step: 0.0059s loss: 0.11474609375
step: 0.0058s loss: 0.1171875
step: 0.0048s loss: 0.1552734375
step: 0.0049s loss: 0.1904296875
step: 0.0065s loss: 0.041259765625
step: 0.0060s loss: 0.12255859375
step: 0.0047s loss: 0.1953125
step: 0.0048s loss: 0.0537109375
step: 0.0058s loss: 0.205078125
step: 0.0058s loss: 0.2060546875
step: 0.0048s loss: 0.451171875
step: 0.0048s loss: 0.1953125
step: 0.0058s loss: 0.060546875
step: 0.0059s loss: 0.05859375
step: 0.0048s loss: 0.40234375
step: 0.0055s loss: 0.0830078125
step: 0.0088s loss: 0.0947265625
step: 0.0048s loss: 0.20703125
step: 0.0045s loss: 0.2119140625
step: 0.0056s loss: 0.173828125
step: 0.0055s loss: 0.216796875
step: 0.0044s loss: 0.2265625
step: 0.0044s loss: 0.189453125
step: 0.0054s loss: 0.236328125
step: 0.0055s loss: 0.03369140625
step: 0.0047s loss: 0.06396484375
step: 0.0045s loss: 0.04150390625
step: 0.0055s loss: 0.30859375
step: 0.0055s loss: 0.6796875
step: 0.0047s loss: 0.16015625
step: 0.0044s loss: 0.0859375
step: 0.0055s loss: 0.345703125
step: 0.0058s loss: 0.37890625
step: 0.0047s loss: 0.173828125
step: 0.0045s loss: 0.15234375
step: 0.0055s loss: 0.1884765625
step: 0.0055s loss: 0.06103515625
step: 0.0046s loss: 0.028564453125
step: 0.0044s loss: 0.0546875
step: 0.0055s loss: 0.203125
step: 0.0055s loss: 0.1982421875
step: 0.0044s loss: 0.2236328125
step: 0.0046s loss: 0.061279296875
step: 0.0056s loss: 0.0849609375
step: 0.0056s loss: 0.059814453125
step: 0.0046s loss: 0.1357421875
step: 0.0044s loss: 0.1650390625
step: 0.0054s loss: 0.2138671875
step: 0.0056s loss: 0.318359375
step: 0.0047s loss: 0.1728515625
step: 0.0045s loss: 0.35546875
step: 0.0055s loss: 0.189453125
step: 0.0058s loss: 0.1103515625
step: 0.0045s loss: 0.37109375
step: 0.0044s loss: 0.32421875
step: 0.0055s loss: 0.2314453125
step: 0.0055s loss: 0.326171875
step: 0.0045s loss: 0.11572265625
step: 0.0043s loss: 0.4921875
step: 0.0053s loss: 0.0751953125
step: 0.0059s loss: 0.08056640625
step: 0.0054s loss: 0.1337890625
step: 0.0048s loss: 0.22265625
step: 0.0058s loss: 0.1142578125
step: 0.0059s loss: 0.037109375
step: 0.0047s loss: 0.154296875
step: 0.0050s loss: 0.138671875
step: 0.0059s loss: 0.2177734375
step: 0.0053s loss: 0.2216796875
step: 0.0048s loss: 0.208984375
step: 0.0048s loss: 0.361328125
step: 0.0058s loss: 0.0927734375
step: 0.0059s loss: 0.146484375
step: 0.0049s loss: 0.326171875
step: 0.0048s loss: 0.046142578125
step: 0.0058s loss: 0.2470703125
step: 0.0059s loss: 0.60546875
step: 0.0048s loss: 0.1220703125
step: 0.0049s loss: 0.25
step: 0.0054s loss: 0.287109375
step: 0.0054s loss: 0.1220703125
step: 0.0052s loss: 0.279296875
step: 0.0054s loss: 0.3671875
step: 0.0050s loss: 0.07763671875
step: 0.0050s loss: 0.044921875
step: 0.0050s loss: 0.189453125
step: 0.0050s loss: 0.263671875
step: 0.0049s loss: 0.1103515625
step: 0.0050s loss: 0.0849609375
step: 0.0049s loss: 0.53515625
step: 0.0050s loss: 0.052978515625
step: 0.0050s loss: 0.06298828125
step: 0.0050s loss: 0.1279296875
step: 0.0050s loss: 0.0810546875
step: 0.0051s loss: 0.287109375
step: 0.0049s loss: 0.19921875
step: 0.0050s loss: 0.1376953125
step: 0.0050s loss: 0.49609375
step: 0.0050s loss: 0.2353515625
step: 0.0050s loss: 0.10400390625
step: 0.0050s loss: 0.2421875
step: 0.0049s loss: 0.080078125
step: 0.0050s loss: 0.047119140625
step: 0.0050s loss: 0.265625
step: 0.0050s loss: 0.11865234375
step: 0.0050s loss: 0.26171875
step: 0.0050s loss: 0.05615234375
step: 0.0053s loss: 0.40234375
step: 0.0050s loss: 0.37109375
step: 0.0050s loss: 0.30859375
step: 0.0051s loss: 0.059814453125
step: 0.0050s loss: 0.125
step: 0.0050s loss: 0.265625
step: 0.0050s loss: 0.42578125
step: 0.0050s loss: 0.314453125
step: 0.0050s loss: 0.34375
step: 0.0050s loss: 0.326171875
step: 0.0049s loss: 0.1015625
step: 0.0050s loss: 0.1953125
step: 0.0050s loss: 0.32421875
step: 0.0053s loss: 0.294921875
step: 0.0050s loss: 0.1328125
step: 0.0050s loss: 0.134765625
step: 0.0050s loss: 0.154296875
step: 0.0049s loss: 0.2890625
step: 0.0050s loss: 0.1474609375
step: 0.0052s loss: 0.1748046875
step: 0.0050s loss: 0.126953125
step: 0.0050s loss: 0.1005859375
step: 0.0070s loss: 0.11669921875
step: 0.0048s loss: 0.396484375
step: 0.0049s loss: 0.080078125
step: 0.0049s loss: 0.28125
step: 0.0052s loss: 0.1787109375
step: 0.0049s loss: 0.1669921875
step: 0.0049s loss: 0.04248046875
step: 0.0049s loss: 0.0208740234375
step: 0.0049s loss: 0.29296875
step: 0.0049s loss: 0.0400390625
step: 0.0049s loss: 0.1484375
step: 0.0049s loss: 0.21875
step: 0.0049s loss: 0.1416015625
step: 0.0049s loss: 0.453125
step: 0.0050s loss: 0.1748046875
step: 0.0049s loss: 0.1328125
step: 0.0051s loss: 0.07568359375
step: 0.0049s loss: 0.181640625
step: 0.0051s loss: 0.02001953125
step: 0.0049s loss: 0.10107421875
step: 0.0048s loss: 0.205078125
step: 0.0049s loss: 0.1259765625
step: 0.0052s loss: 0.376953125
step: 0.0047s loss: 0.1767578125
step: 0.0048s loss: 0.06103515625
step: 0.0049s loss: 0.275390625
step: 0.0049s loss: 0.291015625
step: 0.0049s loss: 0.2353515625
step: 0.0048s loss: 0.12158203125
step: 0.0051s loss: 0.1484375
step: 0.0048s loss: 0.3125
step: 0.0049s loss: 0.08349609375
step: 0.0049s loss: 0.0556640625
step: 0.0049s loss: 0.07275390625
step: 0.0049s loss: 0.41796875
step: 0.0047s loss: 0.263671875
step: 0.0050s loss: 0.0283203125
step: 0.0048s loss: 0.208984375
step: 0.0048s loss: 0.11669921875
step: 0.0049s loss: 0.208984375
step: 0.0050s loss: 0.0262451171875
step: 0.0050s loss: 0.234375
step: 0.0049s loss: 0.15234375
step: 0.0048s loss: 0.1259765625
step: 0.0050s loss: 0.109375
step: 0.0049s loss: 0.12890625
step: 0.0048s loss: 0.234375
step: 0.0049s loss: 0.2236328125
step: 0.0050s loss: 0.255859375
step: 0.0048s loss: 0.10546875
step: 0.0050s loss: 0.21875
step: 0.0049s loss: 0.162109375
step: 0.0050s loss: 0.1279296875
step: 0.0049s loss: 0.126953125
step: 0.0048s loss: 0.138671875
step: 0.0049s loss: 0.2138671875
step: 0.0049s loss: 0.0306396484375
step: 0.0048s loss: 0.1015625
step: 0.0049s loss: 0.3984375
step: 0.0047s loss: 0.197265625
step: 0.0051s loss: 0.0791015625
step: 0.0050s loss: 0.1162109375
step: 0.0041s loss: 0.1806640625
step: 0.0046s loss: 0.12353515625
step: 0.0044s loss: 0.34375
step: 0.0040s loss: 0.1982421875
step: 0.0043s loss: 0.064453125
step: 0.0059s loss: 0.1435546875
step: 0.0051s loss: 0.29296875
step: 0.0041s loss: 0.030029296875
step: 0.0051s loss: 0.09423828125
step: 0.0043s loss: 0.15234375
step: 0.0052s loss: 0.0693359375
step: 0.0051s loss: 0.23828125
step: 0.0052s loss: 0.2578125
step: 0.0052s loss: 0.267578125
step: 0.0052s loss: 0.3515625
step: 0.0054s loss: 0.0859375
step: 0.0052s loss: 0.03466796875
step: 0.0055s loss: 0.177734375
step: 0.0051s loss: 0.30078125
step: 0.0054s loss: 0.3203125
step: 0.0053s loss: 0.1142578125
step: 0.0052s loss: 0.162109375
step: 0.0062s loss: 0.2421875
step: 0.0051s loss: 0.267578125
step: 0.0044s loss: 0.03759765625
step: 0.0045s loss: 0.09228515625
step: 0.0042s loss: 0.1064453125
step: 0.0042s loss: 0.10302734375
step: 0.0050s loss: 0.216796875
step: 0.0043s loss: 0.019287109375
step: 0.0043s loss: 0.4453125
step: 0.0045s loss: 0.1767578125
step: 0.0063s loss: 0.1279296875
step: 0.0041s loss: 0.051025390625
step: 0.0044s loss: 0.07666015625
step: 0.0043s loss: 0.051513671875
step: 0.0043s loss: 0.625
step: 0.0044s loss: 0.07421875
step: 0.0044s loss: 0.08642578125
step: 0.0043s loss: 0.07177734375
step: 0.0043s loss: 0.216796875
step: 0.0055s loss: 0.314453125
step: 0.0056s loss: 0.1318359375
step: 0.0054s loss: 0.15234375
step: 0.0057s loss: 0.251953125
step: 0.0047s loss: 0.287109375
step: 0.0045s loss: 0.482421875
step: 0.0049s loss: 0.21484375
step: 0.0046s loss: 0.1630859375
step: 0.0045s loss: 0.46875
step: 0.0055s loss: 0.2060546875
step: 0.0046s loss: 0.357421875
step: 0.0047s loss: 0.412109375
step: 0.0047s loss: 0.04345703125
step: 0.0045s loss: 0.0966796875
step: 0.0047s loss: 0.1181640625
step: 0.0046s loss: 0.2490234375
step: 0.0047s loss: 0.353515625
step: 0.0046s loss: 0.10791015625
step: 0.0047s loss: 0.09033203125
step: 0.0048s loss: 0.5
step: 0.0056s loss: 0.06005859375
step: 0.0047s loss: 0.365234375
step: 0.0046s loss: 0.140625
step: 0.0062s loss: 0.18359375
step: 0.0046s loss: 0.07421875
step: 0.0046s loss: 0.08935546875
step: 0.0047s loss: 0.1728515625
step: 0.0046s loss: 0.10009765625
step: 0.0045s loss: 0.142578125
step: 0.0046s loss: 0.169921875
step: 0.0046s loss: 0.0986328125
step: 0.0046s loss: 0.040283203125
step: 0.0046s loss: 0.13671875
step: 0.0045s loss: 0.03857421875
step: 0.0046s loss: 0.09619140625
step: 0.0046s loss: 0.1533203125
step: 0.0047s loss: 0.287109375
step: 0.0046s loss: 0.119140625
step: 0.0046s loss: 0.12109375
step: 0.0046s loss: 0.146484375
step: 0.0046s loss: 0.0947265625
step: 0.0047s loss: 0.2080078125
step: 0.0046s loss: 0.103515625
step: 0.0046s loss: 0.1416015625
step: 0.0047s loss: 0.1435546875
step: 0.0047s loss: 0.1416015625
step: 0.0047s loss: 0.1865234375
step: 0.0047s loss: 0.138671875
step: 0.0047s loss: 0.1923828125
step: 0.0047s loss: 0.1298828125
step: 0.0048s loss: 0.078125
step: 0.0048s loss: 0.02880859375
step: 0.0048s loss: 0.0712890625
step: 0.0047s loss: 0.23046875
step: 0.0048s loss: 0.05859375
step: 0.0049s loss: 0.1513671875
step: 0.0049s loss: 0.126953125
step: 0.0048s loss: 0.0517578125
step: 0.0049s loss: 0.0947265625
step: 0.0049s loss: 0.28125
step: 0.0049s loss: 0.2080078125
step: 0.0049s loss: 0.33984375
step: 0.0049s loss: 0.32421875
step: 0.0049s loss: 0.046630859375
step: 0.0050s loss: 0.32421875
step: 0.0049s loss: 0.162109375
step: 0.0050s loss: 0.1328125
step: 0.0050s loss: 0.054931640625
step: 0.0050s loss: 0.146484375
step: 0.0049s loss: 0.3828125
step: 0.0050s loss: 0.11279296875
step: 0.0050s loss: 0.123046875
step: 0.0050s loss: 0.0283203125
step: 0.0049s loss: 0.205078125
step: 0.0050s loss: 0.126953125
step: 0.0051s loss: 0.0277099609375
step: 0.0050s loss: 0.035400390625
step: 0.0049s loss: 0.38671875
step: 0.0049s loss: 0.1083984375
step: 0.0051s loss: 0.10009765625
step: 0.0050s loss: 0.033203125
step: 0.0049s loss: 0.2333984375
step: 0.0050s loss: 0.03759765625
step: 0.0050s loss: 0.1328125
step: 0.0049s loss: 0.330078125
step: 0.0050s loss: 0.099609375
step: 0.0051s loss: 0.275390625
step: 0.0050s loss: 0.3359375
step: 0.0049s loss: 0.208984375
step: 0.0049s loss: 0.08544921875
step: 0.0050s loss: 0.1943359375
step: 0.0051s loss: 0.06494140625
step: 0.0050s loss: 0.05908203125
step: 0.0049s loss: 0.3046875
step: 0.0050s loss: 0.021240234375
step: 0.0051s loss: 0.0732421875
step: 0.0050s loss: 0.06689453125
step: 0.0049s loss: 0.02734375
step: 0.0050s loss: 0.17578125
step: 0.0050s loss: 0.4453125
step: 0.0051s loss: 0.306640625
step: 0.0049s loss: 0.1953125
step: 0.0050s loss: 0.13671875
step: 0.0051s loss: 0.13671875
step: 0.0051s loss: 0.0986328125
step: 0.0050s loss: 0.14453125
step: 0.0051s loss: 0.3828125
step: 0.0050s loss: 0.20703125
step: 0.0051s loss: 0.0576171875
step: 0.0050s loss: 0.08935546875
step: 0.0051s loss: 0.49609375
step: 0.0051s loss: 0.2119140625
step: 0.0051s loss: 0.2255859375
step: 0.0050s loss: 0.169921875
step: 0.0051s loss: 0.0064697265625
step: 0.0051s loss: 0.369140625
step: 0.0051s loss: 0.06494140625
step: 0.0051s loss: 0.019287109375
step: 0.0052s loss: 0.1875
step: 0.0051s loss: 0.28515625
step: 0.0051s loss: 0.1806640625
step: 0.0051s loss: 0.068359375
step: 0.0052s loss: 0.158203125
step: 0.0052s loss: 0.0517578125
step: 0.0051s loss: 0.1904296875
step: 0.0051s loss: 0.03955078125
step: 0.0052s loss: 0.1416015625
step: 0.0052s loss: 0.2119140625
step: 0.0052s loss: 0.08056640625
step: 0.0052s loss: 0.267578125
step: 0.0052s loss: 0.00933837890625
step: 0.0052s loss: 0.6484375
step: 0.0052s loss: 0.06787109375
step: 0.0053s loss: 0.2080078125
step: 0.0053s loss: 0.04150390625
step: 0.0053s loss: 0.0032958984375
step: 0.0052s loss: 0.036865234375
step: 0.0052s loss: 0.05908203125
step: 0.0054s loss: 0.30078125
step: 0.0054s loss: 0.298828125
step: 0.0053s loss: 0.3203125
step: 0.0053s loss: 0.392578125
step: 0.0054s loss: 0.2265625
step: 0.0053s loss: 0.11181640625
step: 0.0053s loss: 0.1455078125
step: 0.0053s loss: 0.3671875
step: 0.0053s loss: 0.05126953125
step: 0.0053s loss: 0.1083984375
step: 0.0053s loss: 0.1083984375
step: 0.0052s loss: 0.13671875
step: 0.0055s loss: 0.1884765625
step: 0.0051s loss: 0.53515625
step: 0.0052s loss: 0.25
step: 0.0052s loss: 0.0439453125
step: 0.0053s loss: 0.1025390625
step: 0.0052s loss: 0.484375
step: 0.0061s loss: 0.51953125
step: 0.0057s loss: 0.17578125
step: 0.0052s loss: 0.23828125
step: 0.0052s loss: 0.28515625
step: 0.0052s loss: 0.091796875
step: 0.0052s loss: 0.138671875
step: 0.0053s loss: 0.083984375
step: 0.0054s loss: 0.609375
step: 0.0052s loss: 0.1083984375
step: 0.0052s loss: 0.1982421875
step: 0.0052s loss: 0.1328125
step: 0.0052s loss: 0.080078125
step: 0.0052s loss: 0.0174560546875
step: 0.0052s loss: 0.1953125
step: 0.0053s loss: 0.271484375
step: 0.0052s loss: 0.0830078125
step: 0.0053s loss: 0.047119140625
step: 0.0054s loss: 0.130859375
step: 0.0052s loss: 0.25390625
step: 0.0053s loss: 0.0859375
step: 0.0054s loss: 0.1474609375
step: 0.0052s loss: 0.1767578125
step: 0.0053s loss: 0.022705078125
step: 0.0052s loss: 0.28515625
step: 0.0053s loss: 0.0966796875
step: 0.0052s loss: 0.1611328125
step: 0.0054s loss: 0.018798828125
step: 0.0053s loss: 0.1064453125
step: 0.0051s loss: 0.09326171875
step: 0.0054s loss: 0.08837890625
step: 0.0054s loss: 0.1865234375
step: 0.0053s loss: 0.046630859375
step: 0.0053s loss: 0.150390625
step: 0.0054s loss: 0.08642578125
step: 0.0054s loss: 0.3125
step: 0.0053s loss: 0.0220947265625
step: 0.0053s loss: 0.09375
step: 0.0054s loss: 0.205078125
step: 0.0053s loss: 0.035400390625
step: 0.0052s loss: 0.3125
step: 0.0053s loss: 0.12158203125
step: 0.0053s loss: 0.173828125
step: 0.0053s loss: 0.2158203125
step: 0.0053s loss: 0.181640625
step: 0.0053s loss: 0.0859375
step: 0.0062s loss: 0.1484375
step: 0.0054s loss: 0.197265625
step: 0.0054s loss: 0.390625
step: 0.0055s loss: 0.1552734375
step: 0.0060s loss: 0.3671875
step: 0.0060s loss: 0.03857421875
step: 0.0063s loss: 0.107421875
step: 0.0058s loss: 0.11328125
step: 0.0058s loss: 0.2265625
step: 0.0059s loss: 0.036376953125
step: 0.0050s loss: 0.318359375
step: 0.0058s loss: 0.029052734375
step: 0.0059s loss: 0.21875
step: 0.0058s loss: 0.10400390625
step: 0.0049s loss: 0.265625
step: 0.0048s loss: 0.06396484375
step: 0.0060s loss: 0.0625
step: 0.0060s loss: 0.107421875
step: 0.0048s loss: 0.007110595703125
step: 0.0048s loss: 0.2275390625
step: 0.0058s loss: 0.11865234375
step: 0.0061s loss: 0.111328125
step: 0.0050s loss: 0.158203125
step: 0.0048s loss: 0.1943359375
step: 0.0059s loss: 0.0517578125
step: 0.0058s loss: 0.15234375
step: 0.0054s loss: 0.1357421875
step: 0.0069s loss: 0.041259765625
step: 0.0060s loss: 0.1923828125
step: 0.0070s loss: 0.142578125
step: 0.0051s loss: 0.2265625
step: 0.0048s loss: 0.2001953125
step: 0.0060s loss: 0.06787109375
step: 0.0059s loss: 0.036376953125
step: 0.0049s loss: 0.154296875
step: 0.0049s loss: 0.240234375
step: 0.0058s loss: 0.28515625
step: 0.0059s loss: 0.15625
step: 0.0048s loss: 0.03515625
step: 0.0049s loss: 0.265625
step: 0.0059s loss: 0.3203125
step: 0.0060s loss: 0.1513671875
step: 0.0050s loss: 0.0625
step: 0.0049s loss: 0.0556640625
step: 0.0061s loss: 0.13671875
step: 0.0061s loss: 0.0625
step: 0.0050s loss: 0.248046875
step: 0.0050s loss: 0.1455078125
step: 0.0060s loss: 0.291015625
step: 0.0060s loss: 0.0245361328125
step: 0.0050s loss: 0.02197265625
step: 0.0049s loss: 0.1875
step: 0.0059s loss: 0.1513671875
step: 0.0060s loss: 0.05126953125
step: 0.0048s loss: 0.0634765625
step: 0.0048s loss: 0.0869140625
step: 0.0059s loss: 0.46484375
step: 0.0061s loss: 0.1591796875
step: 0.0050s loss: 0.0194091796875
step: 0.0049s loss: 0.12451171875
step: 0.0059s loss: 0.310546875
step: 0.0059s loss: 0.224609375
step: 0.0050s loss: 0.0634765625
step: 0.0048s loss: 0.1123046875
step: 0.0061s loss: 0.032470703125
step: 0.0061s loss: 0.041015625
step: 0.0050s loss: 0.380859375
step: 0.0049s loss: 0.25390625
step: 0.0059s loss: 0.291015625
step: 0.0060s loss: 0.06396484375
step: 0.0051s loss: 0.068359375
step: 0.0049s loss: 0.12060546875
step: 0.0059s loss: 0.10595703125
step: 0.0060s loss: 0.314453125
step: 0.0050s loss: 0.1416015625
step: 0.0049s loss: 0.036865234375
step: 0.0062s loss: 0.279296875
step: 0.0059s loss: 0.0712890625
step: 0.0048s loss: 0.107421875
step: 0.0049s loss: 0.0732421875
step: 0.0059s loss: 0.0693359375
step: 0.0060s loss: 0.224609375
step: 0.0050s loss: 0.0556640625
step: 0.0049s loss: 0.0986328125
step: 0.0060s loss: 0.212890625
step: 0.0061s loss: 0.32421875
step: 0.0048s loss: 0.0830078125
step: 0.0049s loss: 0.306640625
step: 0.0059s loss: 0.38671875
step: 0.0097s loss: 0.2001953125
step: 0.0057s loss: 0.0966796875
step: 0.0051s loss: 0.09814453125
step: 0.0060s loss: 0.12353515625
step: 0.0061s loss: 0.412109375
step: 0.0050s loss: 0.11572265625
step: 0.0048s loss: 0.1240234375
step: 0.0060s loss: 0.177734375
step: 0.0059s loss: 0.1796875
step: 0.0051s loss: 0.138671875
step: 0.0049s loss: 0.298828125
step: 0.0059s loss: 0.01806640625
step: 0.0065s loss: 0.03857421875
step: 0.0049s loss: 0.19140625
step: 0.0057s loss: 0.439453125
step: 0.0061s loss: 0.1640625
step: 0.0061s loss: 0.02001953125
step: 0.0049s loss: 0.19921875
step: 0.0049s loss: 0.0859375
step: 0.0060s loss: 0.087890625
step: 0.0060s loss: 0.099609375
step: 0.0048s loss: 0.10498046875
step: 0.0050s loss: 0.1005859375
step: 0.0060s loss: 0.134765625
step: 0.0060s loss: 0.1728515625
step: 0.0049s loss: 0.115234375
step: 0.0049s loss: 0.2490234375
step: 0.0062s loss: 0.1025390625
step: 0.0062s loss: 0.10009765625
step: 0.0048s loss: 0.031982421875
step: 0.0049s loss: 0.2060546875
step: 0.0062s loss: 0.109375
step: 0.0060s loss: 0.17578125
step: 0.0048s loss: 0.0419921875
step: 0.0049s loss: 0.3828125
step: 0.0060s loss: 0.2119140625
step: 0.0062s loss: 0.0625
step: 0.0049s loss: 0.138671875
step: 0.0049s loss: 0.11474609375
step: 0.0060s loss: 0.0830078125
step: 0.0060s loss: 0.1865234375
step: 0.0050s loss: 0.1435546875
step: 0.0047s loss: 0.076171875
step: 0.0060s loss: 0.04638671875
step: 0.0059s loss: 0.052734375
step: 0.0049s loss: 0.01300048828125
step: 0.0049s loss: 0.029296875
step: 0.0060s loss: 0.1259765625
step: 0.0059s loss: 0.162109375
step: 0.0062s loss: 0.0576171875
step: 0.0055s loss: 0.052001953125
step: 0.0053s loss: 0.039794921875
step: 0.0052s loss: 0.2890625
step: 0.0052s loss: 0.0211181640625
step: 0.0053s loss: 0.1513671875
step: 0.0052s loss: 0.08203125
step: 0.0052s loss: 0.201171875
step: 0.0053s loss: 0.0205078125
step: 0.0052s loss: 0.1923828125
step: 0.0052s loss: 0.05224609375
step: 0.0052s loss: 0.051025390625
step: 0.0052s loss: 0.06298828125
step: 0.0052s loss: 0.0693359375
step: 0.0052s loss: 0.2353515625
step: 0.0052s loss: 0.234375
step: 0.0052s loss: 0.33203125
step: 0.0052s loss: 0.10302734375
step: 0.0054s loss: 0.173828125
step: 0.0052s loss: 0.302734375
step: 0.0052s loss: 0.138671875
step: 0.0052s loss: 0.10498046875
step: 0.0053s loss: 0.578125
step: 0.0053s loss: 0.1181640625
step: 0.0052s loss: 0.384765625
step: 0.0053s loss: 0.05712890625
step: 0.0053s loss: 0.2578125
step: 0.0053s loss: 0.28515625
step: 0.0052s loss: 0.0703125
step: 0.0052s loss: 0.09716796875
step: 0.0053s loss: 0.10498046875
step: 0.0052s loss: 0.024169921875
step: 0.0052s loss: 0.16015625
step: 0.0052s loss: 0.1455078125
step: 0.0052s loss: 0.40234375
step: 0.0053s loss: 0.09521484375
step: 0.0052s loss: 0.060302734375
step: 0.0053s loss: 0.0294189453125
step: 0.0052s loss: 0.1240234375
step: 0.0052s loss: 0.1083984375
step: 0.0052s loss: 0.3203125
step: 0.0052s loss: 0.07177734375
step: 0.0053s loss: 0.162109375
step: 0.0053s loss: 0.0673828125
step: 0.0052s loss: 0.11083984375
step: 0.0052s loss: 0.06494140625
step: 0.0052s loss: 0.3046875
step: 0.0054s loss: 0.0625
step: 0.0053s loss: 0.0986328125
step: 0.0053s loss: 0.0625
step: 0.0052s loss: 0.189453125
step: 0.0054s loss: 0.05859375
step: 0.0052s loss: 0.1689453125
step: 0.0053s loss: 0.099609375
step: 0.0053s loss: 0.212890625
step: 0.0053s loss: 0.201171875
step: 0.0051s loss: 0.0595703125
step: 0.0053s loss: 0.059326171875
step: 0.0053s loss: 0.08447265625
step: 0.0053s loss: 0.04443359375
step: 0.0052s loss: 0.0830078125
step: 0.0053s loss: 0.30078125
step: 0.0054s loss: 0.4609375
step: 0.0053s loss: 0.173828125
step: 0.0052s loss: 0.05615234375
step: 0.0056s loss: 0.3984375
step: 0.0052s loss: 0.12255859375
step: 0.0053s loss: 0.26953125
step: 0.0052s loss: 0.064453125
step: 0.0052s loss: 0.220703125
step: 0.0052s loss: 0.0419921875
step: 0.0053s loss: 0.2041015625
step: 0.0053s loss: 0.1845703125
step: 0.0052s loss: 0.1904296875
step: 0.0052s loss: 0.036865234375
step: 0.0053s loss: 0.125
step: 0.0052s loss: 0.234375
step: 0.0052s loss: 0.11279296875
step: 0.0052s loss: 0.1298828125
step: 0.0053s loss: 0.267578125
step: 0.0052s loss: 0.140625
step: 0.0053s loss: 0.027099609375
step: 0.0052s loss: 0.109375
step: 0.0053s loss: 0.07421875
step: 0.0053s loss: 0.2021484375
step: 0.0053s loss: 0.22265625
step: 0.0053s loss: 0.134765625
step: 0.0053s loss: 0.37890625
step: 0.0053s loss: 0.015869140625
step: 0.0054s loss: 0.2109375
step: 0.0052s loss: 0.15234375
step: 0.0053s loss: 0.1640625
step: 0.0052s loss: 0.16796875
step: 0.0053s loss: 0.06298828125
step: 0.0053s loss: 0.1796875
step: 0.0054s loss: 0.052490234375
step: 0.0053s loss: 0.158203125
step: 0.0053s loss: 0.259765625
step: 0.0052s loss: 0.07861328125
step: 0.0053s loss: 0.1357421875
step: 0.0052s loss: 0.10205078125
step: 0.0054s loss: 0.3828125
step: 0.0053s loss: 0.042236328125
step: 0.0054s loss: 0.048095703125
step: 0.0052s loss: 0.158203125
step: 0.0054s loss: 0.0771484375
step: 0.0053s loss: 0.279296875
step: 0.0054s loss: 0.337890625
step: 0.0058s loss: 0.07177734375
step: 0.0053s loss: 0.08984375
step: 0.0053s loss: 0.056884765625
step: 0.0054s loss: 0.30078125
step: 0.0053s loss: 0.02490234375
step: 0.0053s loss: 0.0654296875
step: 0.0072s loss: 0.208984375
step: 0.0053s loss: 0.1640625
step: 0.0053s loss: 0.080078125
step: 0.0053s loss: 0.2490234375
step: 0.0054s loss: 0.2412109375
step: 0.0055s loss: 0.2890625
step: 0.0053s loss: 0.06494140625
step: 0.0054s loss: 0.373046875
step: 0.0053s loss: 0.1953125
step: 0.0053s loss: 0.1171875
step: 0.0052s loss: 0.10888671875
step: 0.0071s loss: 0.06982421875
step: 0.0053s loss: 0.248046875
step: 0.0053s loss: 0.162109375
step: 0.0052s loss: 0.15625
step: 0.0053s loss: 0.228515625
step: 0.0052s loss: 0.1689453125
step: 0.0053s loss: 0.14453125
step: 0.0052s loss: 0.185546875
step: 0.0053s loss: 0.09423828125
step: 0.0052s loss: 0.11962890625
step: 0.0052s loss: 0.02001953125
step: 0.0052s loss: 0.1357421875
step: 0.0054s loss: 0.03271484375
step: 0.0051s loss: 0.134765625
step: 0.0052s loss: 0.291015625
step: 0.0052s loss: 0.06884765625
step: 0.0053s loss: 0.045166015625
step: 0.0052s loss: 0.330078125
step: 0.0053s loss: 0.1328125
step: 0.0052s loss: 0.48828125
step: 0.0053s loss: 0.058837890625
step: 0.0053s loss: 0.20703125
step: 0.0053s loss: 0.00933837890625
step: 0.0052s loss: 0.068359375
step: 0.0052s loss: 0.1953125
step: 0.0053s loss: 0.26953125
step: 0.0052s loss: 0.173828125
step: 0.0052s loss: 0.02099609375
step: 0.0053s loss: 0.123046875
step: 0.0052s loss: 0.1142578125
step: 0.0052s loss: 0.2392578125
step: 0.0054s loss: 0.056396484375
step: 0.0052s loss: 0.09912109375
step: 0.0052s loss: 0.11279296875
step: 0.0053s loss: 0.1923828125
step: 0.0052s loss: 0.28515625
step: 0.0053s loss: 0.1181640625
step: 0.0053s loss: 0.0264892578125
step: 0.0053s loss: 0.06982421875
step: 0.0053s loss: 0.06494140625
step: 0.0054s loss: 0.123046875
step: 0.0053s loss: 0.1708984375
step: 0.0053s loss: 0.244140625
step: 0.0053s loss: 0.1357421875
step: 0.0052s loss: 0.107421875
step: 0.0053s loss: 0.181640625
step: 0.0053s loss: 0.0255126953125
step: 0.0054s loss: 0.0673828125
step: 0.0053s loss: 0.052978515625
step: 0.0053s loss: 0.2119140625
step: 0.0053s loss: 0.2734375
step: 0.0054s loss: 0.07861328125
step: 0.0053s loss: 0.173828125
step: 0.0053s loss: 0.5390625
step: 0.0064s loss: 0.125
step: 0.0054s loss: 0.023193359375
step: 0.0053s loss: 0.279296875
step: 0.0052s loss: 0.2734375
step: 0.0053s loss: 0.0361328125
step: 0.0054s loss: 0.2216796875
step: 0.0053s loss: 0.171875
step: 0.0053s loss: 0.224609375
step: 0.0053s loss: 0.10986328125
step: 0.0053s loss: 0.08984375
step: 0.0053s loss: 0.04443359375
step: 0.0053s loss: 0.30859375
step: 0.0053s loss: 0.10498046875
step: 0.0052s loss: 0.068359375
step: 0.0053s loss: 0.009521484375
step: 0.0052s loss: 0.037109375
step: 0.0053s loss: 0.08154296875
step: 0.0052s loss: 0.123046875
step: 0.0053s loss: 0.021240234375
step: 0.0053s loss: 0.115234375
step: 0.0053s loss: 0.0947265625
step: 0.0052s loss: 0.01470947265625
step: 0.0053s loss: 0.3203125
step: 0.0052s loss: 0.1455078125
step: 0.0053s loss: 0.42578125
step: 0.0053s loss: 0.1611328125
step: 0.0053s loss: 0.041748046875
step: 0.0052s loss: 0.2392578125
step: 0.0053s loss: 0.2275390625
step: 0.0053s loss: 0.06396484375
step: 0.0052s loss: 0.1826171875
step: 0.0053s loss: 0.146484375
step: 0.0052s loss: 0.00518798828125
step: 0.0053s loss: 0.1435546875
step: 0.0053s loss: 0.166015625
step: 0.0052s loss: 0.1572265625
step: 0.0053s loss: 0.060546875
step: 0.0052s loss: 0.064453125
step: 0.0053s loss: 0.1171875
step: 0.0052s loss: 0.25390625
step: 0.0052s loss: 0.126953125
step: 0.0053s loss: 0.060546875
step: 0.0053s loss: 0.21484375
step: 0.0052s loss: 0.09765625
step: 0.0053s loss: 0.0810546875
step: 0.0053s loss: 0.1591796875
step: 0.0052s loss: 0.126953125
step: 0.0053s loss: 0.263671875
step: 0.0053s loss: 0.012939453125
step: 0.0051s loss: 0.1123046875
step: 0.0053s loss: 0.1328125
step: 0.0053s loss: 0.0859375
step: 0.0053s loss: 0.09375
step: 0.0053s loss: 0.0712890625
step: 0.0053s loss: 0.1611328125
step: 0.0053s loss: 0.0091552734375
step: 0.0053s loss: 0.0130615234375
step: 0.0055s loss: 0.04443359375
step: 0.0053s loss: 0.111328125
step: 0.0053s loss: 0.380859375
step: 0.0053s loss: 0.138671875
step: 0.0052s loss: 0.11083984375
step: 0.0054s loss: 0.0751953125
step: 0.0053s loss: 0.06640625
step: 0.0053s loss: 0.26171875
step: 0.0053s loss: 0.0201416015625
step: 0.0053s loss: 0.140625
step: 0.0052s loss: 0.26171875
step: 0.0052s loss: 0.0458984375
step: 0.0052s loss: 0.045166015625
step: 0.0053s loss: 0.031494140625
step: 0.0055s loss: 0.16015625
step: 0.0055s loss: 0.171875
step: 0.0053s loss: 0.14453125
step: 0.0053s loss: 0.01416015625
step: 0.0053s loss: 0.466796875
step: 0.0052s loss: 0.042724609375
step: 0.0053s loss: 0.1875
step: 0.0053s loss: 0.10888671875
step: 0.0053s loss: 0.05810546875
step: 0.0053s loss: 0.0120849609375
step: 0.0053s loss: 0.115234375
step: 0.0053s loss: 0.1845703125
step: 0.0052s loss: 0.052734375
step: 0.0052s loss: 0.1640625
step: 0.0053s loss: 0.02001953125
step: 0.0053s loss: 0.07080078125
step: 0.0053s loss: 0.03515625
step: 0.0054s loss: 0.2197265625
step: 0.0053s loss: 0.1796875
step: 0.0053s loss: 0.0947265625
step: 0.0053s loss: 0.103515625
step: 0.0053s loss: 0.2001953125
step: 0.0054s loss: 0.052978515625
step: 0.0053s loss: 0.047119140625
step: 0.0053s loss: 0.259765625
step: 0.0053s loss: 0.0283203125
step: 0.0053s loss: 0.30078125
step: 0.0053s loss: 0.02734375
step: 0.0053s loss: 0.064453125
step: 0.0054s loss: 0.2412109375
step: 0.0054s loss: 0.038330078125
step: 0.0060s loss: 0.0693359375
step: 0.0054s loss: 0.33203125
step: 0.0053s loss: 0.0087890625
step: 0.0053s loss: 0.10693359375
step: 0.0053s loss: 0.208984375
step: 0.0053s loss: 0.16796875
step: 0.0054s loss: 0.037109375
step: 0.0053s loss: 0.26171875
step: 0.0054s loss: 0.0267333984375
step: 0.0053s loss: 0.1572265625
step: 0.0053s loss: 0.032470703125
step: 0.0053s loss: 0.18359375
step: 0.0053s loss: 0.1484375
step: 0.0053s loss: 0.4296875
step: 0.0053s loss: 0.08544921875
step: 0.0054s loss: 0.0311279296875
step: 0.0053s loss: 0.0556640625
step: 0.0052s loss: 0.10400390625
step: 0.0053s loss: 0.020263671875
step: 0.0053s loss: 0.193359375
step: 0.0054s loss: 0.06201171875
step: 0.0053s loss: 0.03662109375
step: 0.0053s loss: 0.12890625
step: 0.0055s loss: 0.166015625
step: 0.0054s loss: 0.357421875
step: 0.0053s loss: 0.23828125
step: 0.0053s loss: 0.126953125
step: 0.0055s loss: 0.28515625
step: 0.0053s loss: 0.158203125
step: 0.0054s loss: 0.002410888671875
step: 0.0053s loss: 0.52734375
step: 0.0053s loss: 0.0546875
step: 0.0053s loss: 0.2060546875
step: 0.0054s loss: 0.0634765625
step: 0.0053s loss: 0.1669921875
step: 0.0053s loss: 0.134765625
step: 0.0053s loss: 0.1640625
step: 0.0053s loss: 0.10546875
step: 0.0053s loss: 0.40625
step: 0.0053s loss: 0.1953125
step: 0.0054s loss: 0.142578125
step: 0.0053s loss: 0.1357421875
step: 0.0067s loss: 0.15234375
step: 0.0054s loss: 0.310546875
step: 0.0053s loss: 0.06005859375
step: 0.0054s loss: 0.07666015625
step: 0.0053s loss: 0.208984375
step: 0.0054s loss: 0.076171875
step: 0.0054s loss: 0.028076171875
step: 0.0053s loss: 0.021240234375
step: 0.0054s loss: 0.0830078125
step: 0.0053s loss: 0.2060546875
step: 0.0054s loss: 0.0810546875
step: 0.0053s loss: 0.007080078125
step: 0.0056s loss: 0.2197265625
step: 0.0054s loss: 0.056640625
step: 0.0054s loss: 0.083984375
step: 0.0053s loss: 0.130859375
step: 0.0054s loss: 0.07470703125
step: 0.0053s loss: 0.478515625
step: 0.0052s loss: 0.177734375
step: 0.0054s loss: 0.1123046875
step: 0.0052s loss: 0.22265625
step: 0.0054s loss: 0.12158203125
step: 0.0054s loss: 0.21484375
step: 0.0054s loss: 0.07470703125
step: 0.0056s loss: 0.0986328125
step: 0.0053s loss: 0.23828125
step: 0.0054s loss: 0.04052734375
step: 0.0053s loss: 0.1650390625
step: 0.0053s loss: 0.34375
step: 0.0053s loss: 0.2001953125
step: 0.0054s loss: 0.244140625
step: 0.0053s loss: 0.28125
step: 0.0053s loss: 0.08740234375
step: 0.0053s loss: 0.0111083984375
step: 0.0054s loss: 0.212890625
step: 0.0055s loss: 0.1806640625
step: 0.0053s loss: 0.16015625
step: 0.0054s loss: 0.0400390625
step: 0.0054s loss: 0.1279296875
step: 0.0052s loss: 0.25
step: 0.0054s loss: 0.05810546875
step: 0.0056s loss: 0.0908203125
step: 0.0054s loss: 0.032470703125
step: 0.0053s loss: 0.21875
step: 0.0056s loss: 0.010986328125
step: 0.0053s loss: 0.353515625
step: 0.0054s loss: 0.166015625
step: 0.0053s loss: 0.13671875
step: 0.0053s loss: 0.1123046875
step: 0.0053s loss: 0.12353515625
step: 0.0053s loss: 0.2236328125
step: 0.0054s loss: 0.177734375
step: 0.0053s loss: 0.37109375
step: 0.0053s loss: 0.008544921875
step: 0.0062s loss: 0.3359375
step: 0.0052s loss: 0.035888671875
step: 0.0053s loss: 0.08056640625
step: 0.0053s loss: 0.025634765625
step: 0.0054s loss: 0.041015625
step: 0.0053s loss: 0.1923828125
step: 0.0053s loss: 0.16796875
step: 0.0053s loss: 0.205078125
step: 0.0053s loss: 0.050537109375
step: 0.0053s loss: 0.263671875
step: 0.0054s loss: 0.00836181640625
step: 0.0054s loss: 0.03466796875
step: 0.0053s loss: 0.134765625
step: 0.0055s loss: 0.255859375
step: 0.0054s loss: 0.12255859375
step: 0.0053s loss: 0.0272216796875
step: 0.0053s loss: 0.310546875
step: 0.0053s loss: 0.0223388671875
step: 0.0053s loss: 0.04052734375
step: 0.0053s loss: 0.06494140625
step: 0.0053s loss: 0.03271484375
step: 0.0053s loss: 0.05078125
step: 0.0053s loss: 0.09619140625
step: 0.0053s loss: 0.2373046875
step: 0.0054s loss: 0.0888671875
step: 0.0053s loss: 0.05322265625
step: 0.0053s loss: 0.0118408203125
step: 0.0054s loss: 0.0712890625
step: 0.0054s loss: 0.0106201171875
step: 0.0053s loss: 0.0830078125
step: 0.0054s loss: 0.04931640625
step: 0.0053s loss: 0.1513671875
step: 0.0054s loss: 0.169921875
step: 0.0053s loss: 0.4296875
step: 0.0053s loss: 0.02392578125
step: 0.0053s loss: 0.185546875
step: 0.0053s loss: 0.2158203125
step: 0.0053s loss: 0.1640625
step: 0.0054s loss: 0.08349609375
step: 0.0053s loss: 0.06005859375
step: 0.0054s loss: 0.06494140625
step: 0.0052s loss: 0.20703125
step: 0.0053s loss: 0.028076171875
step: 0.0053s loss: 0.01220703125
step: 0.0053s loss: 0.1630859375
step: 0.0052s loss: 0.1748046875
step: 0.0053s loss: 0.13671875
step: 0.0053s loss: 0.09716796875
step: 0.0053s loss: 0.1796875
step: 0.0054s loss: 0.03125
step: 0.0053s loss: 0.06982421875
step: 0.0054s loss: 0.212890625
step: 0.0055s loss: 0.0703125
step: 0.0054s loss: 0.1650390625
step: 0.0053s loss: 0.162109375
step: 0.0053s loss: 0.421875
step: 0.0054s loss: 0.150390625
step: 0.0054s loss: 0.3671875
step: 0.0054s loss: 0.08056640625
step: 0.0054s loss: 0.298828125
step: 0.0054s loss: 0.28515625
step: 0.0055s loss: 0.0751953125
step: 0.0054s loss: 0.373046875
step: 0.0053s loss: 0.00775146484375
step: 0.0053s loss: 0.1025390625
step: 0.0053s loss: 0.05078125
step: 0.0053s loss: 0.0198974609375
step: 0.0053s loss: 0.263671875
step: 0.0053s loss: 0.04931640625
step: 0.0052s loss: 0.09033203125
step: 0.0052s loss: 0.07666015625
step: 0.0053s loss: 0.0419921875
step: 0.0054s loss: 0.365234375
step: 0.0052s loss: 0.0279541015625
step: 0.0053s loss: 0.2119140625
step: 0.0053s loss: 0.046875
step: 0.0053s loss: 0.119140625
step: 0.0053s loss: 0.016357421875
step: 0.0053s loss: 0.0986328125
step: 0.0053s loss: 0.0576171875
step: 0.0053s loss: 0.0286865234375
step: 0.0053s loss: 0.015380859375
step: 0.0054s loss: 0.1123046875
step: 0.0053s loss: 0.0595703125
step: 0.0111s loss: 0.038330078125
step: 0.0054s loss: 0.00738525390625
step: 0.0053s loss: 0.2275390625
step: 0.0057s loss: 0.263671875
step: 0.0057s loss: 0.0830078125
step: 0.0057s loss: 0.1865234375
step: 0.0053s loss: 0.328125
step: 0.0057s loss: 0.06396484375
step: 0.0056s loss: 0.138671875
step: 0.0054s loss: 0.09619140625
step: 0.0053s loss: 0.0203857421875
step: 0.0053s loss: 0.130859375
step: 0.0054s loss: 0.0986328125
step: 0.0054s loss: 0.0830078125
step: 0.0054s loss: 0.03271484375
step: 0.0054s loss: 0.205078125
step: 0.0054s loss: 0.09326171875
step: 0.0059s loss: 0.228515625
step: 0.0054s loss: 0.2255859375
step: 0.0055s loss: 0.2275390625
step: 0.0053s loss: 0.12109375
step: 0.0056s loss: 0.33203125
step: 0.0056s loss: 0.010009765625
step: 0.0053s loss: 0.0098876953125
step: 0.0054s loss: 0.140625
step: 0.0055s loss: 0.0625
step: 0.0054s loss: 0.142578125
step: 0.0053s loss: 0.0625
step: 0.0055s loss: 0.08349609375
step: 0.0054s loss: 0.06005859375
step: 0.0056s loss: 0.6484375
step: 0.0054s loss: 0.018310546875
step: 0.0055s loss: 0.059326171875
step: 0.0054s loss: 0.062255859375
step: 0.0056s loss: 0.06103515625
step: 0.0054s loss: 0.46484375
step: 0.0056s loss: 0.010986328125
step: 0.0055s loss: 0.16015625
step: 0.0053s loss: 0.1015625
step: 0.0054s loss: 0.08203125
step: 0.0056s loss: 0.25
step: 0.0053s loss: 0.1669921875
step: 0.0056s loss: 0.30078125
step: 0.0054s loss: 0.193359375
step: 0.0054s loss: 0.12353515625
step: 0.0054s loss: 0.267578125
step: 0.0064s loss: 0.006744384765625
step: 0.0053s loss: 0.0224609375
step: 0.0053s loss: 0.1484375
step: 0.0054s loss: 0.01025390625
step: 0.0054s loss: 0.0625
step: 0.0053s loss: 0.04736328125
step: 0.0054s loss: 0.0732421875
step: 0.0054s loss: 0.08154296875
step: 0.0054s loss: 0.2890625
step: 0.0054s loss: 0.2060546875
step: 0.0054s loss: 0.08154296875
step: 0.0054s loss: 0.021240234375
step: 0.0054s loss: 0.1552734375
step: 0.0053s loss: 0.255859375
step: 0.0053s loss: 0.09228515625
step: 0.0054s loss: 0.0625
step: 0.0053s loss: 0.10791015625
step: 0.0054s loss: 0.1826171875
step: 0.0053s loss: 0.16796875
step: 0.0053s loss: 0.02392578125
step: 0.0054s loss: 0.042724609375
step: 0.0053s loss: 0.189453125
step: 0.0055s loss: 0.042236328125
step: 0.0054s loss: 0.2490234375
step: 0.0054s loss: 0.0595703125
step: 0.0054s loss: 0.0791015625
step: 0.0055s loss: 0.03125
step: 0.0053s loss: 0.11083984375
step: 0.0054s loss: 0.0791015625
step: 0.0054s loss: 0.294921875
step: 0.0055s loss: 0.20703125
step: 0.0054s loss: 0.48046875
step: 0.0054s loss: 0.05615234375
step: 0.0055s loss: 0.050048828125
step: 0.0055s loss: 0.208984375
step: 0.0054s loss: 0.0478515625
step: 0.0055s loss: 0.1044921875
step: 0.0055s loss: 0.011962890625
step: 0.0055s loss: 0.022705078125
step: 0.0055s loss: 0.376953125
step: 0.0054s loss: 0.1982421875
step: 0.0055s loss: 0.0220947265625
step: 0.0055s loss: 0.1591796875
step: 0.0054s loss: 0.296875
step: 0.0055s loss: 0.1220703125
step: 0.0055s loss: 0.302734375
step: 0.0058s loss: 0.01220703125
step: 0.0054s loss: 0.171875
step: 0.0054s loss: 0.0537109375
step: 0.0055s loss: 0.091796875
step: 0.0054s loss: 0.1103515625
step: 0.0054s loss: 0.043701171875
step: 0.0054s loss: 0.2294921875
step: 0.0054s loss: 0.103515625
step: 0.0054s loss: 0.142578125
step: 0.0054s loss: 0.01446533203125
step: 0.0054s loss: 0.1318359375
step: 0.0054s loss: 0.26953125
step: 0.0054s loss: 0.435546875
step: 0.0054s loss: 0.12451171875
step: 0.0054s loss: 0.16796875
step: 0.0054s loss: 0.047607421875
step: 0.0053s loss: 0.01019287109375
step: 0.0054s loss: 0.1611328125
step: 0.0070s loss: 0.03173828125
step: 0.0052s loss: 0.134765625
step: 0.0053s loss: 0.1796875
step: 0.0054s loss: 0.10302734375
step: 0.0056s loss: 0.248046875
step: 0.0053s loss: 0.0380859375
step: 0.0055s loss: 0.1376953125
step: 0.0053s loss: 0.1513671875
step: 0.0053s loss: 0.25
step: 0.0054s loss: 0.039306640625
step: 0.0054s loss: 0.042724609375
step: 0.0055s loss: 0.1806640625
step: 0.0054s loss: 0.16015625
step: 0.0054s loss: 0.06689453125
step: 0.0054s loss: 0.20703125
step: 0.0053s loss: 0.036865234375
step: 0.0054s loss: 0.3671875
step: 0.0053s loss: 0.140625
step: 0.0054s loss: 0.05078125
step: 0.0053s loss: 0.049072265625
step: 0.0057s loss: 0.01141357421875
step: 0.0054s loss: 0.255859375
step: 0.0056s loss: 0.00799560546875
step: 0.0053s loss: 0.2001953125
step: 0.0054s loss: 0.1640625
step: 0.0054s loss: 0.036376953125
step: 0.0054s loss: 0.296875
step: 0.0054s loss: 0.037109375
step: 0.0053s loss: 0.0712890625
step: 0.0053s loss: 0.09814453125
step: 0.0055s loss: 0.00823974609375
step: 0.0053s loss: 0.054443359375
step: 0.0054s loss: 0.06884765625
step: 0.0054s loss: 0.09912109375
step: 0.0054s loss: 0.26953125
step: 0.0053s loss: 0.423828125
step: 0.0054s loss: 0.09716796875
step: 0.0053s loss: 0.022216796875
step: 0.0054s loss: 0.0986328125
step: 0.0053s loss: 0.09033203125
step: 0.0055s loss: 0.09326171875
step: 0.0054s loss: 0.2119140625
step: 0.0053s loss: 0.0673828125
step: 0.0054s loss: 0.0859375
step: 0.0054s loss: 0.0322265625
step: 0.0054s loss: 0.07421875
step: 0.0054s loss: 0.1181640625
step: 0.0054s loss: 0.017578125
step: 0.0055s loss: 0.062255859375
step: 0.0054s loss: 0.166015625
step: 0.0054s loss: 0.049560546875
step: 0.0052s loss: 0.0947265625
step: 0.0053s loss: 0.04443359375
step: 0.0054s loss: 0.2314453125
step: 0.0054s loss: 0.0830078125
step: 0.0053s loss: 0.07080078125
step: 0.0055s loss: 0.1513671875
step: 0.0053s loss: 0.0654296875
step: 0.0055s loss: 0.380859375
step: 0.0054s loss: 0.1435546875
step: 0.0073s loss: 0.062255859375
step: 0.0052s loss: 0.17578125
step: 0.0054s loss: 0.034912109375
step: 0.0054s loss: 0.022216796875
step: 0.0054s loss: 0.171875
step: 0.0053s loss: 0.158203125
step: 0.0053s loss: 0.0072021484375
step: 0.0054s loss: 0.03662109375
step: 0.0053s loss: 0.19921875
step: 0.0053s loss: 0.0869140625
step: 0.0054s loss: 0.115234375
step: 0.0054s loss: 0.208984375
step: 0.0055s loss: 0.0019378662109375
step: 0.0054s loss: 0.07568359375
step: 0.0054s loss: 0.10986328125
step: 0.0054s loss: 0.1103515625
step: 0.0053s loss: 0.11669921875
step: 0.0053s loss: 0.00384521484375
step: 0.0054s loss: 0.04150390625
step: 0.0055s loss: 0.020751953125
step: 0.0055s loss: 0.064453125
step: 0.0055s loss: 0.0057373046875
step: 0.0054s loss: 0.125
step: 0.0054s loss: 0.038330078125
step: 0.0054s loss: 0.1923828125
step: 0.0054s loss: 0.08740234375
step: 0.0054s loss: 0.0595703125
step: 0.0053s loss: 0.007598876953125
step: 0.0054s loss: 0.134765625
step: 0.0057s loss: 0.0072021484375
step: 0.0055s loss: 0.003814697265625
step: 0.0057s loss: 0.13671875
step: 0.0053s loss: 0.375
step: 0.0055s loss: 0.0556640625
step: 0.0054s loss: 0.030517578125
step: 0.0054s loss: 0.01953125
step: 0.0055s loss: 0.004364013671875
step: 0.0053s loss: 0.07568359375
step: 0.0054s loss: 0.248046875
step: 0.0059s loss: 0.4296875
step: 0.0056s loss: 0.0142822265625
step: 0.0054s loss: 0.1650390625
step: 0.0055s loss: 0.169921875
step: 0.0054s loss: 0.1748046875
step: 0.0053s loss: 0.15234375
step: 0.0056s loss: 0.19140625
step: 0.0055s loss: 0.322265625
step: 0.0055s loss: 0.0703125
step: 0.0054s loss: 0.1044921875
step: 0.0055s loss: 0.0390625
step: 0.0055s loss: 0.3046875
step: 0.0054s loss: 0.0255126953125
step: 0.0057s loss: 0.044677734375
step: 0.0061s loss: 0.138671875
step: 0.0056s loss: 0.0869140625
step: 0.0055s loss: 0.162109375
step: 0.0055s loss: 0.146484375
step: 0.0054s loss: 0.2021484375
step: 0.0055s loss: 0.12060546875
step: 0.0055s loss: 0.111328125
step: 0.0055s loss: 0.140625
step: 0.0055s loss: 0.296875
step: 0.0054s loss: 0.02490234375
step: 0.0055s loss: 0.251953125
step: 0.0054s loss: 0.056884765625
step: 0.0054s loss: 0.1103515625
step: 0.0055s loss: 0.0673828125
step: 0.0055s loss: 0.064453125
step: 0.0056s loss: 0.016845703125
step: 0.0055s loss: 0.0859375
step: 0.0055s loss: 0.1513671875
step: 0.0054s loss: 0.07666015625
step: 0.0054s loss: 0.03466796875
step: 0.0055s loss: 0.06884765625
step: 0.0054s loss: 0.030029296875
step: 0.0054s loss: 0.10888671875
step: 0.0055s loss: 0.2177734375
step: 0.0054s loss: 0.051025390625
step: 0.0055s loss: 0.119140625
step: 0.0054s loss: 0.419921875
step: 0.0055s loss: 0.0076904296875
step: 0.0054s loss: 0.17578125
step: 0.0054s loss: 0.146484375
step: 0.0055s loss: 0.1064453125
step: 0.0054s loss: 0.337890625
step: 0.0055s loss: 0.07275390625
step: 0.0054s loss: 0.1962890625
step: 0.0054s loss: 0.17578125
step: 0.0055s loss: 0.02490234375
step: 0.0055s loss: 0.07470703125
step: 0.0055s loss: 0.0098876953125
step: 0.0054s loss: 0.053955078125
step: 0.0055s loss: 0.103515625
step: 0.0055s loss: 0.138671875
step: 0.0055s loss: 0.12353515625
step: 0.0056s loss: 0.10986328125
step: 0.0055s loss: 0.04052734375
step: 0.0055s loss: 0.0234375
step: 0.0055s loss: 0.05126953125
step: 0.0055s loss: 0.08251953125
step: 0.0055s loss: 0.185546875
step: 0.0055s loss: 0.09375
step: 0.0055s loss: 0.016357421875
step: 0.0058s loss: 0.11767578125
step: 0.0055s loss: 0.0152587890625
step: 0.0054s loss: 0.1806640625
step: 0.0054s loss: 0.0830078125
step: 0.0055s loss: 0.045166015625
step: 0.0055s loss: 0.0849609375
step: 0.0055s loss: 0.048828125
step: 0.0054s loss: 0.0341796875
step: 0.0055s loss: 0.059326171875
step: 0.0055s loss: 0.0341796875
step: 0.0055s loss: 0.1796875
step: 0.0054s loss: 0.45703125
step: 0.0053s loss: 0.010986328125
step: 0.0055s loss: 0.0791015625
step: 0.0054s loss: 0.015869140625
step: 0.0055s loss: 0.046142578125
step: 0.0055s loss: 0.018310546875
step: 0.0057s loss: 0.018310546875
step: 0.0055s loss: 0.022216796875
step: 0.0055s loss: 0.1728515625
step: 0.0054s loss: 0.259765625
step: 0.0055s loss: 0.150390625
step: 0.0054s loss: 0.0252685546875
step: 0.0055s loss: 0.019775390625
step: 0.0055s loss: 0.1220703125
step: 0.0055s loss: 0.0732421875
step: 0.0053s loss: 0.07373046875
step: 0.0055s loss: 0.020263671875
step: 0.0055s loss: 0.047607421875
step: 0.0054s loss: 0.1640625
step: 0.0055s loss: 0.06884765625
step: 0.0053s loss: 0.0341796875
step: 0.0054s loss: 0.016357421875
step: 0.0055s loss: 0.052490234375
step: 0.0054s loss: 0.2490234375
step: 0.0054s loss: 0.05517578125
step: 0.0064s loss: 0.06591796875
step: 0.0055s loss: 0.08740234375
step: 0.0055s loss: 0.0751953125
step: 0.0055s loss: 0.003387451171875
step: 0.0056s loss: 0.009765625
step: 0.0054s loss: 0.19921875
step: 0.0054s loss: 0.203125
step: 0.0054s loss: 0.078125
step: 0.0054s loss: 0.033203125
step: 0.0054s loss: 0.09765625
step: 0.0055s loss: 0.1376953125
step: 0.0054s loss: 0.109375
step: 0.0053s loss: 0.05224609375
step: 0.0059s loss: 0.060546875
step: 0.0054s loss: 0.40234375
step: 0.0054s loss: 0.00121307373046875
step: 0.0055s loss: 0.05126953125
step: 0.0055s loss: 0.15625
step: 0.0054s loss: 0.01080322265625
step: 0.0055s loss: 0.03125
step: 0.0055s loss: 0.21484375
step: 0.0055s loss: 0.22265625
step: 0.0055s loss: 0.212890625
step: 0.0054s loss: 0.10546875
step: 0.0056s loss: 0.2001953125
step: 0.0056s loss: 0.0869140625
step: 0.0055s loss: 0.1025390625
step: 0.0057s loss: 0.28125
step: 0.0051s loss: 0.06640625
step: 0.0048s loss: 0.020263671875
step: 0.0051s loss: 0.49609375
step: 0.0052s loss: 0.259765625
step: 0.0062s loss: 0.12890625
step: 0.0055s loss: 0.1279296875
step: 0.0050s loss: 0.15234375
step: 0.0051s loss: 0.267578125
step: 0.0051s loss: 0.119140625
step: 0.0051s loss: 0.03662109375
step: 0.0049s loss: 0.255859375
step: 0.0050s loss: 0.12451171875
step: 0.0051s loss: 0.3046875
step: 0.0050s loss: 0.1923828125
step: 0.0052s loss: 0.345703125
step: 0.0052s loss: 0.0322265625
step: 0.0051s loss: 0.2314453125
step: 0.0051s loss: 0.06201171875
step: 0.0051s loss: 0.109375
step: 0.0052s loss: 0.291015625
step: 0.0049s loss: 0.0191650390625
step: 0.0051s loss: 0.1484375
step: 0.0048s loss: 0.064453125
step: 0.0052s loss: 0.060791015625
step: 0.0050s loss: 0.0849609375
step: 0.0050s loss: 0.051513671875
step: 0.0051s loss: 0.020263671875
step: 0.0049s loss: 0.1640625
step: 0.0051s loss: 0.25
step: 0.0050s loss: 0.265625
step: 0.0050s loss: 0.01953125
step: 0.0052s loss: 0.064453125
step: 0.0051s loss: 0.02587890625
step: 0.0051s loss: 0.0859375
step: 0.0050s loss: 0.2333984375
step: 0.0051s loss: 0.043701171875
step: 0.0049s loss: 0.25
step: 0.0050s loss: 0.275390625
step: 0.0050s loss: 0.09423828125
step: 0.0052s loss: 0.06689453125
step: 0.0051s loss: 0.0478515625
step: 0.0050s loss: 0.25
step: 0.0048s loss: 0.03125
step: 0.0052s loss: 0.12890625
step: 0.0051s loss: 0.259765625
step: 0.0048s loss: 0.0074462890625
step: 0.0050s loss: 0.0245361328125
step: 0.0052s loss: 0.2431640625
step: 0.0051s loss: 0.0189208984375
step: 0.0051s loss: 0.1357421875
step: 0.0050s loss: 0.1728515625
step: 0.0052s loss: 0.2890625
step: 0.0051s loss: 0.011474609375
step: 0.0051s loss: 0.65234375
step: 0.0051s loss: 0.03173828125
step: 0.0049s loss: 0.166015625
step: 0.0049s loss: 0.028564453125
step: 0.0051s loss: 0.1162109375
step: 0.0052s loss: 0.10986328125
step: 0.0052s loss: 0.1337890625
step: 0.0051s loss: 0.1455078125
step: 0.0051s loss: 0.16015625
step: 0.0051s loss: 0.09521484375
step: 0.0052s loss: 0.11474609375
step: 0.0051s loss: 0.23828125
step: 0.0050s loss: 0.115234375
step: 0.0051s loss: 0.068359375
step: 0.0052s loss: 0.0654296875
step: 0.0049s loss: 0.1181640625
step: 0.0052s loss: 0.024169921875
step: 0.0048s loss: 0.0751953125
step: 0.0052s loss: 0.06640625
step: 0.0049s loss: 0.490234375
step: 0.0052s loss: 0.0079345703125
step: 0.0049s loss: 0.06591796875
step: 0.0051s loss: 0.294921875
step: 0.0051s loss: 0.283203125
step: 0.0051s loss: 0.0289306640625
step: 0.0051s loss: 0.1123046875
step: 0.0052s loss: 0.06982421875
step: 0.0051s loss: 0.0927734375
step: 0.0051s loss: 0.138671875
step: 0.0051s loss: 0.017578125
step: 0.0052s loss: 0.02197265625
step: 0.0049s loss: 0.07568359375
step: 0.0051s loss: 0.189453125
step: 0.0050s loss: 0.14453125
step: 0.0050s loss: 0.048828125
step: 0.0050s loss: 0.140625
step: 0.0051s loss: 0.0634765625
step: 0.0051s loss: 0.020751953125
step: 0.0052s loss: 0.048828125
step: 0.0050s loss: 0.2255859375
step: 0.0051s loss: 0.002899169921875
step: 0.0050s loss: 0.0263671875
step: 0.0051s loss: 0.3203125
step: 0.0051s loss: 0.119140625
step: 0.0051s loss: 0.0166015625
step: 0.0051s loss: 0.00823974609375
step: 0.0051s loss: 0.4296875
step: 0.0051s loss: 0.0625
step: 0.0049s loss: 0.0234375
step: 0.0048s loss: 0.01312255859375
step: 0.0052s loss: 0.0289306640625
step: 0.0051s loss: 0.1201171875
step: 0.0050s loss: 0.020751953125
step: 0.0049s loss: 0.042724609375
step: 0.0052s loss: 0.00860595703125
step: 0.0049s loss: 0.030029296875
step: 0.0051s loss: 0.0927734375
step: 0.0051s loss: 0.004913330078125
step: 0.0050s loss: 0.08154296875
step: 0.0051s loss: 0.0400390625
step: 0.0051s loss: 0.1552734375
step: 0.0050s loss: 0.050537109375
step: 0.0052s loss: 0.0810546875
step: 0.0049s loss: 0.126953125
step: 0.0050s loss: 0.0203857421875
step: 0.0050s loss: 0.05908203125
step: 0.0052s loss: 0.1328125
step: 0.0051s loss: 0.205078125
step: 0.0051s loss: 0.035400390625
step: 0.0050s loss: 0.09765625
step: 0.0049s loss: 0.032470703125
step: 0.0050s loss: 0.064453125
step: 0.0049s loss: 0.1572265625
step: 0.0049s loss: 0.05078125
step: 0.0049s loss: 0.234375
step: 0.0049s loss: 0.10986328125
step: 0.0047s loss: 0.0286865234375
all: 12.4309s 
2026-05-25 12:31:10.377 | info     |    BuildKernels | JIT cache stats: 24/24 hits (100.0%) [24 cached, 2 build-once dedup, 0 merged artifacts, 0 merged genfiles] (build_cache_telemetry.cpp:207)
2026-05-25 12:31:10.377 | info     |    BuildKernels | JIT telemetry: 3 registered TelemetryTokens (build_cache_telemetry.cpp:230)
2026-05-25 12:31:10.377 | info     |    BuildKernels | JIT telemetry [dependencies_up_to_date]: count=48, total=48.338ms, min=0.015ms, max=4.378ms, mean=1.007ms (build_cache_telemetry.cpp:246)
2026-05-25 12:31:10.377 | info     |    BuildKernels | JIT telemetry [JitBuildState::build]: count=24, total=49.647ms, min=0.583ms, max=4.620ms, mean=2.069ms (build_cache_telemetry.cpp:246)
2026-05-25 12:31:10.377 | info     |    BuildKernels | JIT telemetry [jit_build]: count=24, total=50.354ms, min=0.593ms, max=4.639ms, mean=2.098ms (build_cache_telemetry.cpp:246)
2026-05-25 12:31:10.382 | info     |          Device | Closing user mode device drivers (tt_cluster.cpp:490)
2026-05-25 12:31:10.382 | info     |             UMD | Closing devices in cluster (cluster.cpp:961)
