2026-05-25 12:31:40.010 | info     |             UMD | Creating TopologyDiscovery for architecture: wormhole_b0 (topology_discovery.cpp:72)
2026-05-25 12:31:40.012 | info     |             UMD | Established firmware bundle version: 19.6.0 (topology_discovery.cpp:461)
2026-05-25 12:31:40.012 | info     |             UMD | Firmware bundle version 19.6.0 on the system is newer than the latest fully tested version 19.5.0 for wormhole_b0 architecture. Newest features may not be supported. (topology_discovery.cpp:493)
2026-05-25 12:31:40.026 | info     |          Device | Opening user mode device driver (tt_cluster.cpp:224)
2026-05-25 12:31:40.026 | info     |             UMD | Creating TopologyDiscovery for architecture: wormhole_b0 (topology_discovery.cpp:72)
2026-05-25 12:31:40.027 | info     |             UMD | Established firmware bundle version: 19.6.0 (topology_discovery.cpp:461)
2026-05-25 12:31:40.027 | info     |             UMD | Firmware bundle version 19.6.0 on the system is newer than the latest fully tested version 19.5.0 for wormhole_b0 architecture. Newest features may not be supported. (topology_discovery.cpp:493)
2026-05-25 12:31:40.042 | info     |             UMD | Harvesting masks for Chip 0: Tensix: 0x201 DRAM: 0x0 ETH: 0x0 PCIe: 0x0 L2CPU: 0x0 (cluster.cpp:283)
2026-05-25 12:31:40.087 | info     |             UMD | Harvesting masks for Chip 1: Tensix: 0x300 DRAM: 0x0 ETH: 0x0 PCIe: 0x0 L2CPU: 0x0 (cluster.cpp:283)
2026-05-25 12:31:40.092 | info     |             UMD | Opening local chip ids/PCIe ids: {0}/[0] and remote chip ids {1} (cluster.cpp:183)
2026-05-25 12:31:40.092 | info     |             UMD | IOMMU: disabled (cluster.cpp:157)
2026-05-25 12:31:40.092 | info     |             UMD | KMD version: 2.8.0 (cluster.cpp:160)
2026-05-25 12:31:40.093 | info     |             UMD | Starting devices in cluster (cluster.cpp:949)
2026-05-25 12:31:40.094 | info     |             UMD | Mapped hugepage 0x300000000 to NOC address 0x800000000 (silicon_sysmem_manager.cpp:262)
2026-05-25 12:31:40.095 | info     |             UMD | Mapped hugepage 0x2c0000000 to NOC address 0x840000000 (silicon_sysmem_manager.cpp:262)
2026-05-25 12:31:40.158 | info     |     Distributed | Using auto discovery to generate mesh graph. (metal_env.cpp:332)
2026-05-25 12:31:40.158 | info     |     Distributed | Constructing control plane using auto-discovery (no mesh graph descriptor). (metal_env.cpp:394)
2026-05-25 12:31:40.159 | info     |             UMD | Creating TopologyDiscovery for architecture: wormhole_b0 (topology_discovery.cpp:72)
2026-05-25 12:31:40.160 | info     |             UMD | Established firmware bundle version: 19.6.0 (topology_discovery.cpp:461)
2026-05-25 12:31:40.160 | info     |             UMD | Firmware bundle version 19.6.0 on the system is newer than the latest fully tested version 19.5.0 for wormhole_b0 architecture. Newest features may not be supported. (topology_discovery.cpp:493)
2026-05-25 12:31:40.171 | info     |          Fabric | TopologyMapper: Logical Multi-Mesh Adjacency Map: (topology_mapper.cpp:1474)
2026-05-25 12:31:40.171 | info     |          Fabric | 
=== Logical Mesh-Level Graph Adjacency Map ===
Total nodes: 1
Degree histogram: {0:1}
 (topology_solver.tpp:91)
2026-05-25 12:31:40.171 | info     |          Fabric | 
=== Logical Mesh 0 Internal Graph Adjacency Map ===
Total nodes: 2
Degree histogram: {1:2}
 (topology_solver.tpp:91)
2026-05-25 12:31:40.171 | info     |          Fabric | TopologyMapper: Physical Multi-Mesh Adjacency Map: (topology_mapper.cpp:1485)
2026-05-25 12:31:40.171 | info     |          Fabric | 
=== Physical Mesh-Level Graph Adjacency Map ===
Total nodes: 1
Degree histogram: {0:1}
 (topology_solver.tpp:91)
2026-05-25 12:31:40.171 | info     |          Fabric | 
=== Physical Mesh 0 Internal Graph Adjacency Map ===
Total nodes: 2
Degree histogram: {1:2}
 (topology_solver.tpp:91)
2026-05-25 12:31:40.171 | info     |          Fabric | Starting multi-mesh mapping: 1 logical mesh(es) to 1 physical mesh(es) (topology_mapper_utils.cpp:1469)
2026-05-25 12:31:40.171 | info     |          Fabric | Multi-mesh mapping attempt 1/2: Trying inter-mesh mapping (topology_mapper_utils.cpp:1510)
2026-05-25 12:31:40.171 | info     |          Fabric | Attempt 1: Inter-mesh mapping succeeded, found 1 mesh pair(s) (topology_mapper_utils.cpp:1539)
2026-05-25 12:31:40.171 | info     |          Fabric | Attempt 1: Mapping 1 mesh pair(s) (topology_mapper_utils.cpp:1547)
2026-05-25 12:31:40.171 | info     |          Fabric | Attempt 1: Mapping mesh 0 -> 0 (topology_mapper_utils.cpp:1554)
2026-05-25 12:31:40.171 | info     |          Fabric | Multi-mesh mapping succeeded after 1 attempt(s): 1 mesh pair(s) mapped (topology_mapper_utils.cpp:1686)
2026-05-25 12:31:40.179 | info     |    BuildKernels | Using pre-compiled firmware from: /home/delaunap/workspace/.venv/lib/python3.12/site-packages/pjrt_plugin_tt/tt-metal/tt_metal/pre-compiled/6481459055998014514/ (build_env_manager.cpp:259)
2026-05-25 12:31:40.179 | info     |    BuildKernels | Using pre-compiled firmware from: /home/delaunap/workspace/.venv/lib/python3.12/site-packages/pjrt_plugin_tt/tt-metal/tt_metal/pre-compiled/6481459055998014514/ (build_env_manager.cpp:259)
2026-05-25 12:31:40.235 | info     |           Metal | Fabric config changed from FabricConfig::DISABLED to FabricConfig::FABRIC_1D, reinitializing control plane (metal_env.cpp:257)
2026-05-25 12:31:40.235 | info     |     Distributed | Using auto discovery to generate mesh graph. (metal_env.cpp:332)
2026-05-25 12:31:40.235 | info     |     Distributed | Constructing control plane using auto-discovery (no mesh graph descriptor). (metal_env.cpp:394)
2026-05-25 12:31:40.235 | info     |             UMD | Creating TopologyDiscovery for architecture: wormhole_b0 (topology_discovery.cpp:72)
2026-05-25 12:31:40.237 | info     |             UMD | Established firmware bundle version: 19.6.0 (topology_discovery.cpp:461)
2026-05-25 12:31:40.237 | info     |             UMD | Firmware bundle version 19.6.0 on the system is newer than the latest fully tested version 19.5.0 for wormhole_b0 architecture. Newest features may not be supported. (topology_discovery.cpp:493)
2026-05-25 12:31:40.247 | info     |          Fabric | TopologyMapper: Logical Multi-Mesh Adjacency Map: (topology_mapper.cpp:1474)
2026-05-25 12:31:40.247 | info     |          Fabric | 
=== Logical Mesh-Level Graph Adjacency Map ===
Total nodes: 1
Degree histogram: {0:1}
 (topology_solver.tpp:91)
2026-05-25 12:31:40.247 | info     |          Fabric | 
=== Logical Mesh 0 Internal Graph Adjacency Map ===
Total nodes: 2
Degree histogram: {1:2}
 (topology_solver.tpp:91)
2026-05-25 12:31:40.247 | info     |          Fabric | TopologyMapper: Physical Multi-Mesh Adjacency Map: (topology_mapper.cpp:1485)
2026-05-25 12:31:40.247 | info     |          Fabric | 
=== Physical Mesh-Level Graph Adjacency Map ===
Total nodes: 1
Degree histogram: {0:1}
 (topology_solver.tpp:91)
2026-05-25 12:31:40.247 | info     |          Fabric | 
=== Physical Mesh 0 Internal Graph Adjacency Map ===
Total nodes: 2
Degree histogram: {1:2}
 (topology_solver.tpp:91)
2026-05-25 12:31:40.247 | info     |          Fabric | Starting multi-mesh mapping: 1 logical mesh(es) to 1 physical mesh(es) (topology_mapper_utils.cpp:1469)
2026-05-25 12:31:40.247 | info     |          Fabric | Multi-mesh mapping attempt 1/2: Trying inter-mesh mapping (topology_mapper_utils.cpp:1510)
2026-05-25 12:31:40.247 | info     |          Fabric | Attempt 1: Inter-mesh mapping succeeded, found 1 mesh pair(s) (topology_mapper_utils.cpp:1539)
2026-05-25 12:31:40.247 | info     |          Fabric | Attempt 1: Mapping 1 mesh pair(s) (topology_mapper_utils.cpp:1547)
2026-05-25 12:31:40.247 | info     |          Fabric | Attempt 1: Mapping mesh 0 -> 0 (topology_mapper_utils.cpp:1554)
2026-05-25 12:31:40.247 | info     |          Fabric | Multi-mesh mapping succeeded after 1 attempt(s): 1 mesh pair(s) mapped (topology_mapper_utils.cpp:1686)
2026-05-25 12:31:40.247 | info     |           Metal | Enabling FabricConfig::FABRIC_1D only for dispatch. If your workload requires fabric, please set the fabric config accordingly. (device_manager.cpp:288)
2026-05-25 12:31:40.247 | info     |           Metal | Dispatch on FabricConfig::FABRIC_1D with 1 Command Queues
 (device_manager.cpp:296)
2026-05-25 12:31:40.253 | info     |           Metal | Initializing Fabric (fabric_firmware_initializer.cpp:45)
2026-05-25 12:31:40.268 | info     |           Metal | Fabric initialized on Device 0 (device.cpp:412)
2026-05-25 12:31:40.270 | info     |           Metal | Fabric initialized on Device 1 (device.cpp:412)
2026-05-25 12:31:40.270 | info     |           Metal | Fabric initialized on 2 devices (fabric_firmware_initializer.cpp:173)
2026-05-25 12:31:40.270 | info     |           Metal | Fabric Initialized with config FabricConfig::FABRIC_1D (fabric_firmware_initializer.cpp:48)
2026-05-25 12:31:40.305 | critical |          Always | TT_FATAL: Logical eth core (x=0,y=15) is not an active eth core on chip 0. (assert.hpp:104)
[32m                 Always[0m | [1m[38;5;208m WARNING[0m | Skipping ethernet core ((x=0,y=15)) on chip 0
2026-05-25 12:31:40.359 | info     |           Metal | Fabric config changed from FabricConfig::FABRIC_1D to FabricConfig::FABRIC_1D_RING, reinitializing control plane (metal_env.cpp:257)
2026-05-25 12:31:40.359 | info     |     Distributed | Using auto discovery to generate mesh graph. (metal_env.cpp:332)
2026-05-25 12:31:40.359 | info     |     Distributed | Constructing control plane using auto-discovery (no mesh graph descriptor). (metal_env.cpp:394)
2026-05-25 12:31:40.360 | info     |             UMD | Creating TopologyDiscovery for architecture: wormhole_b0 (topology_discovery.cpp:72)
2026-05-25 12:31:40.362 | info     |             UMD | Established firmware bundle version: 19.6.0 (topology_discovery.cpp:461)
2026-05-25 12:31:40.362 | info     |             UMD | Firmware bundle version 19.6.0 on the system is newer than the latest fully tested version 19.5.0 for wormhole_b0 architecture. Newest features may not be supported. (topology_discovery.cpp:493)
2026-05-25 12:31:40.372 | info     |          Fabric | TopologyMapper: Logical Multi-Mesh Adjacency Map: (topology_mapper.cpp:1474)
2026-05-25 12:31:40.372 | info     |          Fabric | 
=== Logical Mesh-Level Graph Adjacency Map ===
Total nodes: 1
Degree histogram: {0:1}
 (topology_solver.tpp:91)
2026-05-25 12:31:40.372 | info     |          Fabric | 
=== Logical Mesh 0 Internal Graph Adjacency Map ===
Total nodes: 2
Degree histogram: {1:2}
 (topology_solver.tpp:91)
2026-05-25 12:31:40.372 | info     |          Fabric | TopologyMapper: Physical Multi-Mesh Adjacency Map: (topology_mapper.cpp:1485)
2026-05-25 12:31:40.372 | info     |          Fabric | 
=== Physical Mesh-Level Graph Adjacency Map ===
Total nodes: 1
Degree histogram: {0:1}
 (topology_solver.tpp:91)
2026-05-25 12:31:40.372 | info     |          Fabric | 
=== Physical Mesh 0 Internal Graph Adjacency Map ===
Total nodes: 2
Degree histogram: {1:2}
 (topology_solver.tpp:91)
2026-05-25 12:31:40.372 | info     |          Fabric | Starting multi-mesh mapping: 1 logical mesh(es) to 1 physical mesh(es) (topology_mapper_utils.cpp:1469)
2026-05-25 12:31:40.372 | info     |          Fabric | Multi-mesh mapping attempt 1/2: Trying inter-mesh mapping (topology_mapper_utils.cpp:1510)
2026-05-25 12:31:40.372 | info     |          Fabric | Attempt 1: Inter-mesh mapping succeeded, found 1 mesh pair(s) (topology_mapper_utils.cpp:1539)
2026-05-25 12:31:40.372 | info     |          Fabric | Attempt 1: Mapping 1 mesh pair(s) (topology_mapper_utils.cpp:1547)
2026-05-25 12:31:40.372 | info     |          Fabric | Attempt 1: Mapping mesh 0 -> 0 (topology_mapper_utils.cpp:1554)
2026-05-25 12:31:40.372 | info     |          Fabric | Multi-mesh mapping succeeded after 1 attempt(s): 1 mesh pair(s) mapped (topology_mapper_utils.cpp:1686)
2026-05-25 12:31:40.379 | info     |    BuildKernels | Using pre-compiled firmware from: /home/delaunap/workspace/.venv/lib/python3.12/site-packages/pjrt_plugin_tt/tt-metal/tt_metal/pre-compiled/6481459055998014514/ (build_env_manager.cpp:259)
2026-05-25 12:31:40.382 | info     |    BuildKernels | Using pre-compiled firmware from: /home/delaunap/workspace/.venv/lib/python3.12/site-packages/pjrt_plugin_tt/tt-metal/tt_metal/pre-compiled/6481459055998014514/ (build_env_manager.cpp:259)
2026-05-25 12:31:40.437 | warning  |           Metal | Got num_routing_planes: 1, which is less than current value: 255, ignoring the override (metal_env.cpp:232)
2026-05-25 12:31:40.437 | info     |           Metal | Dispatch on FabricConfig::FABRIC_1D_RING with 1 Command Queues
 (device_manager.cpp:296)
2026-05-25 12:31:40.443 | info     |           Metal | Initializing Fabric (fabric_firmware_initializer.cpp:45)
2026-05-25 12:31:40.459 | info     |           Metal | Fabric initialized on Device 0 (device.cpp:412)
2026-05-25 12:31:40.463 | info     |           Metal | Fabric initialized on Device 1 (device.cpp:412)
2026-05-25 12:31:40.463 | info     |           Metal | Fabric initialized on 2 devices (fabric_firmware_initializer.cpp:173)
2026-05-25 12:31:40.463 | info     |           Metal | Fabric Initialized with config FabricConfig::FABRIC_1D_RING (fabric_firmware_initializer.cpp:48)
2026-05-25 12:31:40.500 | info     |           Metal | Enabling program cache on MeshDevice 1 (mesh_device.cpp:974)
2026-05-25 12:31:40.963 | warning  |       Inspector | Failed to start Inspector RPC server: ::bind(sockfd, &addr.generic, addrlen): Address already in use; toString() = 127.0.0.1:50051 (data.cpp:72)
2026-05-25 12:31:40.966 | info     |    BuildKernels | Using pre-compiled firmware from: /home/delaunap/workspace/.venv/lib/python3.12/site-packages/pjrt_plugin_tt/tt-metal/tt_metal/pre-compiled/6481459055998014514/ (build_env_manager.cpp:259)
2026-05-25 12:31:40.969 | info     |    BuildKernels | Using pre-compiled firmware from: /home/delaunap/workspace/.venv/lib/python3.12/site-packages/pjrt_plugin_tt/tt-metal/tt_metal/pre-compiled/6481459055998014514/ (build_env_manager.cpp:259)
2026-05-25 12:31:41.052 | info     |           Metal | Enabling program cache on MeshDevice 2 (mesh_device.cpp:974)
2026-05-25 12:31:45.974 | warning  |              Op | On Wormhole with fp32 accumulation, output accuracy can be worse with HiFi4 than HiFi3 due to a hardware bug. Prefer using HiFi3 with fp32 accumulation on Wormhole. (compute_kernel_config.cpp:65)
step: 13.1089s loss: 0.0
step: 0.3029s loss: 1.5703125
step: 0.2492s loss: 0.0
step: 0.2436s loss: 0.0
step: 0.2472s loss: 0.0
step: 0.2539s loss: 0.0
step: 0.2526s loss: 0.0
step: 0.2456s loss: 0.0
step: 0.2460s loss: 0.0
step: 0.2444s loss: 0.0
step: 0.2415s loss: 0.0
step: 0.2409s loss: 1.03125
step: 0.2510s loss: 0.0
step: 0.2438s loss: 0.0
step: 0.2640s loss: 0.0
step: 0.2441s loss: 0.0
step: 0.2533s loss: 0.0
step: 0.2535s loss: 0.0
step: 0.2517s loss: 0.0
step: 0.2456s loss: 0.0
step: 0.2530s loss: 0.0
step: 0.2434s loss: 0.0
step: 0.2524s loss: 0.0
step: 0.2460s loss: 0.0
step: 0.2475s loss: 0.007781982421875
step: 0.2475s loss: 0.0
step: 0.2460s loss: 0.0
step: 0.2511s loss: 0.0
step: 0.2537s loss: 0.0
step: 0.2516s loss: 0.0
step: 0.2490s loss: 0.0
step: 0.2483s loss: 0.007781982421875
step: 0.2537s loss: 0.0
step: 0.2568s loss: 0.0
step: 0.2441s loss: 0.0
step: 0.2547s loss: 0.0
step: 0.2527s loss: 0.0
step: 0.2424s loss: 0.023193359375
step: 0.2452s loss: 0.0
step: 0.2429s loss: 0.0
step: 0.2464s loss: 0.0
step: 0.2479s loss: 0.0
step: 0.2424s loss: 0.0
step: 0.2449s loss: 0.0
step: 0.2498s loss: 0.0
step: 0.2437s loss: 0.0
step: 0.2504s loss: 0.0
step: 0.2470s loss: 0.0
step: 0.2523s loss: 0.0
step: 0.2463s loss: 0.0
step: 0.2504s loss: 0.0
step: 0.2445s loss: 0.0
step: 0.2461s loss: 0.0
step: 0.2622s loss: 0.0
step: 0.2524s loss: 4.84375
step: 0.2516s loss: 0.0
step: 0.2555s loss: 0.0
step: 0.2548s loss: 0.0
step: 0.2448s loss: 0.0
step: 0.2609s loss: 0.0
step: 0.2476s loss: 0.0
step: 0.2450s loss: 0.10400390625
step: 0.2465s loss: 0.0
step: 0.2456s loss: 0.0
step: 0.2509s loss: 0.0
step: 0.2459s loss: 0.0
step: 0.2530s loss: 0.0
step: 0.2521s loss: 0.0
step: 0.2704s loss: 0.0
step: 0.2464s loss: 0.0
step: 0.2458s loss: 0.0
step: 0.2489s loss: 0.0
step: 0.2444s loss: 0.0
step: 0.2415s loss: 0.0
step: 0.2437s loss: 0.0
step: 0.2498s loss: 0.0
step: 0.2523s loss: 0.0
step: 0.2444s loss: 0.0
step: 0.2468s loss: 0.0
step: 0.2537s loss: 0.0
step: 0.2531s loss: 0.0
step: 0.2435s loss: 0.0
step: 0.2550s loss: 0.0
step: 0.2477s loss: 0.0
step: 0.2477s loss: 0.0
step: 0.2510s loss: 0.0
step: 0.2464s loss: 0.0
step: 0.2468s loss: 0.0
step: 0.2450s loss: 0.0
step: 0.2496s loss: 0.0
step: 0.2456s loss: 0.0
step: 0.2435s loss: 0.0
step: 0.2520s loss: 0.0
step: 0.2424s loss: 0.0
step: 0.2391s loss: 0.0
step: 0.2538s loss: 0.0
step: 0.2534s loss: 0.0
step: 0.2529s loss: 0.0
step: 0.2564s loss: 0.0
step: 0.2587s loss: 0.0
step: 0.2559s loss: 0.0
step: 0.2521s loss: 0.0
step: 0.2411s loss: 0.0
step: 0.2495s loss: 0.0
step: 0.2547s loss: 0.0
step: 0.2550s loss: 0.0
step: 0.2496s loss: 0.0
step: 0.2545s loss: 0.0
step: 0.2500s loss: 0.0
step: 0.2488s loss: 0.0
step: 0.2526s loss: 0.0
step: 0.2509s loss: 0.0
step: 0.2507s loss: 0.0
step: 0.2554s loss: 0.0
step: 0.2482s loss: 0.0
step: 0.2513s loss: 0.0
step: 0.2468s loss: 0.0
step: 0.2521s loss: 0.0
step: 0.2456s loss: 0.0
step: 0.2426s loss: 0.0
step: 0.2567s loss: 0.0
step: 0.2455s loss: 0.0
step: 0.2565s loss: 0.0
step: 0.2409s loss: 0.0
step: 0.2506s loss: 0.0
step: 0.2427s loss: 0.0
step: 0.2491s loss: 0.0
step: 0.2487s loss: 0.0
step: 0.2490s loss: 0.0
step: 0.2549s loss: 0.0
step: 0.2526s loss: 0.0
step: 0.2533s loss: 0.0
step: 0.2501s loss: 0.0
step: 0.2443s loss: 0.0
step: 0.2447s loss: 0.0
step: 0.2453s loss: 0.0
step: 0.2566s loss: 0.0
step: 0.2494s loss: 0.0
step: 0.2439s loss: 0.0
step: 0.2458s loss: 0.0
step: 0.2532s loss: 0.0458984375
step: 0.2537s loss: 0.0
step: 0.2471s loss: 0.0
step: 0.2476s loss: 0.0
step: 0.2506s loss: 0.0
step: 0.2489s loss: 0.0
step: 0.2528s loss: 0.0
step: 0.2495s loss: 0.0
step: 0.2470s loss: 0.0
step: 0.2443s loss: 0.0
step: 0.2484s loss: 0.0
step: 0.2472s loss: 0.0
step: 0.2517s loss: 0.007781982421875
step: 0.2428s loss: 0.0
step: 0.2456s loss: 0.0
step: 0.2435s loss: 0.0
step: 0.2442s loss: 0.0
step: 0.2547s loss: 0.06787109375
step: 0.2489s loss: 0.15234375
step: 0.2459s loss: 0.0
step: 0.2535s loss: 0.0
step: 0.2474s loss: 0.007781982421875
step: 0.2643s loss: 0.0
step: 0.2554s loss: 0.0
step: 0.2479s loss: 0.0
step: 0.2521s loss: 0.0
step: 0.2493s loss: 0.0
step: 0.2554s loss: 0.0
step: 0.2504s loss: 0.103515625
step: 0.2563s loss: 0.0
step: 0.2591s loss: 0.0
step: 0.2589s loss: 0.0
step: 0.2582s loss: 0.0
step: 0.2496s loss: 0.0
step: 0.2552s loss: 0.0
step: 0.2505s loss: 0.0
step: 0.2452s loss: 0.0
step: 0.2541s loss: 0.0
step: 0.2474s loss: 0.0
step: 0.2469s loss: 0.0
step: 0.2515s loss: 0.0
step: 0.2466s loss: 0.0
step: 0.2551s loss: 0.0
step: 0.2523s loss: 0.0
step: 0.2505s loss: 0.0
step: 0.2500s loss: 0.0
step: 0.2545s loss: 0.0
step: 0.2493s loss: 0.0
step: 0.2450s loss: 0.0
step: 0.2488s loss: 0.0
step: 0.2454s loss: 0.0
step: 0.2504s loss: 0.0
step: 0.2557s loss: 0.0
step: 0.2545s loss: 0.0
step: 0.2460s loss: 0.0
step: 0.2508s loss: 1.625
step: 0.2540s loss: 0.0
step: 0.2552s loss: 0.0
step: 0.2525s loss: 0.0
step: 0.2632s loss: 0.0
step: 0.2448s loss: 0.0
step: 0.2469s loss: 0.0
step: 0.2521s loss: 0.0
step: 0.2434s loss: 0.0
step: 0.2518s loss: 0.0
step: 0.2526s loss: 0.0
step: 0.2499s loss: 0.0
step: 0.2517s loss: 0.0
step: 0.2487s loss: 0.0
step: 0.2550s loss: 0.0
step: 0.2524s loss: 0.0
step: 0.2483s loss: 0.0
step: 0.2568s loss: 0.0
step: 0.2525s loss: 0.0
step: 0.2556s loss: 0.0
step: 0.2547s loss: 0.0
step: 0.2601s loss: 0.0
step: 0.2540s loss: 0.0
step: 0.2515s loss: 0.0
step: 0.2526s loss: 0.0
step: 0.2547s loss: 0.0
step: 0.2487s loss: 0.0
step: 0.2525s loss: 0.0
step: 0.2521s loss: 0.05322265625
step: 0.2443s loss: 0.0
step: 0.2536s loss: 0.0
step: 0.2556s loss: 0.0
step: 0.2683s loss: 0.0
step: 0.2564s loss: 0.0
step: 0.2601s loss: 0.0
step: 0.2612s loss: 0.0
step: 0.2568s loss: 0.0
step: 0.2496s loss: 0.0
step: 0.2534s loss: 0.0
step: 0.2554s loss: 0.0
step: 0.2692s loss: 0.0
step: 0.2557s loss: 0.0
step: 0.2570s loss: 0.0
step: 0.2641s loss: 0.0
step: 0.2512s loss: 0.0
step: 0.2552s loss: 0.0
step: 0.2584s loss: 0.0
step: 0.2646s loss: 0.0
step: 0.2456s loss: 0.0
step: 0.2518s loss: 0.0
step: 0.2473s loss: 0.0
step: 0.5046s loss: 0.0
step: 0.2449s loss: 0.0
step: 0.2529s loss: 0.007781982421875
step: 0.2458s loss: 0.0
step: 0.2536s loss: 0.0
step: 0.2542s loss: 0.0
step: 0.2486s loss: 0.0
step: 0.2440s loss: 0.0
step: 0.2485s loss: 0.0
step: 0.2494s loss: 0.0
step: 0.2503s loss: 0.0
step: 0.2523s loss: 0.0
step: 0.2516s loss: 0.0
step: 0.2518s loss: 0.0
step: 0.2525s loss: 0.0
step: 0.2547s loss: 0.0
step: 0.2546s loss: 0.0
step: 0.2525s loss: 0.0
step: 0.2555s loss: 0.0
step: 0.2510s loss: 0.0
step: 0.2555s loss: 0.0
step: 0.2477s loss: 0.0
step: 0.2465s loss: 0.0
step: 0.2472s loss: 0.0
step: 0.2503s loss: 0.0
step: 0.2500s loss: 0.0
step: 0.2507s loss: 0.0
step: 0.2458s loss: 0.0
step: 0.2516s loss: 0.0
step: 0.2446s loss: 0.0
step: 0.2520s loss: 0.0
step: 0.2511s loss: 0.0
step: 0.2517s loss: 0.0
step: 0.2547s loss: 0.0
step: 0.2498s loss: 0.0
step: 0.2578s loss: 0.0
step: 0.2583s loss: 0.0
step: 0.2548s loss: 0.0
step: 0.2543s loss: 0.0
step: 0.2521s loss: 0.0
step: 0.2461s loss: 0.0
step: 0.2480s loss: 0.0
step: 0.2567s loss: 0.0
step: 0.2553s loss: 0.0
step: 0.2499s loss: 0.384765625
step: 0.2474s loss: 0.0
step: 0.2503s loss: 0.0
step: 0.2463s loss: 0.0
step: 0.2439s loss: 0.0
step: 0.2466s loss: 0.0
step: 0.2443s loss: 0.0
step: 0.2435s loss: 0.0
step: 0.2444s loss: 0.0
step: 0.2482s loss: 0.0
step: 0.2505s loss: 0.0
step: 0.2475s loss: 0.578125
step: 0.2427s loss: 0.0
step: 0.2436s loss: 0.0
step: 0.2487s loss: 0.0
step: 0.2436s loss: 0.0
step: 0.2471s loss: 0.0
step: 0.2426s loss: 0.0
step: 0.2623s loss: 0.0
step: 0.2440s loss: 0.0
step: 0.2438s loss: 0.0
step: 0.2523s loss: 0.0
step: 0.2423s loss: 0.0
step: 0.2441s loss: 0.0
step: 0.2451s loss: 0.0
step: 0.2474s loss: 0.0
step: 0.2509s loss: 0.0
step: 0.2547s loss: 0.0
step: 0.2456s loss: 0.0
step: 0.2630s loss: 0.0
step: 0.2446s loss: 0.0
step: 0.0313s loss: 0.0
step: 0.2452s loss: 0.0
step: 0.2475s loss: 0.0
step: 0.2570s loss: 0.0
step: 0.0364s loss: 0.0
step: 0.2575s loss: 0.0
step: 0.0324s loss: 0.0
step: 0.2692s loss: 0.0
step: 0.0318s loss: 0.0
step: 0.2452s loss: 0.0
step: 0.0318s loss: 0.0
step: 0.0322s loss: 0.0
step: 0.0320s loss: 0.0
step: 0.2493s loss: 0.007781982421875
step: 0.0326s loss: 0.0
step: 0.0339s loss: 0.0
step: 0.0355s loss: 0.0
step: 0.0388s loss: 0.0
step: 0.2842s loss: 0.0
step: 0.2479s loss: 0.0
step: 0.0327s loss: 0.0
step: 0.0337s loss: 0.0
step: 0.0368s loss: 0.0
step: 0.0393s loss: 0.0
step: 0.0394s loss: 0.0
step: 0.3013s loss: 0.0
step: 0.0326s loss: 0.0
step: 0.0363s loss: 0.0
step: 0.0391s loss: 0.0
step: 0.0408s loss: 0.0
step: 0.0486s loss: 0.0
step: 0.2809s loss: 0.0
step: 0.0338s loss: 0.0
step: 0.0352s loss: 0.0
step: 0.2665s loss: 0.0
step: 0.0329s loss: 0.007781982421875
step: 0.0352s loss: 0.0
step: 0.2695s loss: 0.0
step: 0.0322s loss: 0.0
step: 0.0341s loss: 0.0
step: 0.0368s loss: 0.0
step: 0.0410s loss: 0.0
step: 0.0407s loss: 0.08251953125
step: 0.2857s loss: 0.0
step: 0.0330s loss: 0.0
step: 0.0345s loss: 0.0
step: 0.0382s loss: 0.0
step: 0.0369s loss: 0.0
step: 0.0411s loss: 0.0
step: 0.2820s loss: 0.0
step: 0.0330s loss: 0.0
step: 0.0318s loss: 0.0
step: 0.0381s loss: 0.0
step: 0.0397s loss: 0.0
step: 0.0408s loss: 0.0
step: 0.2919s loss: 0.0
step: 0.0343s loss: 0.0
step: 0.0364s loss: 0.0
step: 0.0393s loss: 0.0
step: 0.0461s loss: 0.0
step: 0.0427s loss: 0.0
step: 0.0419s loss: 0.0
step: 0.2882s loss: 0.0
step: 0.0319s loss: 0.0
step: 0.0341s loss: 0.0
step: 0.0341s loss: 0.0
step: 0.0401s loss: 0.0
step: 0.0411s loss: 0.0
step: 0.3081s loss: 0.0
step: 0.0340s loss: 0.0
step: 0.0337s loss: 0.0
step: 0.0392s loss: 0.0
step: 0.0411s loss: 0.0
step: 0.0409s loss: 0.0
step: 0.0409s loss: 0.0
step: 0.3041s loss: 0.0
step: 0.0340s loss: 0.0
step: 0.0358s loss: 0.0
step: 0.0391s loss: 0.0
step: 0.0407s loss: 0.0
step: 0.0409s loss: 0.0
step: 0.0408s loss: 0.0
step: 0.3209s loss: 0.0
step: 0.0355s loss: 0.0
step: 0.0390s loss: 0.0
step: 0.0412s loss: 0.0
step: 0.0409s loss: 0.0
step: 0.0417s loss: 0.0
step: 0.0411s loss: 0.0
step: 0.3173s loss: 0.0
step: 0.0352s loss: 0.0
step: 0.0370s loss: 0.0
step: 0.0418s loss: 0.0
step: 0.0417s loss: 0.0
step: 0.0418s loss: 0.0
step: 0.2926s loss: 0.0
step: 0.0340s loss: 0.0
step: 0.0354s loss: 0.0
step: 0.0381s loss: 0.0
step: 0.0408s loss: 0.0
step: 0.0418s loss: 0.0
step: 0.0410s loss: 0.78125
step: 0.2854s loss: 0.0
step: 0.0359s loss: 0.0
step: 0.0322s loss: 0.0
step: 0.0369s loss: 0.0
step: 0.0403s loss: 0.0
step: 0.0409s loss: 0.0
step: 0.0410s loss: 0.0
step: 0.2966s loss: 0.0
step: 0.0346s loss: 0.0
step: 0.0362s loss: 0.0
step: 0.0396s loss: 0.0
step: 0.0410s loss: 0.0
step: 0.0435s loss: 0.0
step: 0.0423s loss: 0.0
step: 0.0422s loss: 0.0
step: 0.2843s loss: 0.0
step: 0.0331s loss: 0.0
step: 0.0341s loss: 0.0
step: 0.0369s loss: 0.0
step: 0.0409s loss: 0.0
step: 0.0408s loss: 0.0
step: 0.0408s loss: 0.0
step: 0.2834s loss: 0.007781982421875
step: 0.0309s loss: 0.0
step: 0.0337s loss: 0.0
step: 0.0359s loss: 0.007781982421875
step: 0.0404s loss: 0.01544189453125
step: 0.0402s loss: 0.0
step: 0.0409s loss: 0.0
step: 0.3007s loss: 0.0155029296875
step: 0.0335s loss: 0.0
step: 0.0321s loss: 0.0
step: 0.0390s loss: 0.0
step: 0.0393s loss: 0.0
step: 0.0391s loss: 0.0
step: 0.0407s loss: 0.0
step: 0.0408s loss: 0.0
step: 0.3063s loss: 0.0
step: 0.0337s loss: 0.0
step: 0.0368s loss: 0.0
step: 0.0365s loss: 0.0
step: 0.0408s loss: 0.0
step: 0.0406s loss: 0.0
step: 0.0409s loss: 0.0
step: 0.3066s loss: 0.0
step: 0.0312s loss: 0.0
step: 0.0310s loss: 0.0
step: 0.0368s loss: 0.0
step: 0.0394s loss: 0.0
step: 0.0408s loss: 0.0
step: 0.0408s loss: 0.0
step: 0.0406s loss: 0.0
step: 0.2808s loss: 0.0
step: 0.0326s loss: 0.0
step: 0.0332s loss: 0.0
step: 0.0370s loss: 0.0
step: 0.0368s loss: 0.0
step: 0.0410s loss: 0.0
step: 0.0410s loss: 0.0
step: 0.0412s loss: 0.0
step: 0.2830s loss: 0.0
step: 0.0323s loss: 0.0
step: 0.0355s loss: 0.0
step: 0.0378s loss: 0.0
step: 0.0409s loss: 0.007781982421875
step: 0.0407s loss: 0.0
step: 0.0405s loss: 0.0
step: 0.0408s loss: 0.0
step: 0.2819s loss: 0.0
step: 0.0318s loss: 0.0
step: 0.0310s loss: 0.0
step: 0.0341s loss: 0.0
step: 0.0365s loss: 0.0
step: 0.0385s loss: 0.0
step: 0.0382s loss: 0.0
step: 0.0384s loss: 0.0
step: 0.3098s loss: 0.0
step: 0.0336s loss: 0.0
step: 0.0370s loss: 0.0
step: 0.0408s loss: 0.0
step: 0.0408s loss: 0.0
step: 0.0408s loss: 0.0
step: 0.0408s loss: 0.0
step: 0.0407s loss: 0.0
step: 0.2841s loss: 0.0
step: 0.0323s loss: 0.0
step: 0.0315s loss: 0.0
step: 0.0314s loss: 0.0
step: 0.0359s loss: 0.0
step: 0.0384s loss: 0.0
step: 0.0385s loss: 0.0
step: 0.0382s loss: 0.0
step: 0.3021s loss: 0.0
step: 0.0323s loss: 0.0
step: 0.0364s loss: 0.0
step: 0.0376s loss: 0.0
step: 0.0377s loss: 0.0
step: 0.0407s loss: 0.0
step: 0.0407s loss: 0.0
step: 0.0404s loss: 0.0
step: 0.2728s loss: 0.0
step: 0.0319s loss: 0.0
step: 0.0312s loss: 0.0
step: 0.0368s loss: 0.0
step: 0.0390s loss: 0.0
step: 0.0405s loss: 0.0
step: 0.0407s loss: 0.0
step: 0.0409s loss: 0.0
step: 0.0404s loss: 0.0
step: 0.2980s loss: 0.0
step: 0.0347s loss: 0.0
step: 0.0360s loss: 0.0
step: 0.0356s loss: 0.0
step: 0.0343s loss: 0.0
step: 0.0408s loss: 0.0
step: 0.0404s loss: 0.0
step: 0.0409s loss: 0.0
step: 0.3057s loss: 0.0
step: 0.0343s loss: 0.0
step: 0.0376s loss: 0.0
step: 0.0410s loss: 0.0
step: 0.0410s loss: 0.0
step: 0.0416s loss: 0.0
step: 0.0414s loss: 0.0
step: 0.0414s loss: 0.0
step: 0.0418s loss: 0.0
step: 0.3008s loss: 0.0
step: 0.0339s loss: 0.0
step: 0.0374s loss: 0.0
step: 0.0409s loss: 0.0
step: 0.0417s loss: 0.0
step: 0.0408s loss: 0.0
step: 0.0407s loss: 0.0
step: 0.0403s loss: 0.0
step: 0.0419s loss: 0.0
step: 0.3068s loss: 0.0
step: 0.0334s loss: 0.421875
step: 0.0325s loss: 0.0
step: 0.0323s loss: 0.0
step: 0.0386s loss: 0.0
step: 0.0393s loss: 0.0
step: 0.0393s loss: 0.0
step: 0.0391s loss: 0.0
step: 0.0394s loss: 0.0
step: 0.2788s loss: 0.0
step: 0.0313s loss: 0.0
step: 0.0313s loss: 0.0
step: 0.0323s loss: 0.0
step: 0.0371s loss: 0.0
step: 0.0392s loss: 0.0
step: 0.0390s loss: 0.0
step: 0.0392s loss: 0.0
step: 0.0393s loss: 0.0
step: 0.3048s loss: 0.0
step: 0.0339s loss: 0.0
step: 0.0359s loss: 0.0
step: 0.0388s loss: 0.0
step: 0.0414s loss: 0.0
step: 0.0425s loss: 0.0
step: 0.0408s loss: 0.0
step: 0.0408s loss: 0.0
step: 0.0416s loss: 0.0
step: 0.3110s loss: 0.0
step: 0.0346s loss: 0.0
step: 0.0368s loss: 0.0
step: 0.0392s loss: 0.0
step: 0.0412s loss: 0.0
step: 0.0406s loss: 0.0
step: 0.0409s loss: 0.0
step: 0.0404s loss: 0.0
step: 0.0419s loss: 0.0
step: 0.0417s loss: 0.0
step: 0.2897s loss: 0.0
step: 0.0344s loss: 0.0
step: 0.0370s loss: 0.0
step: 0.0398s loss: 0.0
step: 0.0416s loss: 0.0
step: 0.0414s loss: 0.0
step: 0.0414s loss: 0.0
step: 0.0414s loss: 0.0
step: 0.0418s loss: 0.0
step: 0.2945s loss: 0.0155029296875
step: 0.0346s loss: 0.0
step: 0.0344s loss: 0.03076171875
step: 0.0397s loss: 0.0
step: 0.0417s loss: 0.0
step: 0.0415s loss: 0.0
step: 0.0408s loss: 0.0
step: 0.0412s loss: 0.0
step: 0.0409s loss: 0.0
step: 0.0419s loss: 0.0
step: 0.3008s loss: 0.0
step: 0.0342s loss: 0.0
step: 0.0370s loss: 0.0
step: 0.0397s loss: 0.0
step: 0.0411s loss: 0.0
step: 0.0409s loss: 0.0
step: 0.0411s loss: 0.0
step: 0.0403s loss: 0.0
step: 0.0411s loss: 0.0
step: 0.0406s loss: 0.0
step: 0.2985s loss: 0.0
step: 0.0328s loss: 0.0
step: 0.0319s loss: 0.0
step: 0.0350s loss: 0.0
step: 0.0416s loss: 0.0
step: 0.0421s loss: 0.0
step: 0.0413s loss: 0.0
step: 0.0404s loss: 0.0
step: 0.0414s loss: 0.0
step: 0.0409s loss: 0.0
step: 0.2977s loss: 0.0
step: 0.0337s loss: 0.0
step: 0.0368s loss: 0.0
step: 0.0392s loss: 0.0
step: 0.0381s loss: 0.0
step: 0.0409s loss: 0.0
step: 0.0409s loss: 0.0
step: 0.0412s loss: 0.0
step: 0.0410s loss: 0.0
step: 0.0408s loss: 0.0
step: 0.3020s loss: 0.0
step: 0.0327s loss: 0.0
step: 0.0321s loss: 0.0
step: 0.0326s loss: 0.0
step: 0.0398s loss: 0.0
step: 0.0409s loss: 0.0
step: 0.0408s loss: 0.0
step: 0.0415s loss: 0.0
step: 0.0409s loss: 0.0
step: 0.0412s loss: 0.0
step: 0.0407s loss: 0.060546875
step: 0.3043s loss: 0.0
step: 0.0326s loss: 0.0
step: 0.0366s loss: 0.0
step: 0.0391s loss: 0.0
step: 0.0411s loss: 0.0
step: 0.0398s loss: 0.0
step: 0.0411s loss: 0.0
step: 0.0412s loss: 0.0
step: 0.0398s loss: 0.0
step: 0.0410s loss: 0.0
step: 0.3057s loss: 0.0
step: 0.0317s loss: 0.0
step: 0.0363s loss: 0.0
step: 0.0395s loss: 0.0
step: 0.0410s loss: 0.0
step: 0.0412s loss: 0.0
step: 0.0409s loss: 0.0
step: 0.0411s loss: 0.0
step: 0.0415s loss: 0.0
step: 0.0417s loss: 0.0
step: 0.0410s loss: 0.0
step: 0.3006s loss: 0.0
step: 0.0358s loss: 0.0
step: 0.0345s loss: 0.0
step: 0.0391s loss: 0.0
step: 0.0409s loss: 0.0
step: 0.0407s loss: 0.0
step: 0.0411s loss: 0.0
step: 0.0410s loss: 0.0
step: 0.0412s loss: 0.0
step: 0.0408s loss: 0.0
step: 0.0415s loss: 0.0
step: 0.2995s loss: 0.0
step: 0.0332s loss: 0.0
step: 0.0328s loss: 0.0
step: 0.0328s loss: 0.0
step: 0.0383s loss: 0.0
step: 0.0391s loss: 0.0
step: 0.0402s loss: 0.0
step: 0.0394s loss: 0.0
step: 0.0383s loss: 0.0
step: 0.0282s loss: 0.0
step: 0.0284s loss: 0.0
step: 0.2919s loss: 0.0
step: 0.0338s loss: 0.0
step: 0.0359s loss: 0.0
step: 0.0390s loss: 0.0
step: 0.0411s loss: 0.0
step: 0.0409s loss: 0.0
step: 0.0411s loss: 0.0
step: 0.0435s loss: 0.0
step: 0.0411s loss: 0.0
step: 0.0409s loss: 0.0
step: 0.0416s loss: 0.0
step: 0.2987s loss: 0.0
step: 0.0347s loss: 0.0
step: 0.0384s loss: 0.0
step: 0.0392s loss: 0.0
step: 0.0409s loss: 0.0
step: 0.0409s loss: 0.0
step: 0.0405s loss: 0.0
step: 0.0410s loss: 0.0
step: 0.0416s loss: 0.0
step: 0.0411s loss: 0.0
step: 0.0409s loss: 0.0
step: 0.2967s loss: 0.0
step: 0.0326s loss: 0.0
step: 0.0320s loss: 0.0
step: 0.0380s loss: 0.0
step: 0.0376s loss: 0.0
step: 0.0336s loss: 0.0
step: 0.0386s loss: 0.0
step: 0.0387s loss: 0.0
step: 0.0411s loss: 0.0
step: 0.0413s loss: 0.0458984375
step: 0.0412s loss: 0.0
step: 0.0410s loss: 0.0
step: 0.3170s loss: 0.0
step: 0.0336s loss: 0.0
step: 0.0370s loss: 0.0
step: 0.0403s loss: 0.0
step: 0.0418s loss: 0.0
step: 0.0418s loss: 0.0
step: 0.0400s loss: 0.0
step: 0.0413s loss: 0.0
step: 0.0426s loss: 0.0
step: 0.0421s loss: 0.0
step: 0.0423s loss: 0.0
step: 0.0414s loss: 0.0
step: 0.2844s loss: 0.0
step: 0.0318s loss: 0.0
step: 0.0335s loss: 0.0
step: 0.0333s loss: 0.0
step: 0.0371s loss: 0.0
step: 0.0386s loss: 0.0
step: 0.0395s loss: 0.0
step: 0.0396s loss: 0.0
step: 0.0396s loss: 0.0
step: 0.0393s loss: 0.0
step: 0.0387s loss: 0.0
step: 0.0389s loss: 0.0
step: 0.2793s loss: 0.0
step: 0.0320s loss: 0.0
step: 0.0349s loss: 0.0
step: 0.0359s loss: 0.0
step: 0.0361s loss: 0.0
step: 0.0407s loss: 0.0
step: 0.0406s loss: 0.0
step: 0.0408s loss: 0.0
step: 0.0408s loss: 0.0
step: 0.0410s loss: 0.0
step: 0.0410s loss: 0.0
step: 0.0408s loss: 0.0
step: 0.2818s loss: 0.0
step: 0.0316s loss: 0.0
step: 0.0341s loss: 0.0
step: 0.0364s loss: 0.0
step: 0.0348s loss: 0.0
step: 0.0391s loss: 0.0
step: 0.0410s loss: 0.0
step: 0.0409s loss: 0.0
step: 0.0409s loss: 0.0
step: 0.0410s loss: 0.0
step: 0.0409s loss: 0.0
step: 0.0409s loss: 0.0
step: 0.3062s loss: 0.0
step: 0.0341s loss: 0.0
step: 0.0355s loss: 0.0
step: 0.0376s loss: 0.0
step: 0.0409s loss: 0.0
step: 0.0415s loss: 0.0
step: 0.0410s loss: 0.0
step: 0.0407s loss: 0.03076171875
step: 0.0414s loss: 0.0
step: 0.0332s loss: 0.0
step: 0.0411s loss: 0.0
step: 0.0412s loss: 0.0
step: 0.0408s loss: 0.0
step: 0.2808s loss: 0.0
step: 0.0334s loss: 0.0
step: 0.0324s loss: 0.0
step: 0.0324s loss: 0.0
step: 0.0366s loss: 0.0
step: 0.0392s loss: 0.0
step: 0.0388s loss: 0.0
step: 0.0390s loss: 0.0
step: 0.0406s loss: 0.0
step: 0.0410s loss: 0.0
step: 0.0390s loss: 0.0
step: 0.0416s loss: 0.0
step: 0.0412s loss: 0.0
step: 0.2833s loss: 0.0
step: 0.0339s loss: 0.0
step: 0.0370s loss: 0.0
step: 0.0392s loss: 0.0
step: 0.0380s loss: 0.0
step: 0.0412s loss: 0.0
step: 0.0416s loss: 0.0
step: 0.0409s loss: 0.0
step: 0.0411s loss: 0.0
step: 0.0410s loss: 0.0
step: 0.0409s loss: 0.0
step: 0.0407s loss: 0.0
step: 0.0488s loss: 0.0
step: 0.2834s loss: 0.0
step: 0.0335s loss: 0.0
step: 0.0355s loss: 0.0
step: 0.0363s loss: 0.0
step: 0.0416s loss: 0.0
step: 0.0413s loss: 0.0
step: 0.0410s loss: 0.0
step: 0.0412s loss: 0.0
step: 0.0415s loss: 0.0
step: 0.0415s loss: 0.0
step: 0.0420s loss: 0.0
step: 0.0411s loss: 0.0
step: 0.0409s loss: 0.0
step: 0.2822s loss: 0.0
step: 0.0324s loss: 0.0
step: 0.0325s loss: 0.0
step: 0.0384s loss: 0.0
step: 0.0394s loss: 0.0
step: 0.0413s loss: 0.0
step: 0.0412s loss: 0.0
step: 0.0412s loss: 0.0
step: 0.0417s loss: 0.0
step: 0.0414s loss: 0.0
step: 0.0412s loss: 0.0
step: 0.0413s loss: 0.0
step: 0.0410s loss: 0.0
step: 0.0408s loss: 0.0
step: 0.2840s loss: 0.0
step: 0.0326s loss: 0.0
step: 0.0347s loss: 0.0
step: 0.0358s loss: 0.0
step: 0.0391s loss: 0.0
step: 0.0454s loss: 0.0
step: 0.0414s loss: 0.0
step: 0.0409s loss: 0.0
step: 0.0416s loss: 0.0
step: 0.0413s loss: 0.0
step: 0.0415s loss: 0.0
step: 0.0409s loss: 0.0
step: 0.0411s loss: 0.0
step: 0.0410s loss: 0.0
step: 0.3038s loss: 0.0
step: 0.0361s loss: 0.0
step: 0.0353s loss: 0.0
step: 0.0406s loss: 0.0
step: 0.0406s loss: 0.0
step: 0.0418s loss: 0.0
step: 0.0416s loss: 0.0
step: 0.0412s loss: 0.0
step: 0.0408s loss: 0.0
step: 0.0455s loss: 0.0
step: 0.0419s loss: 0.0
step: 0.0412s loss: 0.023193359375
step: 0.0416s loss: 0.0
step: 0.0414s loss: 0.0
step: 0.2851s loss: 0.0
step: 0.0326s loss: 0.0
step: 0.0345s loss: 0.0
step: 0.0369s loss: 0.0
step: 0.0407s loss: 0.0
step: 0.0449s loss: 0.0
step: 0.0419s loss: 0.0
step: 0.0412s loss: 0.0
step: 0.0414s loss: 0.0
step: 0.0421s loss: 0.0
step: 0.0416s loss: 0.0
step: 0.0422s loss: 0.0
step: 0.0413s loss: 0.0
step: 0.0414s loss: 0.0
step: 0.0412s loss: 0.0
step: 0.3073s loss: 0.0
step: 0.0334s loss: 0.0
step: 0.0363s loss: 0.0
step: 0.0394s loss: 0.0
step: 0.0424s loss: 0.023193359375
step: 0.0411s loss: 0.0
step: 0.0412s loss: 0.0
step: 0.0411s loss: 0.0
step: 0.0411s loss: 0.0
step: 0.0409s loss: 0.0
step: 0.0412s loss: 0.0
step: 0.0410s loss: 0.0
step: 0.0418s loss: 0.0
step: 0.0411s loss: 0.0
step: 0.3037s loss: 0.0
step: 0.0347s loss: 0.0
step: 0.0368s loss: 0.0
step: 0.0395s loss: 0.0
step: 0.0411s loss: 0.0
step: 0.0410s loss: 0.0
step: 0.0413s loss: 0.007781982421875
step: 0.0412s loss: 0.0
step: 0.0413s loss: 0.0
step: 0.0414s loss: 0.0
step: 0.0409s loss: 0.0
step: 0.0410s loss: 0.0
step: 0.0410s loss: 0.0
step: 0.0415s loss: 0.0
step: 0.0422s loss: 0.0
step: 0.2882s loss: 0.0
step: 0.0345s loss: 0.0
step: 0.0356s loss: 0.0
step: 0.0403s loss: 0.0
step: 0.0421s loss: 0.0
step: 0.0421s loss: 0.0
step: 0.0419s loss: 0.0
step: 0.0420s loss: 0.0
step: 0.0412s loss: 0.0
step: 0.0411s loss: 0.0
step: 0.0408s loss: 0.0
step: 0.0410s loss: 0.0
step: 0.0412s loss: 0.0
step: 0.0411s loss: 0.0
step: 0.0409s loss: 0.0
step: 0.0426s loss: 0.0
step: 0.2829s loss: 0.0
step: 0.0327s loss: 0.0
step: 0.0347s loss: 0.0
step: 0.0378s loss: 0.0
step: 0.0411s loss: 0.0
step: 0.0406s loss: 0.0
step: 0.0410s loss: 0.0
step: 0.0409s loss: 0.0
step: 0.0410s loss: 0.0
step: 0.0410s loss: 0.0
step: 0.0408s loss: 0.0
step: 0.0408s loss: 0.0
step: 0.0410s loss: 0.0
step: 0.0412s loss: 0.0
step: 0.0408s loss: 0.0
step: 0.2879s loss: 0.0
step: 0.0336s loss: 0.0
step: 0.0351s loss: 0.0
step: 0.0378s loss: 0.0
step: 0.0410s loss: 0.007781982421875
step: 0.0410s loss: 0.0
step: 0.0408s loss: 0.0
step: 0.0409s loss: 0.0
step: 0.0409s loss: 0.0
step: 0.0411s loss: 0.0
step: 0.0409s loss: 0.0
step: 0.0417s loss: 0.0
step: 0.0411s loss: 0.0
step: 0.0410s loss: 0.0
step: 0.0410s loss: 0.0
step: 0.0409s loss: 0.0
step: 0.2957s loss: 0.0
step: 0.0342s loss: 0.0
step: 0.0360s loss: 0.0
step: 0.0357s loss: 0.0
step: 0.0360s loss: 0.0
step: 0.0407s loss: 0.0
step: 0.0405s loss: 0.0
step: 0.0407s loss: 0.0
step: 0.0407s loss: 0.0
step: 0.0406s loss: 0.0
step: 0.0409s loss: 0.0
step: 0.0408s loss: 0.0
step: 0.0405s loss: 0.0
step: 0.0407s loss: 0.0
step: 0.0408s loss: 0.0
step: 0.0407s loss: 0.0
step: 0.0420s loss: 0.0
step: 0.2979s loss: 0.0
step: 0.0341s loss: 0.0
step: 0.0336s loss: 0.0
step: 0.0392s loss: 0.0
step: 0.0406s loss: 0.0
step: 0.0410s loss: 0.0
step: 0.0409s loss: 0.0
step: 0.0411s loss: 0.0
step: 0.0411s loss: 0.0
step: 0.0413s loss: 0.0
step: 0.0410s loss: 0.0
step: 0.0415s loss: 0.0
step: 0.0418s loss: 0.0
step: 0.0415s loss: 0.0
step: 0.0419s loss: 0.0
step: 0.0420s loss: 0.0
step: 0.3100s loss: 0.0
step: 0.0356s loss: 0.0
step: 0.0373s loss: 0.0
step: 0.0410s loss: 0.0
step: 0.0406s loss: 0.0
step: 0.0408s loss: 0.0
step: 0.0410s loss: 0.0
step: 0.0407s loss: 0.0
step: 0.0408s loss: 0.0
step: 0.0410s loss: 0.0
step: 0.0428s loss: 0.0
step: 0.0406s loss: 0.0
step: 0.0410s loss: 0.0
step: 0.0410s loss: 0.0
step: 0.0409s loss: 0.0
step: 0.0413s loss: 0.0
step: 0.0409s loss: 0.0
step: 0.3029s loss: 0.0
step: 0.0322s loss: 0.0
step: 0.0317s loss: 0.0
step: 0.0323s loss: 0.0
step: 0.0402s loss: 0.0
step: 0.0409s loss: 0.0
step: 0.0409s loss: 0.0
step: 0.0405s loss: 0.0
step: 0.0411s loss: 0.0
step: 0.0410s loss: 0.0
step: 0.0409s loss: 0.0
step: 0.0410s loss: 0.0
step: 0.0410s loss: 0.0
step: 0.0410s loss: 0.0
step: 0.0316s loss: 0.0
step: 0.0305s loss: 0.0
step: 0.0301s loss: 0.0
step: 0.0372s loss: 0.0
step: 0.2921s loss: 0.0
step: 0.0342s loss: 0.0
step: 0.0337s loss: 0.0
step: 0.0359s loss: 0.0
step: 0.0358s loss: 0.0
step: 0.0389s loss: 0.0
step: 0.0407s loss: 0.0
step: 0.0408s loss: 0.0
step: 0.0412s loss: 0.0
step: 0.0411s loss: 0.0
step: 0.0412s loss: 0.0
step: 0.0407s loss: 0.0
step: 0.0413s loss: 0.0
step: 0.0411s loss: 0.0
step: 0.0409s loss: 0.0
step: 0.0411s loss: 0.0
step: 0.0406s loss: 0.0
step: 0.0411s loss: 0.0
step: 0.2832s loss: 0.0
step: 0.0331s loss: 0.0
step: 0.0349s loss: 0.0
step: 0.0370s loss: 0.0
step: 0.0368s loss: 1.71875
step: 0.0411s loss: 0.0
step: 0.0407s loss: 0.0
step: 0.0410s loss: 0.0
step: 0.0409s loss: 0.0
step: 0.0410s loss: 0.0
step: 0.0411s loss: 0.0
step: 0.0409s loss: 0.0
step: 0.0411s loss: 0.0
step: 0.0408s loss: 0.0
step: 0.0410s loss: 0.0
step: 0.0409s loss: 0.0
step: 0.0408s loss: 0.0
step: 0.0409s loss: 0.0
step: 0.3084s loss: 0.0
step: 0.0344s loss: 0.0
step: 0.0338s loss: 0.0
step: 0.0387s loss: 0.0
step: 0.0410s loss: 0.03076171875
step: 0.0410s loss: 0.0
step: 0.0411s loss: 0.0
step: 0.0410s loss: 0.0
step: 0.0419s loss: 0.0
step: 0.0410s loss: 0.0
step: 0.0420s loss: 0.0
step: 0.0408s loss: 0.0
step: 0.0410s loss: 0.0
step: 0.0409s loss: 0.0
step: 0.0416s loss: 0.01544189453125
step: 0.0409s loss: 0.0
step: 0.0406s loss: 0.0
step: 0.0410s loss: 0.0
step: 0.0406s loss: 0.0
step: 0.3111s loss: 0.0
step: 0.0348s loss: 0.0
step: 0.0337s loss: 0.0
step: 0.0302s loss: 0.0
step: 0.0277s loss: 0.0
step: 0.0285s loss: 0.0
step: 0.0261s loss: 0.0
step: 0.0264s loss: 0.0
step: 0.0265s loss: 0.0
step: 0.0318s loss: 0.0
step: 0.0352s loss: 0.0
step: 0.0370s loss: 0.0
step: 0.0317s loss: 0.0
step: 0.0318s loss: 0.0
step: 0.0321s loss: 0.0
step: 0.0367s loss: 0.0
step: 0.0385s loss: 0.0
step: 0.0369s loss: 0.0
step: 0.0389s loss: 0.0
step: 0.2822s loss: 1.25
step: 0.0340s loss: 0.0
step: 0.0336s loss: 0.0
step: 0.0335s loss: 0.0
step: 0.0394s loss: 0.0
step: 0.0394s loss: 0.0
step: 0.0396s loss: 0.0
step: 0.0396s loss: 0.0
step: 0.0391s loss: 0.0
step: 0.0392s loss: 0.0
step: 0.0384s loss: 0.0
step: 0.0458s loss: 0.0
step: 0.0392s loss: 0.0
step: 0.0387s loss: 0.0
step: 0.0387s loss: 0.0
step: 0.0390s loss: 0.0
step: 0.0388s loss: 0.0
step: 0.0390s loss: 0.0
step: 0.0396s loss: 0.0
step: 0.2973s loss: 0.0
step: 0.0333s loss: 0.0
step: 0.0376s loss: 0.0
step: 0.0413s loss: 0.0
step: 0.0412s loss: 0.0
step: 0.0411s loss: 0.0
step: 0.0412s loss: 0.0
step: 0.0410s loss: 0.0
step: 0.0414s loss: 0.0
step: 0.0409s loss: 0.0
step: 0.0413s loss: 0.0
step: 0.0407s loss: 0.0
step: 0.0431s loss: 0.0
step: 0.0407s loss: 0.0
step: 0.0410s loss: 0.0
step: 0.0512s loss: 0.0
step: 0.0396s loss: 0.0
step: 0.0410s loss: 0.0
step: 0.0408s loss: 0.0
step: 0.0511s loss: 0.0
step: 0.2904s loss: 0.0
step: 0.0343s loss: 0.0
step: 0.0352s loss: 0.0
step: 0.0391s loss: 0.0
step: 0.0408s loss: 0.0
step: 0.0410s loss: 0.0
step: 0.0411s loss: 0.0
step: 0.0411s loss: 0.0
step: 0.0412s loss: 0.0
step: 0.0415s loss: 0.0
step: 0.0412s loss: 0.0
step: 0.0508s loss: 0.0
step: 0.0411s loss: 0.0
step: 0.0445s loss: 0.0
step: 0.0419s loss: 0.0
step: 0.0508s loss: 0.0
step: 0.0411s loss: 0.0
step: 0.0410s loss: 0.0
step: 0.0413s loss: 0.0
step: 0.0508s loss: 0.0
step: 0.0413s loss: 0.0
step: 0.2876s loss: 0.0
step: 0.0341s loss: 0.0
step: 0.0383s loss: 0.0
step: 0.0371s loss: 0.007781982421875
step: 0.0392s loss: 0.0
step: 0.0449s loss: 0.0
step: 0.0496s loss: 0.0
step: 0.0416s loss: 0.0
step: 0.0412s loss: 0.0
step: 0.0414s loss: 0.0
step: 0.0487s loss: 0.0
step: 0.0415s loss: 0.0
step: 0.0413s loss: 0.0
step: 0.0413s loss: 0.0
step: 0.0484s loss: 0.0
step: 0.0411s loss: 0.0
step: 0.0417s loss: 0.0
step: 0.0422s loss: 0.0
step: 0.0492s loss: 0.0
step: 0.0417s loss: 0.0
step: 0.0410s loss: 0.0
step: 0.3096s loss: 0.0
step: 0.0383s loss: 0.0
step: 0.0363s loss: 0.0
step: 0.0402s loss: 0.0
step: 0.0411s loss: 0.0
step: 0.0481s loss: 0.0
step: 0.0410s loss: 0.0
step: 0.0412s loss: 0.0
step: 0.0423s loss: 0.0
step: 0.0483s loss: 0.0
step: 0.0412s loss: 0.0
step: 0.0408s loss: 0.0
step: 0.0412s loss: 0.0
step: 0.0482s loss: 0.0
step: 0.0410s loss: 0.0
step: 0.0409s loss: 0.0
step: 0.0411s loss: 0.0
step: 0.0483s loss: 0.0
step: 0.0410s loss: 0.0
step: 0.0420s loss: 0.0
step: 0.0410s loss: 0.0
step: 0.0509s loss: 0.0
step: 0.2819s loss: 0.0
step: 0.0324s loss: 0.0
step: 0.0325s loss: 0.0
step: 0.0447s loss: 0.0
step: 0.0401s loss: 0.0
step: 0.0417s loss: 0.0
step: 0.0419s loss: 0.0
step: 0.0486s loss: 0.0
step: 0.0417s loss: 0.0
step: 0.0418s loss: 0.0
step: 0.0417s loss: 0.0
step: 0.0496s loss: 0.0
step: 0.0408s loss: 0.0
step: 0.0410s loss: 0.0
step: 0.0409s loss: 0.0
step: 0.0478s loss: 0.0
step: 0.0411s loss: 0.0
step: 0.0410s loss: 0.0
step: 0.0412s loss: 0.0
step: 0.0483s loss: 0.0
step: 0.0413s loss: 0.0
step: 0.0408s loss: 0.0
step: 0.3008s loss: 0.0
step: 0.0408s loss: 0.0
step: 0.0371s loss: 0.0
step: 0.0401s loss: 0.0
step: 0.0418s loss: 0.0
step: 0.0489s loss: 0.0
step: 0.0417s loss: 0.0
step: 0.0419s loss: 0.0
step: 0.0417s loss: 0.0
step: 0.0489s loss: 0.0
step: 0.0417s loss: 0.0
step: 0.0418s loss: 0.0
step: 0.0419s loss: 0.0
step: 0.0492s loss: 0.0
step: 0.0416s loss: 0.0
step: 0.0416s loss: 0.0
step: 0.0421s loss: 0.0
step: 0.0489s loss: 0.0
step: 0.0418s loss: 0.0
step: 0.0411s loss: 0.0
step: 0.0412s loss: 0.0
step: 0.0516s loss: 0.0
step: 0.0410s loss: 0.1103515625
step: 0.2945s loss: 0.0
step: 0.0340s loss: 0.0
step: 0.0424s loss: 0.0
step: 0.0408s loss: 0.0
step: 0.0415s loss: 0.0
step: 0.0409s loss: 0.0
step: 0.0486s loss: 0.0
step: 0.0411s loss: 0.0
step: 0.0412s loss: 0.0
step: 0.0411s loss: 0.0
step: 0.0484s loss: 0.0
step: 0.0408s loss: 0.0
step: 0.0409s loss: 0.0
step: 0.0413s loss: 0.0
step: 0.0517s loss: 0.0
step: 0.0418s loss: 0.0
step: 0.0411s loss: 0.0
step: 0.0412s loss: 0.0
step: 0.0503s loss: 0.0
step: 0.0410s loss: 0.0
step: 0.0410s loss: 0.0
step: 0.0411s loss: 0.0
step: 0.0511s loss: 0.0
step: 0.2824s loss: 0.0
step: 0.0325s loss: 0.0
step: 0.0323s loss: 0.0
step: 0.0430s loss: 0.0
step: 0.0379s loss: 0.0
step: 0.0378s loss: 0.0
step: 0.0410s loss: 0.0
step: 0.0494s loss: 0.0
step: 0.0409s loss: 0.0
step: 0.0410s loss: 0.0
step: 0.0414s loss: 0.0
step: 0.0485s loss: 0.0
step: 0.0410s loss: 0.0
step: 0.0410s loss: 0.0
step: 0.0413s loss: 0.0
step: 0.0482s loss: 0.0
step: 0.0411s loss: 0.0
step: 0.0410s loss: 0.0
step: 0.0412s loss: 0.0
step: 0.0480s loss: 0.0
step: 0.0412s loss: 0.0
step: 0.0412s loss: 0.0
step: 0.0409s loss: 0.0
step: 0.0488s loss: 0.0
step: 0.0411s loss: 0.0
step: 0.3185s loss: 0.0
step: 0.0359s loss: 0.0
step: 0.0463s loss: 0.0
step: 0.0421s loss: 0.0
step: 0.0415s loss: 0.0
step: 0.0419s loss: 0.0
step: 0.0518s loss: 0.01544189453125
step: 0.0414s loss: 0.0
step: 0.0415s loss: 0.0
step: 0.0411s loss: 0.0
step: 0.0509s loss: 0.0155029296875
step: 0.0412s loss: 0.0
step: 0.0419s loss: 0.0
step: 0.0415s loss: 0.0
step: 0.0533s loss: 0.0
step: 0.0413s loss: 0.0
step: 0.0410s loss: 0.0
step: 0.0414s loss: 0.0
step: 0.0514s loss: 0.0
step: 0.0411s loss: 0.0
step: 0.0410s loss: 0.0
step: 0.0413s loss: 0.0
step: 0.0509s loss: 0.0
step: 0.0409s loss: 0.0
step: 0.0409s loss: 0.0
step: 0.3032s loss: 0.0
step: 0.0440s loss: 0.0
step: 0.0369s loss: 0.0
step: 0.0395s loss: 0.0
step: 0.0413s loss: 0.0
step: 0.0492s loss: 0.0
step: 0.0414s loss: 0.0
step: 0.0415s loss: 0.0
step: 0.0412s loss: 0.0
step: 0.0482s loss: 0.0
step: 0.0412s loss: 0.0
step: 0.0408s loss: 0.0
step: 0.0411s loss: 0.0
step: 0.0503s loss: 0.0
step: 0.0422s loss: 0.0
step: 0.0408s loss: 0.0
step: 0.0415s loss: 0.0
step: 0.0482s loss: 0.0
step: 0.0407s loss: 0.0
step: 0.0410s loss: 0.0
step: 0.0413s loss: 0.0
step: 0.0496s loss: 0.0
step: 0.0414s loss: 0.0
step: 0.0411s loss: 0.0
step: 0.0413s loss: 0.0
step: 0.2963s loss: 0.0
step: 0.0346s loss: 0.0
step: 0.0351s loss: 0.0
step: 0.0375s loss: 0.0
step: 0.0460s loss: 0.0
step: 0.0408s loss: 0.0
step: 0.0421s loss: 0.0
step: 0.0415s loss: 0.0
step: 0.0507s loss: 0.0
step: 0.0417s loss: 0.0
step: 0.0418s loss: 0.0
step: 0.0417s loss: 0.0
step: 0.0498s loss: 0.0
step: 0.0418s loss: 0.0
step: 0.0416s loss: 0.0
step: 0.0418s loss: 0.0
step: 0.0485s loss: 0.0
step: 0.0415s loss: 0.0
step: 0.0417s loss: 0.0
step: 0.0449s loss: 0.0
step: 0.0371s loss: 0.0
step: 0.0413s loss: 0.0
step: 0.0415s loss: 0.0
step: 0.0451s loss: 0.0
step: 0.0519s loss: 0.0
step: 0.0419s loss: 0.0
step: 0.0419s loss: 0.0
step: 0.2848s loss: 0.0
step: 0.0370s loss: 0.0
step: 0.0350s loss: 0.0
step: 0.0371s loss: 0.0
step: 0.0395s loss: 0.0
step: 0.0578s loss: 0.0
step: 0.0392s loss: 0.0
step: 0.0390s loss: 0.0
step: 0.0395s loss: 0.0
step: 0.0458s loss: 0.0
step: 0.0410s loss: 0.0
step: 0.0410s loss: 0.0
step: 0.0409s loss: 0.0
step: 0.0480s loss: 0.0
step: 0.0411s loss: 0.0
step: 0.0408s loss: 0.0
step: 0.0419s loss: 0.0
step: 0.0493s loss: 0.0
step: 0.0411s loss: 0.0
step: 0.0417s loss: 0.0
step: 0.0413s loss: 0.0
step: 0.0487s loss: 0.0
step: 0.0410s loss: 0.0
step: 0.0410s loss: 0.0
step: 0.0413s loss: 0.0
step: 0.0492s loss: 0.0
step: 0.0406s loss: 0.0
step: 0.2823s loss: 0.0
step: 0.0334s loss: 0.007781982421875
step: 0.0419s loss: 0.0
step: 0.0370s loss: 0.0
step: 0.0407s loss: 0.0
step: 0.0413s loss: 0.0
step: 0.0483s loss: 0.0
step: 0.0413s loss: 0.0
step: 0.0414s loss: 0.0
step: 0.0419s loss: 0.0
step: 0.0485s loss: 0.0
step: 0.0415s loss: 0.0
step: 0.0410s loss: 0.0
step: 0.0412s loss: 0.0
step: 0.0489s loss: 0.0
step: 0.0412s loss: 0.0
step: 0.0409s loss: 0.0
step: 0.0414s loss: 0.0
step: 0.0484s loss: 0.0
step: 0.0411s loss: 0.0
step: 0.0409s loss: 0.0
step: 0.0422s loss: 0.0
step: 0.0484s loss: 0.0
step: 0.0412s loss: 0.0
step: 0.0411s loss: 0.0
step: 0.0408s loss: 0.0
step: 0.0507s loss: 0.0
step: 0.0411s loss: 0.0
step: 0.3040s loss: 0.0
step: 0.0349s loss: 0.0
step: 0.0442s loss: 0.0
step: 0.0401s loss: 0.0
step: 0.0412s loss: 0.0
step: 0.0417s loss: 0.0
step: 0.0525s loss: 0.0
step: 0.0410s loss: 0.0
step: 0.0413s loss: 0.0
step: 0.0419s loss: 0.0
step: 0.0510s loss: 0.0
step: 0.0412s loss: 0.0
step: 0.0412s loss: 0.0
step: 0.0414s loss: 0.0
step: 0.0514s loss: 0.0
step: 0.0409s loss: 0.0
step: 0.0408s loss: 0.0
step: 0.0415s loss: 0.0
step: 0.0506s loss: 0.0
step: 0.0411s loss: 0.0
step: 0.0409s loss: 0.0
step: 0.0413s loss: 0.0
step: 0.0513s loss: 0.0
step: 0.0409s loss: 0.0
step: 0.0412s loss: 0.0
step: 0.0414s loss: 0.0
step: 0.0490s loss: 0.0
step: 0.0409s loss: 0.0
step: 0.0409s loss: 0.0
step: 0.3125s loss: 0.0
step: 0.0391s loss: 0.0
step: 0.0363s loss: 0.0
step: 0.0406s loss: 0.0
step: 0.0425s loss: 0.0
step: 0.0481s loss: 0.0
step: 0.0415s loss: 0.0
step: 0.0408s loss: 0.0
step: 0.0414s loss: 0.0
step: 0.0483s loss: 0.0
step: 0.0411s loss: 0.0
step: 0.0414s loss: 0.0
step: 0.0409s loss: 0.0
step: 0.0498s loss: 0.0
step: 0.0414s loss: 0.0
step: 0.0415s loss: 0.0
step: 0.0510s loss: 0.0
step: 0.0413s loss: 0.0
step: 0.0409s loss: 0.0
step: 0.0415s loss: 0.0
step: 0.0411s loss: 0.0
step: 0.0512s loss: 0.0
step: 0.0407s loss: 0.0
step: 0.0410s loss: 0.0
step: 0.0418s loss: 0.0
step: 0.0508s loss: 0.0
step: 0.0408s loss: 0.0
step: 0.0411s loss: 0.0
step: 0.0413s loss: 0.0
step: 0.0519s loss: 0.0
step: 0.2801s loss: 0.0
step: 0.0328s loss: 0.0
step: 0.0345s loss: 0.0
step: 0.0402s loss: 0.0
step: 0.0396s loss: 0.0
step: 0.0411s loss: 0.0
step: 0.0413s loss: 0.0
step: 0.0483s loss: 0.0
step: 0.0408s loss: 0.0
step: 0.0422s loss: 0.0
step: 0.0418s loss: 0.0
step: 0.0483s loss: 0.0
step: 0.0412s loss: 0.007781982421875
step: 0.0411s loss: 0.0
step: 0.0413s loss: 0.0
step: 0.0486s loss: 0.0
step: 0.0412s loss: 0.0
step: 0.0408s loss: 0.0
step: 0.0416s loss: 0.0
step: 0.0487s loss: 0.0
step: 0.0412s loss: 0.0
step: 0.0413s loss: 0.0
step: 0.0412s loss: 0.0
step: 0.0481s loss: 0.0
step: 0.0413s loss: 0.0
step: 0.0408s loss: 0.0
step: 0.0416s loss: 0.0
step: 0.0478s loss: 0.0
step: 0.0406s loss: 0.0
step: 0.0411s loss: 0.0
step: 0.0410s loss: 0.0
step: 0.0527s loss: 0.0
step: 0.2978s loss: 0.0
step: 0.0342s loss: 0.0
step: 0.0367s loss: 0.0
step: 0.0458s loss: 0.0
step: 0.0408s loss: 0.0
step: 0.0411s loss: 0.0
step: 0.0416s loss: 0.0
step: 0.0512s loss: 0.0
step: 0.0410s loss: 0.0
step: 0.0419s loss: 0.0
step: 0.0416s loss: 0.0
step: 0.0512s loss: 0.0
step: 0.0411s loss: 0.0
step: 0.0412s loss: 0.0
step: 0.0419s loss: 0.0
step: 0.0513s loss: 0.0
step: 0.0414s loss: 0.0
step: 0.0409s loss: 0.0751953125
step: 0.0415s loss: 0.0
step: 0.0511s loss: 0.0
step: 0.0413s loss: 0.0
step: 0.0407s loss: 0.0
step: 0.0420s loss: 0.0
step: 0.0482s loss: 0.0
step: 0.0409s loss: 0.0
step: 0.0408s loss: 0.0
step: 0.0422s loss: 0.0
step: 0.0508s loss: 0.0
step: 0.0407s loss: 0.0
step: 0.0412s loss: 1.0390625
step: 0.0413s loss: 0.0
step: 0.0521s loss: 0.0
step: 0.2841s loss: 0.0
step: 0.0327s loss: 0.0
step: 0.0350s loss: 0.0
step: 0.0442s loss: 0.0
step: 0.0379s loss: 0.0
step: 0.0414s loss: 0.0
step: 0.0409s loss: 0.0
step: 0.0504s loss: 0.0
step: 0.0413s loss: 0.0
step: 0.0410s loss: 0.0
step: 0.0466s loss: 0.0
step: 0.0487s loss: 0.0
step: 0.0412s loss: 0.0
step: 0.0413s loss: 0.0
step: 0.0418s loss: 0.0
step: 0.0514s loss: 0.0
step: 0.0413s loss: 0.0
step: 0.0415s loss: 0.0
step: 0.0412s loss: 0.0
step: 0.0510s loss: 0.0
step: 0.0415s loss: 0.0
step: 0.0413s loss: 0.0
step: 0.0412s loss: 0.0
step: 0.0512s loss: 0.0
step: 0.0408s loss: 0.0
step: 0.0413s loss: 0.0
step: 0.0409s loss: 0.0
step: 0.0510s loss: 0.0
step: 0.0483s loss: 0.0
step: 0.0400s loss: 0.0
step: 0.0395s loss: 0.0
step: 0.0503s loss: 0.0
step: 0.0414s loss: 0.0
step: 0.0416s loss: 0.0
step: 0.2979s loss: 0.0
step: 0.0373s loss: 0.0
step: 0.0357s loss: 0.0
step: 0.0380s loss: 0.0
step: 0.0411s loss: 0.0
step: 0.0486s loss: 0.0
step: 0.0413s loss: 0.0
step: 0.0410s loss: 0.0
step: 0.0422s loss: 0.0
step: 0.0488s loss: 0.0
step: 0.0419s loss: 0.0
step: 0.0415s loss: 0.0
step: 0.0415s loss: 0.0
step: 0.0492s loss: 0.0
step: 0.0419s loss: 0.0
step: 0.0414s loss: 0.0
step: 0.0415s loss: 0.0
step: 0.0483s loss: 0.0
step: 0.0412s loss: 0.0
step: 0.0414s loss: 0.0
step: 0.0415s loss: 0.0
step: 0.0482s loss: 0.0
step: 0.0417s loss: 0.0
step: 0.0413s loss: 0.0
step: 0.0411s loss: 0.0
step: 0.0481s loss: 0.0
step: 0.0409s loss: 0.0
step: 0.0415s loss: 0.0
step: 0.0413s loss: 0.0
step: 0.0493s loss: 0.0
step: 0.0415s loss: 0.0
step: 0.0412s loss: 0.0
step: 0.0422s loss: 0.0
step: 0.0508s loss: 0.0
step: 0.0419s loss: 0.0
step: 0.2892s loss: 0.0
step: 0.0331s loss: 0.0
step: 0.0421s loss: 0.0
step: 0.0365s loss: 0.0
step: 0.0409s loss: 0.0
step: 0.0419s loss: 0.0
step: 0.0482s loss: 0.0
step: 0.0414s loss: 0.0
step: 0.0413s loss: 0.0
step: 0.0412s loss: 0.0
step: 0.0498s loss: 0.0
step: 0.0414s loss: 0.0
step: 0.0414s loss: 0.0
step: 0.0414s loss: 0.0
step: 0.0515s loss: 0.0
step: 0.0417s loss: 0.0
step: 0.0412s loss: 0.0
step: 0.0416s loss: 0.0
step: 0.0484s loss: 0.0
step: 0.0416s loss: 0.0
step: 0.0415s loss: 0.0
step: 0.0412s loss: 0.0
step: 0.0482s loss: 0.0
step: 0.0412s loss: 0.0
step: 0.0413s loss: 0.0
step: 0.0419s loss: 0.0
step: 0.0487s loss: 0.0
step: 0.0419s loss: 0.0
step: 0.0409s loss: 0.0
step: 0.0423s loss: 0.0
step: 0.0489s loss: 0.0
step: 0.0413s loss: 0.0
step: 0.0413s loss: 0.0
step: 0.0419s loss: 0.0
step: 0.0509s loss: 0.0
step: 0.0419s loss: 0.0
step: 0.3135s loss: 0.0
step: 0.0348s loss: 0.0
step: 0.0442s loss: 0.0
step: 0.0395s loss: 0.0
step: 0.0409s loss: 0.0
step: 0.0414s loss: 0.0
step: 0.0486s loss: 0.0
step: 0.0409s loss: 0.0
step: 0.0412s loss: 0.0
step: 0.0439s loss: 0.0
step: 0.0484s loss: 0.0
step: 0.0409s loss: 0.0
step: 0.0412s loss: 0.0
step: 0.0415s loss: 0.0
step: 0.0479s loss: 0.0
step: 0.0412s loss: 0.0
step: 0.0412s loss: 0.0
step: 0.0431s loss: 0.0
step: 0.0516s loss: 0.0
step: 0.0418s loss: 0.0
step: 0.0415s loss: 0.0
step: 0.0420s loss: 0.0
step: 0.0522s loss: 0.0
step: 0.0417s loss: 0.0
step: 0.0419s loss: 0.0
step: 0.0422s loss: 0.0
step: 0.0518s loss: 0.0
step: 0.0412s loss: 0.0
step: 0.0414s loss: 0.0
step: 0.0418s loss: 0.0
step: 0.0511s loss: 0.0
step: 0.0414s loss: 0.0
step: 0.0414s loss: 0.0
step: 0.0413s loss: 0.0
step: 0.0561s loss: 0.0
step: 0.0423s loss: 0.0
step: 0.0420s loss: 0.0
step: 0.0416s loss: 0.0
step: 0.3113s loss: 0.0
step: 0.0326s loss: 0.0
step: 0.0373s loss: 0.0
step: 0.0404s loss: 0.0
step: 0.0481s loss: 0.0
step: 0.0408s loss: 0.0
step: 0.0407s loss: 0.0
step: 0.0412s loss: 0.0
step: 0.0487s loss: 0.0
step: 0.0411s loss: 0.0
step: 0.0413s loss: 0.0
step: 0.0418s loss: 0.0
step: 0.0486s loss: 0.0
step: 0.0412s loss: 0.0
step: 0.0414s loss: 0.0
step: 0.0413s loss: 0.0
step: 0.0485s loss: 0.0
step: 0.0414s loss: 0.0
step: 0.0409s loss: 0.0
step: 0.0414s loss: 0.0
step: 0.0486s loss: 0.0
step: 0.0420s loss: 0.0
step: 0.0410s loss: 0.0
step: 0.0409s loss: 0.0
step: 0.0482s loss: 0.0
step: 0.0408s loss: 0.0
step: 0.0414s loss: 0.0
step: 0.0414s loss: 0.0
step: 0.0487s loss: 0.0
step: 0.0406s loss: 0.0
step: 0.0411s loss: 0.0
step: 0.0415s loss: 0.0
step: 0.0499s loss: 0.0
step: 0.0409s loss: 0.0
step: 0.0409s loss: 0.0
step: 0.0413s loss: 0.0
step: 0.0482s loss: 0.0
step: 0.0412s loss: 0.0
step: 0.0419s loss: 0.0
step: 0.0419s loss: 0.0
step: 0.3100s loss: 0.0
step: 0.0331s loss: 0.0
step: 0.0372s loss: 0.0
step: 0.0394s loss: 0.0155029296875
step: 0.0492s loss: 0.0
step: 0.0410s loss: 0.0
step: 0.0419s loss: 0.0
step: 0.0416s loss: 0.0
step: 0.0489s loss: 0.0
step: 0.0412s loss: 0.0
step: 0.0413s loss: 0.0
step: 0.0414s loss: 0.007781982421875
step: 0.0486s loss: 0.0
step: 0.0414s loss: 0.0
step: 0.0415s loss: 0.0
step: 0.0422s loss: 0.0
step: 0.0482s loss: 0.0
step: 0.0414s loss: 0.0
step: 0.0417s loss: 0.007781982421875
step: 0.0417s loss: 0.0
step: 0.0488s loss: 0.0
step: 0.0412s loss: 0.0
step: 0.0412s loss: 0.0
step: 0.0416s loss: 0.0
step: 0.0513s loss: 0.0
step: 0.0413s loss: 0.0
step: 0.0410s loss: 0.0
step: 0.0414s loss: 0.0
step: 0.0510s loss: 0.0
step: 0.0419s loss: 0.007781982421875
step: 0.0413s loss: 0.0
step: 0.0413s loss: 0.0
step: 0.0513s loss: 0.0
step: 0.0413s loss: 0.0
step: 0.0412s loss: 0.0
step: 0.0417s loss: 0.0
step: 0.0509s loss: 0.0
step: 0.0413s loss: 0.0
step: 0.0410s loss: 0.0
step: 0.0414s loss: 0.0
step: 0.0512s loss: 0.01544189453125
step: 0.2944s loss: 0.0
step: 0.0333s loss: 0.0
step: 0.0332s loss: 0.0
step: 0.0462s loss: 0.0
step: 0.0413s loss: 0.0
step: 0.0410s loss: 0.0
step: 0.0412s loss: 0.0
step: 0.0483s loss: 0.0
step: 0.0413s loss: 0.0
step: 0.0414s loss: 0.0
step: 0.0416s loss: 0.0
step: 0.0513s loss: 0.0
step: 0.0412s loss: 0.0
step: 0.0409s loss: 0.0
step: 0.0412s loss: 0.0
step: 0.0512s loss: 0.0
step: 0.0414s loss: 0.0
step: 0.0409s loss: 0.0
step: 0.0412s loss: 0.0
step: 0.0505s loss: 0.0
step: 0.0414s loss: 0.0
step: 0.0408s loss: 0.0
step: 0.0411s loss: 0.0
step: 0.0512s loss: 0.0
step: 0.0412s loss: 0.0
step: 0.0412s loss: 0.0
step: 0.0411s loss: 0.0
step: 0.0510s loss: 0.0
step: 0.0412s loss: 0.0
step: 0.0410s loss: 0.0
step: 0.0413s loss: 0.0
step: 0.0525s loss: 0.0
step: 0.0412s loss: 0.0
step: 0.0412s loss: 0.0
step: 0.0414s loss: 0.0
step: 0.0510s loss: 0.0
step: 0.0411s loss: 0.0
step: 0.0421s loss: 0.0
step: 0.0411s loss: 0.0
step: 0.0507s loss: 0.0
step: 0.0409s loss: 0.0
step: 0.0415s loss: 0.0
step: 0.0415s loss: 0.0
step: 0.2890s loss: 0.0
step: 0.0323s loss: 0.0
step: 0.0348s loss: 0.0
step: 0.0379s loss: 0.0
step: 0.0470s loss: 0.0
step: 0.0413s loss: 0.0
step: 0.0417s loss: 0.0
step: 0.0412s loss: 0.0
step: 0.0483s loss: 0.0
step: 0.0412s loss: 0.0
step: 0.0412s loss: 0.007781982421875
step: 0.0409s loss: 0.0
step: 0.0482s loss: 0.0
step: 0.0412s loss: 0.0
step: 0.0414s loss: 0.0
step: 0.0419s loss: 0.0
step: 0.0484s loss: 0.0
step: 0.0411s loss: 0.0
step: 0.0413s loss: 0.0
step: 0.0418s loss: 0.0
step: 0.0492s loss: 0.0
step: 0.0398s loss: 0.0
step: 0.0413s loss: 0.0
step: 0.0416s loss: 0.0
step: 0.0485s loss: 0.0
step: 0.0412s loss: 0.0
step: 0.0414s loss: 0.0
step: 0.0413s loss: 0.0
step: 0.0484s loss: 0.0
step: 0.0411s loss: 0.0
step: 0.0413s loss: 0.0
step: 0.0414s loss: 0.0
step: 0.0485s loss: 0.0
step: 0.0410s loss: 0.0
step: 0.0408s loss: 0.0
step: 0.0414s loss: 0.0
step: 0.0501s loss: 0.0
step: 0.0412s loss: 0.0
step: 0.0413s loss: 0.0
step: 0.0414s loss: 0.0
step: 0.0507s loss: 0.0
step: 0.0412s loss: 0.0
step: 0.0267s loss: 0.0
step: 0.0374s loss: 0.0
step: 0.0352s loss: 0.0
step: 0.0382s loss: 0.0
step: 0.2900s loss: 0.0
step: 0.0325s loss: 0.0
step: 0.0361s loss: 0.0
step: 0.0383s loss: 0.0
all: 191.7479s 
2026-05-25 12:34:52.718 | info     |    BuildKernels | JIT cache stats: 180/229 hits (78.6%) [180 cached, 70 build-once dedup, 0 merged artifacts, 0 merged genfiles] (build_cache_telemetry.cpp:207)
2026-05-25 12:34:52.718 | info     |    BuildKernels | JIT telemetry: 3 registered TelemetryTokens (build_cache_telemetry.cpp:230)
2026-05-25 12:34:52.718 | info     |    BuildKernels | JIT telemetry [dependencies_up_to_date]: count=360, total=279.282ms, min=0.018ms, max=5.779ms, mean=0.776ms (build_cache_telemetry.cpp:246)
2026-05-25 12:34:52.718 | info     |    BuildKernels | JIT telemetry [JitBuildState::build]: count=229, total=37479.979ms, min=0.495ms, max=1140.273ms, mean=163.668ms (build_cache_telemetry.cpp:246)
2026-05-25 12:34:52.718 | info     |    BuildKernels | JIT telemetry [jit_build]: count=103, total=20546.457ms, min=0.507ms, max=896.819ms, mean=199.480ms (build_cache_telemetry.cpp:246)
2026-05-25 12:34:52.724 | info     |          Device | Closing user mode device drivers (tt_cluster.cpp:490)
2026-05-25 12:34:52.724 | info     |             UMD | Closing devices in cluster (cluster.cpp:961)
