2026-05-25 12:51:09.209 | info     |             UMD | Creating TopologyDiscovery for architecture: wormhole_b0 (topology_discovery.cpp:72)
2026-05-25 12:51:09.210 | info     |             UMD | Established firmware bundle version: 19.6.0 (topology_discovery.cpp:461)
2026-05-25 12:51:09.210 | info     |             UMD | Firmware bundle version 19.6.0 on the system is newer than the latest fully tested version 19.5.0 for wormhole_b0 architecture. Newest features may not be supported. (topology_discovery.cpp:493)
2026-05-25 12:51:09.222 | info     |          Device | Opening user mode device driver (tt_cluster.cpp:224)
2026-05-25 12:51:09.222 | info     |             UMD | Creating TopologyDiscovery for architecture: wormhole_b0 (topology_discovery.cpp:72)
2026-05-25 12:51:09.223 | info     |             UMD | Established firmware bundle version: 19.6.0 (topology_discovery.cpp:461)
2026-05-25 12:51:09.223 | info     |             UMD | Firmware bundle version 19.6.0 on the system is newer than the latest fully tested version 19.5.0 for wormhole_b0 architecture. Newest features may not be supported. (topology_discovery.cpp:493)
2026-05-25 12:51:09.234 | info     |             UMD | Harvesting masks for Chip 0: Tensix: 0x201 DRAM: 0x0 ETH: 0x0 PCIe: 0x0 L2CPU: 0x0 (cluster.cpp:283)
2026-05-25 12:51:09.272 | info     |             UMD | Harvesting masks for Chip 1: Tensix: 0x300 DRAM: 0x0 ETH: 0x0 PCIe: 0x0 L2CPU: 0x0 (cluster.cpp:283)
2026-05-25 12:51:09.275 | info     |             UMD | Opening local chip ids/PCIe ids: {0}/[0] and remote chip ids {1} (cluster.cpp:183)
2026-05-25 12:51:09.275 | info     |             UMD | IOMMU: disabled (cluster.cpp:157)
2026-05-25 12:51:09.275 | info     |             UMD | KMD version: 2.8.0 (cluster.cpp:160)
2026-05-25 12:51:09.277 | info     |             UMD | Starting devices in cluster (cluster.cpp:949)
2026-05-25 12:51:09.277 | info     |             UMD | Mapped hugepage 0x300000000 to NOC address 0x800000000 (silicon_sysmem_manager.cpp:262)
2026-05-25 12:51:09.278 | info     |             UMD | Mapped hugepage 0x2c0000000 to NOC address 0x840000000 (silicon_sysmem_manager.cpp:262)
2026-05-25 12:51:09.317 | info     |     Distributed | Using auto discovery to generate mesh graph. (metal_env.cpp:332)
2026-05-25 12:51:09.317 | info     |     Distributed | Constructing control plane using auto-discovery (no mesh graph descriptor). (metal_env.cpp:394)
2026-05-25 12:51:09.318 | info     |             UMD | Creating TopologyDiscovery for architecture: wormhole_b0 (topology_discovery.cpp:72)
2026-05-25 12:51:09.319 | info     |             UMD | Established firmware bundle version: 19.6.0 (topology_discovery.cpp:461)
2026-05-25 12:51:09.319 | info     |             UMD | Firmware bundle version 19.6.0 on the system is newer than the latest fully tested version 19.5.0 for wormhole_b0 architecture. Newest features may not be supported. (topology_discovery.cpp:493)
2026-05-25 12:51:09.331 | info     |          Fabric | TopologyMapper: Logical Multi-Mesh Adjacency Map: (topology_mapper.cpp:1474)
2026-05-25 12:51:09.331 | info     |          Fabric | 
=== Logical Mesh-Level Graph Adjacency Map ===
Total nodes: 1
Degree histogram: {0:1}
 (topology_solver.tpp:91)
2026-05-25 12:51:09.331 | info     |          Fabric | 
=== Logical Mesh 0 Internal Graph Adjacency Map ===
Total nodes: 2
Degree histogram: {1:2}
 (topology_solver.tpp:91)
2026-05-25 12:51:09.331 | info     |          Fabric | TopologyMapper: Physical Multi-Mesh Adjacency Map: (topology_mapper.cpp:1485)
2026-05-25 12:51:09.331 | info     |          Fabric | 
=== Physical Mesh-Level Graph Adjacency Map ===
Total nodes: 1
Degree histogram: {0:1}
 (topology_solver.tpp:91)
2026-05-25 12:51:09.331 | info     |          Fabric | 
=== Physical Mesh 0 Internal Graph Adjacency Map ===
Total nodes: 2
Degree histogram: {1:2}
 (topology_solver.tpp:91)
2026-05-25 12:51:09.331 | info     |          Fabric | Starting multi-mesh mapping: 1 logical mesh(es) to 1 physical mesh(es) (topology_mapper_utils.cpp:1469)
2026-05-25 12:51:09.331 | info     |          Fabric | Multi-mesh mapping attempt 1/2: Trying inter-mesh mapping (topology_mapper_utils.cpp:1510)
2026-05-25 12:51:09.331 | info     |          Fabric | Attempt 1: Inter-mesh mapping succeeded, found 1 mesh pair(s) (topology_mapper_utils.cpp:1539)
2026-05-25 12:51:09.331 | info     |          Fabric | Attempt 1: Mapping 1 mesh pair(s) (topology_mapper_utils.cpp:1547)
2026-05-25 12:51:09.331 | info     |          Fabric | Attempt 1: Mapping mesh 0 -> 0 (topology_mapper_utils.cpp:1554)
2026-05-25 12:51:09.331 | info     |          Fabric | Multi-mesh mapping succeeded after 1 attempt(s): 1 mesh pair(s) mapped (topology_mapper_utils.cpp:1686)
2026-05-25 12:51:09.339 | info     |    BuildKernels | Using pre-compiled firmware from: /home/delaunap/workspace/tenstorrent_tests/.venv/lib/python3.12/site-packages/pjrt_plugin_tt/tt-metal/tt_metal/pre-compiled/6481459055998014514/ (build_env_manager.cpp:259)
2026-05-25 12:51:09.339 | info     |    BuildKernels | Using pre-compiled firmware from: /home/delaunap/workspace/tenstorrent_tests/.venv/lib/python3.12/site-packages/pjrt_plugin_tt/tt-metal/tt_metal/pre-compiled/6481459055998014514/ (build_env_manager.cpp:259)
2026-05-25 12:51:09.346 | info     |           Metal | While initializing device 0, active ethernet dispatch core (x=21,y=17) detected as still running, issuing exit signal. (risc_firmware_initializer.cpp:395)
2026-05-25 12:51:09.346 | info     |           Metal | While initializing device 0, active ethernet dispatch core (x=18,y=17) detected as still running, issuing exit signal. (risc_firmware_initializer.cpp:395)
2026-05-25 12:51:09.346 | info     |           Metal | While initializing device 0, active ethernet dispatch core (x=25,y=17) detected as still running, issuing exit signal. (risc_firmware_initializer.cpp:395)
2026-05-25 12:51:09.346 | critical |          Always | TT_FATAL: Read unexpected run_mailbox value from core (x=25,y=17) (assert.hpp:104)
2026-05-25 12:51:09.397 | warning  |          Always | Detected dispatch kernels still running but failed to complete an early exit. This may happen from time to time following a reset, continuing to FW initialization... (risc_firmware_initializer.cpp:415)
2026-05-25 12:51:09.400 | info     |           Metal | While initializing device 1, active ethernet dispatch core (x=18,y=16) detected as still running, issuing exit signal. (risc_firmware_initializer.cpp:395)
2026-05-25 12:51:09.400 | info     |           Metal | While initializing device 1, active ethernet dispatch core (x=25,y=16) detected as still running, issuing exit signal. (risc_firmware_initializer.cpp:395)
2026-05-25 12:51:09.400 | critical |          Always | TT_FATAL: Read unexpected run_mailbox value from core (x=25,y=16) (assert.hpp:104)
2026-05-25 12:51:09.450 | warning  |          Always | Detected dispatch kernels still running but failed to complete an early exit. This may happen from time to time following a reset, continuing to FW initialization... (risc_firmware_initializer.cpp:415)
2026-05-25 12:51:09.496 | info     |           Metal | Fabric config changed from FabricConfig::DISABLED to FabricConfig::FABRIC_1D, reinitializing control plane (metal_env.cpp:257)
2026-05-25 12:51:09.496 | info     |     Distributed | Using auto discovery to generate mesh graph. (metal_env.cpp:332)
2026-05-25 12:51:09.496 | info     |     Distributed | Constructing control plane using auto-discovery (no mesh graph descriptor). (metal_env.cpp:394)
2026-05-25 12:51:09.496 | info     |             UMD | Creating TopologyDiscovery for architecture: wormhole_b0 (topology_discovery.cpp:72)
2026-05-25 12:51:09.498 | info     |             UMD | Established firmware bundle version: 19.6.0 (topology_discovery.cpp:461)
2026-05-25 12:51:09.498 | info     |             UMD | Firmware bundle version 19.6.0 on the system is newer than the latest fully tested version 19.5.0 for wormhole_b0 architecture. Newest features may not be supported. (topology_discovery.cpp:493)
2026-05-25 12:51:09.509 | info     |          Fabric | TopologyMapper: Logical Multi-Mesh Adjacency Map: (topology_mapper.cpp:1474)
2026-05-25 12:51:09.509 | info     |          Fabric | 
=== Logical Mesh-Level Graph Adjacency Map ===
Total nodes: 1
Degree histogram: {0:1}
 (topology_solver.tpp:91)
2026-05-25 12:51:09.509 | info     |          Fabric | 
=== Logical Mesh 0 Internal Graph Adjacency Map ===
Total nodes: 2
Degree histogram: {1:2}
 (topology_solver.tpp:91)
2026-05-25 12:51:09.509 | info     |          Fabric | TopologyMapper: Physical Multi-Mesh Adjacency Map: (topology_mapper.cpp:1485)
2026-05-25 12:51:09.509 | info     |          Fabric | 
=== Physical Mesh-Level Graph Adjacency Map ===
Total nodes: 1
Degree histogram: {0:1}
 (topology_solver.tpp:91)
2026-05-25 12:51:09.509 | info     |          Fabric | 
=== Physical Mesh 0 Internal Graph Adjacency Map ===
Total nodes: 2
Degree histogram: {1:2}
 (topology_solver.tpp:91)
2026-05-25 12:51:09.509 | info     |          Fabric | Starting multi-mesh mapping: 1 logical mesh(es) to 1 physical mesh(es) (topology_mapper_utils.cpp:1469)
2026-05-25 12:51:09.509 | info     |          Fabric | Multi-mesh mapping attempt 1/2: Trying inter-mesh mapping (topology_mapper_utils.cpp:1510)
2026-05-25 12:51:09.509 | info     |          Fabric | Attempt 1: Inter-mesh mapping succeeded, found 1 mesh pair(s) (topology_mapper_utils.cpp:1539)
2026-05-25 12:51:09.509 | info     |          Fabric | Attempt 1: Mapping 1 mesh pair(s) (topology_mapper_utils.cpp:1547)
2026-05-25 12:51:09.509 | info     |          Fabric | Attempt 1: Mapping mesh 0 -> 0 (topology_mapper_utils.cpp:1554)
2026-05-25 12:51:09.509 | info     |          Fabric | Multi-mesh mapping succeeded after 1 attempt(s): 1 mesh pair(s) mapped (topology_mapper_utils.cpp:1686)
2026-05-25 12:51:09.510 | info     |           Metal | Enabling FabricConfig::FABRIC_1D only for dispatch. If your workload requires fabric, please set the fabric config accordingly. (device_manager.cpp:288)
2026-05-25 12:51:09.510 | info     |           Metal | Dispatch on FabricConfig::FABRIC_1D with 1 Command Queues
 (device_manager.cpp:296)
2026-05-25 12:51:09.517 | info     |           Metal | Initializing Fabric (fabric_firmware_initializer.cpp:45)
2026-05-25 12:51:09.544 | info     |           Metal | Fabric initialized on Device 0 (device.cpp:412)
2026-05-25 12:51:09.545 | info     |           Metal | Fabric initialized on Device 1 (device.cpp:412)
2026-05-25 12:51:09.545 | info     |           Metal | Fabric initialized on 2 devices (fabric_firmware_initializer.cpp:173)
2026-05-25 12:51:09.545 | info     |           Metal | Fabric Initialized with config FabricConfig::FABRIC_1D (fabric_firmware_initializer.cpp:48)
2026-05-25 12:51:09.587 | critical |          Always | TT_FATAL: Logical eth core (x=0,y=15) is not an active eth core on chip 0. (assert.hpp:104)
[32m                 Always[0m | [1m[38;5;208m WARNING[0m | Skipping ethernet core ((x=0,y=15)) on chip 0
2026-05-25 12:51:09.641 | info     |           Metal | Fabric config changed from FabricConfig::FABRIC_1D to FabricConfig::FABRIC_1D_RING, reinitializing control plane (metal_env.cpp:257)
2026-05-25 12:51:09.641 | info     |     Distributed | Using auto discovery to generate mesh graph. (metal_env.cpp:332)
2026-05-25 12:51:09.641 | info     |     Distributed | Constructing control plane using auto-discovery (no mesh graph descriptor). (metal_env.cpp:394)
2026-05-25 12:51:09.642 | info     |             UMD | Creating TopologyDiscovery for architecture: wormhole_b0 (topology_discovery.cpp:72)
2026-05-25 12:51:09.644 | info     |             UMD | Established firmware bundle version: 19.6.0 (topology_discovery.cpp:461)
2026-05-25 12:51:09.644 | info     |             UMD | Firmware bundle version 19.6.0 on the system is newer than the latest fully tested version 19.5.0 for wormhole_b0 architecture. Newest features may not be supported. (topology_discovery.cpp:493)
2026-05-25 12:51:09.655 | info     |          Fabric | TopologyMapper: Logical Multi-Mesh Adjacency Map: (topology_mapper.cpp:1474)
2026-05-25 12:51:09.655 | info     |          Fabric | 
=== Logical Mesh-Level Graph Adjacency Map ===
Total nodes: 1
Degree histogram: {0:1}
 (topology_solver.tpp:91)
2026-05-25 12:51:09.655 | info     |          Fabric | 
=== Logical Mesh 0 Internal Graph Adjacency Map ===
Total nodes: 2
Degree histogram: {1:2}
 (topology_solver.tpp:91)
2026-05-25 12:51:09.655 | info     |          Fabric | TopologyMapper: Physical Multi-Mesh Adjacency Map: (topology_mapper.cpp:1485)
2026-05-25 12:51:09.655 | info     |          Fabric | 
=== Physical Mesh-Level Graph Adjacency Map ===
Total nodes: 1
Degree histogram: {0:1}
 (topology_solver.tpp:91)
2026-05-25 12:51:09.655 | info     |          Fabric | 
=== Physical Mesh 0 Internal Graph Adjacency Map ===
Total nodes: 2
Degree histogram: {1:2}
 (topology_solver.tpp:91)
2026-05-25 12:51:09.655 | info     |          Fabric | Starting multi-mesh mapping: 1 logical mesh(es) to 1 physical mesh(es) (topology_mapper_utils.cpp:1469)
2026-05-25 12:51:09.655 | info     |          Fabric | Multi-mesh mapping attempt 1/2: Trying inter-mesh mapping (topology_mapper_utils.cpp:1510)
2026-05-25 12:51:09.655 | info     |          Fabric | Attempt 1: Inter-mesh mapping succeeded, found 1 mesh pair(s) (topology_mapper_utils.cpp:1539)
2026-05-25 12:51:09.655 | info     |          Fabric | Attempt 1: Mapping 1 mesh pair(s) (topology_mapper_utils.cpp:1547)
2026-05-25 12:51:09.655 | info     |          Fabric | Attempt 1: Mapping mesh 0 -> 0 (topology_mapper_utils.cpp:1554)
2026-05-25 12:51:09.655 | info     |          Fabric | Multi-mesh mapping succeeded after 1 attempt(s): 1 mesh pair(s) mapped (topology_mapper_utils.cpp:1686)
2026-05-25 12:51:09.663 | info     |    BuildKernels | Using pre-compiled firmware from: /home/delaunap/workspace/tenstorrent_tests/.venv/lib/python3.12/site-packages/pjrt_plugin_tt/tt-metal/tt_metal/pre-compiled/6481459055998014514/ (build_env_manager.cpp:259)
2026-05-25 12:51:09.665 | info     |    BuildKernels | Using pre-compiled firmware from: /home/delaunap/workspace/tenstorrent_tests/.venv/lib/python3.12/site-packages/pjrt_plugin_tt/tt-metal/tt_metal/pre-compiled/6481459055998014514/ (build_env_manager.cpp:259)
2026-05-25 12:51:09.721 | warning  |           Metal | Got num_routing_planes: 1, which is less than current value: 255, ignoring the override (metal_env.cpp:232)
2026-05-25 12:51:09.721 | info     |           Metal | Dispatch on FabricConfig::FABRIC_1D_RING with 1 Command Queues
 (device_manager.cpp:296)
2026-05-25 12:51:09.728 | info     |           Metal | Initializing Fabric (fabric_firmware_initializer.cpp:45)
2026-05-25 12:51:09.744 | info     |           Metal | Fabric initialized on Device 0 (device.cpp:412)
2026-05-25 12:51:09.748 | info     |           Metal | Fabric initialized on Device 1 (device.cpp:412)
2026-05-25 12:51:09.748 | info     |           Metal | Fabric initialized on 2 devices (fabric_firmware_initializer.cpp:173)
2026-05-25 12:51:09.748 | info     |           Metal | Fabric Initialized with config FabricConfig::FABRIC_1D_RING (fabric_firmware_initializer.cpp:48)
2026-05-25 12:51:09.788 | info     |           Metal | Enabling program cache on MeshDevice 1 (mesh_device.cpp:974)
2026-05-25 12:51:10.205 | warning  |       Inspector | Failed to start Inspector RPC server: ::bind(sockfd, &addr.generic, addrlen): Address already in use; toString() = 127.0.0.1:50051 (data.cpp:72)
2026-05-25 12:51:10.213 | info     |    BuildKernels | Using pre-compiled firmware from: /home/delaunap/workspace/tenstorrent_tests/.venv/lib/python3.12/site-packages/pjrt_plugin_tt/tt-metal/tt_metal/pre-compiled/6481459055998014514/ (build_env_manager.cpp:259)
2026-05-25 12:51:10.213 | info     |    BuildKernels | Using pre-compiled firmware from: /home/delaunap/workspace/tenstorrent_tests/.venv/lib/python3.12/site-packages/pjrt_plugin_tt/tt-metal/tt_metal/pre-compiled/6481459055998014514/ (build_env_manager.cpp:259)
2026-05-25 12:51:10.303 | info     |           Metal | Enabling program cache on MeshDevice 2 (mesh_device.cpp:974)
2026-05-25 12:51:10.500 | warning  |              Op | On Wormhole with fp32 accumulation, output accuracy can be worse with HiFi4 than HiFi3 due to a hardware bug. Prefer using HiFi3 with fp32 accumulation on Wormhole. (compute_kernel_config.cpp:65)
step: 16.7456s loss: 0.0
step: 2.9034s loss: 0.0
step: 0.3067s loss: 0.0
step: 0.2599s loss: 0.0
step: 0.2491s loss: 0.0
step: 0.2577s loss: 0.0
step: 0.2520s loss: 0.0
step: 0.2559s loss: 0.0
step: 0.2528s loss: 0.0
step: 0.2501s loss: 0.0
step: 0.2531s loss: 0.0
step: 0.2619s loss: 0.0
step: 0.2594s loss: 0.0
step: 0.2777s loss: 0.0
step: 0.2616s loss: 0.0
step: 0.2512s loss: 0.0
step: 0.2506s loss: 0.0
step: 0.2505s loss: 2.34375
step: 0.2481s loss: 0.0
step: 0.2452s loss: 0.0
step: 0.2595s loss: 0.0
step: 0.2538s loss: 0.0
step: 0.2573s loss: 0.0
step: 0.2475s loss: 0.0
step: 0.2538s loss: 0.2294921875
step: 0.2491s loss: 0.0
step: 0.2464s loss: 0.0
step: 0.2385s loss: 0.0
step: 0.2582s loss: 0.0
step: 0.2591s loss: 0.0
step: 0.2603s loss: 0.0
step: 0.2599s loss: 0.0
step: 0.2558s loss: 0.0
step: 0.2541s loss: 0.0
step: 0.2587s loss: 0.0
step: 0.2596s loss: 0.0
step: 0.2610s loss: 0.0
step: 0.2620s loss: 0.0
step: 0.2583s loss: 0.0
step: 0.2564s loss: 0.0
step: 0.2653s loss: 0.0
step: 0.2639s loss: 0.0
step: 0.2649s loss: 0.0
step: 0.2535s loss: 0.0
step: 0.2543s loss: 0.0
step: 0.2615s loss: 0.0
step: 0.2561s loss: 0.0
step: 0.2599s loss: 0.0
step: 0.2619s loss: 0.0
step: 0.2562s loss: 0.0
step: 0.2574s loss: 0.0
step: 0.2600s loss: 0.0
step: 0.2568s loss: 0.0
step: 0.2624s loss: 0.0
step: 0.2477s loss: 0.0
step: 0.2493s loss: 0.0
step: 0.2459s loss: 0.0
step: 0.2595s loss: 0.0
step: 0.2569s loss: 0.0
step: 0.2554s loss: 0.0
step: 0.2560s loss: 0.0
step: 0.2511s loss: 0.0
step: 0.2563s loss: 0.0
step: 0.2465s loss: 0.0
step: 0.2489s loss: 0.0
step: 0.2554s loss: 0.0
step: 0.2583s loss: 0.0
step: 0.2539s loss: 0.0
step: 0.2614s loss: 0.0
step: 0.2563s loss: 0.0
step: 0.2534s loss: 0.0
step: 0.2586s loss: 0.0
step: 0.2464s loss: 0.0
step: 0.2505s loss: 0.0
step: 0.2479s loss: 0.0
step: 0.2545s loss: 0.0
step: 0.2489s loss: 0.0
step: 0.2659s loss: 0.0
step: 0.2599s loss: 0.0
step: 0.2539s loss: 0.0
step: 0.2567s loss: 0.0
step: 0.2442s loss: 0.0
step: 0.2521s loss: 0.0
step: 0.2541s loss: 0.0
step: 0.2499s loss: 0.0
step: 0.2502s loss: 0.0
step: 0.2468s loss: 0.0
step: 0.2496s loss: 0.0
step: 0.2513s loss: 0.0
step: 0.2521s loss: 0.0
step: 0.2546s loss: 0.0
step: 0.2470s loss: 0.0
step: 0.2522s loss: 0.0
step: 0.2460s loss: 0.0
step: 0.2489s loss: 0.0
step: 0.2574s loss: 0.0
step: 0.2563s loss: 0.0
step: 0.2580s loss: 0.0
step: 0.2555s loss: 0.0
step: 0.2607s loss: 0.5546875
step: 0.2618s loss: 0.0
step: 0.2608s loss: 0.0
step: 0.2612s loss: 0.0
step: 0.2594s loss: 0.0
step: 0.2605s loss: 0.0
step: 0.2600s loss: 0.0
step: 0.2604s loss: 0.0
step: 0.2599s loss: 0.007781982421875
step: 0.2623s loss: 0.0
step: 0.2702s loss: 0.0
step: 0.2645s loss: 0.0
step: 0.2610s loss: 0.0
step: 0.2640s loss: 0.0
step: 0.2590s loss: 0.007781982421875
step: 0.2618s loss: 0.0
step: 0.2614s loss: 0.0
step: 0.2631s loss: 0.0
step: 0.2687s loss: 0.0
step: 0.2612s loss: 0.0
step: 0.2602s loss: 0.0
step: 0.2613s loss: 0.0
step: 0.2645s loss: 0.0
step: 0.2605s loss: 0.0
step: 0.2525s loss: 0.0
step: 0.2674s loss: 0.0
step: 0.2644s loss: 0.0
step: 0.2656s loss: 0.0
step: 0.2629s loss: 0.0
step: 0.2637s loss: 0.0
step: 0.2643s loss: 0.0
step: 0.2604s loss: 0.0
step: 0.2623s loss: 0.0
step: 0.2595s loss: 0.0
step: 0.2594s loss: 0.0
step: 0.2580s loss: 0.0
step: 0.2603s loss: 0.0
step: 0.2589s loss: 0.0
step: 0.2593s loss: 0.0
step: 0.2629s loss: 0.0
step: 0.2575s loss: 0.0
step: 0.2601s loss: 0.0
step: 0.2620s loss: 0.0
step: 0.2646s loss: 0.0
step: 0.2632s loss: 0.0
step: 0.2623s loss: 0.0
step: 0.2645s loss: 0.0
step: 0.2571s loss: 0.0
step: 0.2573s loss: 0.0
step: 0.2591s loss: 0.0
step: 0.2594s loss: 0.0
step: 0.2589s loss: 0.0
step: 0.2595s loss: 0.0
step: 0.2619s loss: 0.0
step: 0.2636s loss: 0.0
step: 0.2635s loss: 0.0
step: 0.2607s loss: 0.0
step: 0.2586s loss: 0.0
step: 0.2586s loss: 0.0
step: 0.2606s loss: 0.0
step: 0.2592s loss: 0.0
step: 0.2604s loss: 0.0
step: 0.2607s loss: 0.007781982421875
step: 0.2626s loss: 0.0
step: 0.2596s loss: 0.0
step: 0.2542s loss: 0.0
step: 0.2593s loss: 0.0
step: 0.2582s loss: 0.0
step: 0.2457s loss: 0.0
step: 0.2441s loss: 0.0
step: 0.2509s loss: 0.0
step: 0.2450s loss: 0.0
step: 0.2717s loss: 0.0
step: 0.2568s loss: 0.0
step: 0.2282s loss: 0.0
step: 0.2449s loss: 0.0
step: 0.2512s loss: 0.0
step: 0.2552s loss: 0.0
step: 0.2523s loss: 0.0
step: 0.2525s loss: 0.0
step: 0.2535s loss: 0.0
step: 0.2440s loss: 0.0
step: 0.2544s loss: 0.0
step: 0.2530s loss: 0.0
step: 0.2524s loss: 0.0
step: 0.2517s loss: 0.0
step: 0.2542s loss: 0.0
step: 0.2545s loss: 0.0
step: 0.2477s loss: 0.0
step: 0.2468s loss: 0.0
step: 0.2472s loss: 0.0
step: 0.2534s loss: 0.0
step: 0.2456s loss: 0.0
step: 0.2437s loss: 0.0
step: 0.2481s loss: 0.0
step: 0.2476s loss: 0.0
step: 0.2534s loss: 0.0
step: 0.2474s loss: 0.0
step: 0.2541s loss: 0.0
step: 0.2563s loss: 0.0
step: 0.2551s loss: 0.0
step: 0.2514s loss: 0.0
step: 0.2449s loss: 0.0
step: 0.2525s loss: 0.0
step: 0.2492s loss: 0.0
step: 0.2465s loss: 0.0
step: 0.2532s loss: 0.0
step: 0.2411s loss: 0.0
step: 0.2560s loss: 0.0
step: 0.2547s loss: 0.0
step: 0.2531s loss: 0.0
step: 0.2546s loss: 0.0
step: 0.2533s loss: 0.0
step: 0.2507s loss: 0.0
step: 0.2555s loss: 0.0
step: 0.2484s loss: 0.0
step: 0.2467s loss: 0.0
step: 0.2504s loss: 0.0
step: 0.2455s loss: 0.0
step: 0.2561s loss: 0.0
step: 0.2630s loss: 0.0
step: 0.2353s loss: 0.0
step: 0.2460s loss: 0.0
step: 0.2489s loss: 0.0
step: 0.2408s loss: 0.0
step: 0.2416s loss: 0.0
step: 0.2528s loss: 0.0
step: 0.2442s loss: 0.0
step: 0.2482s loss: 0.0
step: 0.2389s loss: 0.0
step: 0.2564s loss: 0.0
step: 0.2619s loss: 0.0
step: 0.2510s loss: 0.0
step: 0.2576s loss: 0.0
step: 0.2551s loss: 0.0
step: 0.2540s loss: 0.0
step: 0.2511s loss: 0.0
step: 0.2490s loss: 0.0
step: 0.2525s loss: 0.0
step: 0.2487s loss: 0.0
step: 0.2515s loss: 0.0
step: 0.2450s loss: 0.0
step: 0.2422s loss: 0.0
step: 0.2585s loss: 0.0
step: 0.2522s loss: 0.0
step: 0.2500s loss: 0.0
step: 0.2458s loss: 0.0
step: 0.2529s loss: 0.0
step: 0.2489s loss: 0.0
step: 0.2558s loss: 0.0
step: 0.2500s loss: 0.0
step: 0.2477s loss: 0.0
step: 0.2434s loss: 0.0
step: 0.2515s loss: 0.0
step: 0.2577s loss: 0.0
step: 0.2516s loss: 0.0
step: 0.2546s loss: 0.0
step: 0.2546s loss: 0.0
step: 0.2400s loss: 0.0
step: 0.2476s loss: 0.0
step: 0.2459s loss: 0.0
step: 0.2424s loss: 0.0
step: 0.2433s loss: 0.0
step: 0.2460s loss: 0.038330078125
step: 0.2499s loss: 0.0
step: 0.2473s loss: 0.0
step: 0.2423s loss: 0.0
step: 0.2496s loss: 0.0
step: 0.2460s loss: 0.0
step: 0.2528s loss: 0.0
step: 0.2436s loss: 0.0
step: 0.2534s loss: 0.0
step: 0.2493s loss: 0.0
step: 0.2423s loss: 0.007781982421875
step: 0.2428s loss: 0.0
step: 0.2452s loss: 0.0
step: 0.2474s loss: 0.0
step: 0.2513s loss: 0.0
step: 0.2460s loss: 0.0
step: 0.2459s loss: 0.0
step: 0.2452s loss: 0.0
step: 0.2531s loss: 0.0
step: 0.2479s loss: 0.0
step: 0.2405s loss: 0.0
step: 0.2448s loss: 0.0
step: 0.2500s loss: 0.0
step: 0.2611s loss: 0.0
step: 0.2617s loss: 0.0
step: 0.2656s loss: 0.0
step: 0.2651s loss: 0.0
step: 0.2612s loss: 0.0
step: 0.2545s loss: 0.0
step: 0.2576s loss: 0.0
step: 0.2603s loss: 0.0
step: 0.2630s loss: 0.0
step: 0.2605s loss: 0.0
step: 0.2619s loss: 0.0
step: 0.2700s loss: 0.0
step: 0.2503s loss: 0.0
step: 0.2580s loss: 0.0
step: 0.2605s loss: 0.0
step: 0.2554s loss: 0.0
step: 0.2681s loss: 0.0
step: 0.2518s loss: 0.0
step: 0.2534s loss: 0.484375
step: 0.2550s loss: 0.0
step: 0.2602s loss: 0.0
step: 0.2590s loss: 0.0
step: 0.2583s loss: 0.0
step: 0.2534s loss: 0.0
step: 0.2541s loss: 0.0
step: 0.2544s loss: 0.0
step: 0.2598s loss: 0.0
step: 0.2591s loss: 0.0
step: 0.2514s loss: 0.0
step: 0.2515s loss: 0.0
step: 0.2579s loss: 0.0
step: 0.2577s loss: 0.0
step: 0.2642s loss: 0.0
step: 0.2598s loss: 0.0
step: 0.2595s loss: 0.0
step: 0.2614s loss: 0.0
step: 0.0256s loss: 0.0
step: 0.2625s loss: 0.0
step: 0.2508s loss: 0.0
step: 0.2569s loss: 0.0
step: 0.0242s loss: 0.0
step: 0.2642s loss: 0.0
step: 0.0325s loss: 0.0
step: 0.2687s loss: 0.0
step: 0.0327s loss: 0.0
step: 0.2703s loss: 0.0
step: 0.0328s loss: 0.0
step: 0.0330s loss: 0.0
step: 0.0317s loss: 0.0
step: 0.2658s loss: 0.0
step: 0.0328s loss: 0.0
step: 0.0320s loss: 0.0
step: 0.0296s loss: 0.0
step: 0.0374s loss: 0.0
step: 0.2831s loss: 0.0
step: 0.2634s loss: 0.0
step: 0.0324s loss: 0.0
step: 0.0341s loss: 0.0
step: 0.0336s loss: 0.0
step: 0.0407s loss: 0.0
step: 0.0403s loss: 0.0
step: 0.3039s loss: 0.0
step: 0.0340s loss: 0.0
step: 0.0357s loss: 0.0
step: 0.0357s loss: 0.0
step: 0.0404s loss: 0.0
step: 0.0404s loss: 0.0
step: 0.3074s loss: 0.0
step: 0.0321s loss: 0.0
step: 0.0360s loss: 0.0
step: 0.2939s loss: 0.0
step: 0.0346s loss: 0.0
step: 0.0359s loss: 0.0
step: 0.2835s loss: 0.0
step: 0.0324s loss: 0.0
step: 0.0352s loss: 0.0
step: 0.0372s loss: 0.0
step: 0.0403s loss: 0.0
step: 0.0404s loss: 0.0
step: 0.3090s loss: 0.0
step: 0.0341s loss: 0.0
step: 0.0334s loss: 0.0
step: 0.0330s loss: 0.0
step: 0.0342s loss: 0.0
step: 0.0364s loss: 0.0
step: 0.2979s loss: 0.0
step: 0.0344s loss: 0.0
step: 0.0390s loss: 0.0
step: 0.0403s loss: 0.0
step: 0.0405s loss: 0.0
step: 0.0410s loss: 0.0
step: 0.3101s loss: 0.0
step: 0.0341s loss: 0.0
step: 0.0365s loss: 0.0
step: 0.0400s loss: 0.0155029296875
step: 0.0411s loss: 0.0
step: 0.0403s loss: 0.0
step: 0.0402s loss: 0.0
step: 0.2891s loss: 0.0
step: 0.0342s loss: 0.0
step: 0.0314s loss: 0.0
step: 0.0360s loss: 0.0
step: 0.0353s loss: 0.0
step: 0.0413s loss: 0.0
step: 0.3017s loss: 0.0
step: 0.0315s loss: 0.0
step: 0.0353s loss: 0.0
step: 0.0394s loss: 0.0
step: 0.0406s loss: 0.0
step: 0.0404s loss: 0.0
step: 0.0402s loss: 0.0
step: 0.3073s loss: 0.0
step: 0.0308s loss: 0.0
step: 0.0346s loss: 0.0
step: 0.0346s loss: 0.0
step: 0.0406s loss: 0.0
step: 0.0386s loss: 0.0
step: 0.0402s loss: 0.0
step: 0.3164s loss: 0.0
step: 0.0355s loss: 0.0
step: 0.0353s loss: 0.0
step: 0.0374s loss: 0.0
step: 0.0372s loss: 0.0
step: 0.0437s loss: 0.0
step: 0.0406s loss: 0.0
step: 0.2985s loss: 0.0
step: 0.0322s loss: 0.0
step: 0.0361s loss: 0.0
step: 0.0389s loss: 0.0
step: 0.0406s loss: 0.0
step: 0.0402s loss: 0.0
step: 0.3070s loss: 0.0
step: 0.0347s loss: 0.0
step: 0.0322s loss: 0.0
step: 0.0324s loss: 0.0
step: 0.0315s loss: 0.0
step: 0.0385s loss: 0.0
step: 0.0381s loss: 0.0
step: 0.3113s loss: 0.0
step: 0.0356s loss: 0.0
step: 0.0360s loss: 0.0
step: 0.0481s loss: 0.0
step: 0.0407s loss: 0.0
step: 0.0394s loss: 0.0
step: 0.0403s loss: 0.0
step: 0.3099s loss: 0.0
step: 0.0344s loss: 0.0
step: 0.0323s loss: 0.0
step: 0.0315s loss: 0.0
step: 0.0363s loss: 0.0
step: 0.0376s loss: 0.0
step: 0.0385s loss: 0.0
step: 0.0405s loss: 0.0
step: 0.3018s loss: 0.0
step: 0.0312s loss: 0.0
step: 0.0359s loss: 0.0
step: 0.0366s loss: 0.0
step: 0.0425s loss: 0.0
step: 0.0403s loss: 0.0
step: 0.0427s loss: 0.0
step: 0.2639s loss: 0.0
step: 0.0311s loss: 0.0
step: 0.0309s loss: 0.0
step: 0.0363s loss: 0.0
step: 0.0377s loss: 0.0
step: 0.0373s loss: 0.0
step: 0.0416s loss: 0.0
step: 0.2965s loss: 0.0
step: 0.0349s loss: 0.0
step: 0.0374s loss: 0.0
step: 0.0405s loss: 0.0
step: 0.0410s loss: 0.0
step: 0.0410s loss: 0.0
step: 0.0407s loss: 0.0
step: 0.0404s loss: 0.0
step: 0.3094s loss: 0.0
step: 0.0345s loss: 0.0
step: 0.0370s loss: 0.0
step: 0.0408s loss: 0.0
step: 0.0414s loss: 0.0
step: 0.0402s loss: 0.0
step: 0.0406s loss: 0.0
step: 0.3122s loss: 0.4765625
step: 0.0363s loss: 0.0
step: 0.0356s loss: 0.0
step: 0.0396s loss: 0.0
step: 0.0413s loss: 0.0
step: 0.0414s loss: 0.0
step: 0.0403s loss: 0.0
step: 0.0405s loss: 0.0
step: 0.3091s loss: 0.0
step: 0.0352s loss: 0.0
step: 0.0358s loss: 0.0
step: 0.0389s loss: 0.0
step: 0.0404s loss: 0.0
step: 0.0412s loss: 0.0
step: 0.0408s loss: 0.0
step: 0.0404s loss: 0.0
step: 0.3079s loss: 0.0
step: 0.0335s loss: 0.0
step: 0.0338s loss: 0.0
step: 0.0384s loss: 0.0
step: 0.0405s loss: 0.0
step: 0.0421s loss: 0.0
step: 0.0405s loss: 0.0
step: 0.0401s loss: 0.0
step: 0.3127s loss: 0.0
step: 0.0355s loss: 0.0
step: 0.0339s loss: 0.0
step: 0.0333s loss: 0.0
step: 0.0332s loss: 0.0
step: 0.0316s loss: 0.0
step: 0.0313s loss: 0.0
step: 0.0379s loss: 0.0
step: 0.3074s loss: 0.0
step: 0.0336s loss: 0.0
step: 0.0356s loss: 0.0
step: 0.0405s loss: 0.0
step: 0.0405s loss: 0.0
step: 0.0417s loss: 0.0
step: 0.0404s loss: 0.0
step: 0.0405s loss: 0.0
step: 0.3070s loss: 0.0
step: 0.0351s loss: 0.0
step: 0.0355s loss: 0.0
step: 0.0402s loss: 0.0
step: 0.0409s loss: 0.0
step: 0.0415s loss: 0.0
step: 0.0401s loss: 0.0
step: 0.0406s loss: 0.0
step: 0.3103s loss: 0.0
step: 0.0352s loss: 0.0
step: 0.0368s loss: 0.0
step: 0.0383s loss: 0.023193359375
step: 0.0323s loss: 0.0
step: 0.0328s loss: 0.0
step: 0.0305s loss: 0.0
step: 0.0305s loss: 0.0
step: 0.2989s loss: 0.0
step: 0.0348s loss: 0.0
step: 0.0354s loss: 0.0
step: 0.0356s loss: 0.0
step: 0.0402s loss: 0.0
step: 0.0394s loss: 0.0
step: 0.0410s loss: 0.0
step: 0.0406s loss: 0.038330078125
step: 0.0406s loss: 0.0
step: 0.3123s loss: 0.0
step: 0.0316s loss: 0.0
step: 0.0357s loss: 0.0
step: 0.0393s loss: 0.0
step: 0.0405s loss: 0.0
step: 0.0402s loss: 0.0
step: 0.0404s loss: 0.0
step: 0.0405s loss: 0.0
step: 0.3066s loss: 0.0
step: 0.0327s loss: 0.0
step: 0.0355s loss: 0.0
step: 0.0384s loss: 0.0
step: 0.0377s loss: 0.0
step: 0.0375s loss: 0.0
step: 0.0370s loss: 0.0
step: 0.0403s loss: 0.0
step: 0.0426s loss: 0.0
step: 0.3127s loss: 0.0
step: 0.0337s loss: 0.0
step: 0.0367s loss: 0.0
step: 0.0393s loss: 0.0
step: 0.0410s loss: 0.0
step: 0.0401s loss: 0.0
step: 0.0407s loss: 0.0
step: 0.0411s loss: 0.0
step: 0.0405s loss: 0.0
step: 0.3000s loss: 0.0
step: 0.0305s loss: 0.0
step: 0.0306s loss: 0.0
step: 0.0295s loss: 0.0
step: 0.0369s loss: 0.0
step: 0.0401s loss: 0.0
step: 0.0417s loss: 0.0
step: 0.0398s loss: 0.0
step: 0.0403s loss: 0.0
step: 0.3157s loss: 0.0
step: 0.0359s loss: 0.0
step: 0.0345s loss: 0.0
step: 0.0405s loss: 0.0
step: 0.0407s loss: 0.0
step: 0.0411s loss: 0.0
step: 0.0407s loss: 0.0
step: 0.0403s loss: 0.0
step: 0.0426s loss: 0.0
step: 0.2917s loss: 0.0
step: 0.0316s loss: 0.0
step: 0.0344s loss: 0.0
step: 0.0358s loss: 0.0
step: 0.0374s loss: 0.0
step: 0.0404s loss: 0.0
step: 0.0407s loss: 0.0
step: 0.0406s loss: 0.0
step: 0.0415s loss: 0.0
step: 0.2904s loss: 0.0
step: 0.0321s loss: 0.0
step: 0.0350s loss: 0.0
step: 0.0363s loss: 0.0
step: 0.0402s loss: 0.0
step: 0.0406s loss: 0.0
step: 0.0412s loss: 0.0
step: 0.0412s loss: 0.0
step: 0.0407s loss: 0.0
step: 0.0382s loss: 0.0458984375
step: 0.3044s loss: 0.0
step: 0.0357s loss: 0.0
step: 0.0380s loss: 0.0
step: 0.0400s loss: 0.0
step: 0.0410s loss: 0.0
step: 0.0411s loss: 0.0
step: 0.0404s loss: 0.0
step: 0.0407s loss: 0.0
step: 0.0403s loss: 0.0
step: 0.3096s loss: 0.0
step: 0.0307s loss: 0.0
step: 0.0341s loss: 0.0
step: 0.0346s loss: 0.0
step: 0.0407s loss: 0.0
step: 0.0405s loss: 0.0
step: 0.0402s loss: 0.0
step: 0.0411s loss: 0.0
step: 0.0414s loss: 0.0
step: 0.0404s loss: 0.0
step: 0.3098s loss: 0.0
step: 0.0331s loss: 0.0
step: 0.0371s loss: 0.0
step: 0.0351s loss: 0.0
step: 0.0361s loss: 0.0
step: 0.0402s loss: 0.0
step: 0.0411s loss: 0.0
step: 0.0405s loss: 0.0
step: 0.0401s loss: 0.0
step: 0.0403s loss: 0.0
step: 0.3088s loss: 0.0
step: 0.0331s loss: 0.0
step: 0.0355s loss: 0.0
step: 0.0388s loss: 0.0
step: 0.0423s loss: 0.0
step: 0.0405s loss: 0.0
step: 0.0401s loss: 0.0
step: 0.0406s loss: 0.0
step: 0.0410s loss: 0.0
step: 0.0405s loss: 0.0
step: 0.3012s loss: 0.0
step: 0.0338s loss: 0.0
step: 0.0338s loss: 0.0
step: 0.0389s loss: 0.0
step: 0.0403s loss: 0.0
step: 0.0387s loss: 0.0
step: 0.0391s loss: 0.0
step: 0.0401s loss: 0.0
step: 0.0404s loss: 0.0
step: 0.0412s loss: 0.0
step: 0.3163s loss: 0.0
step: 0.0328s loss: 0.0
step: 0.0321s loss: 0.0
step: 0.0324s loss: 0.0
step: 0.0326s loss: 0.0
step: 0.0376s loss: 0.0
step: 0.0399s loss: 0.0
step: 0.0306s loss: 0.0
step: 0.0276s loss: 0.0
step: 0.0275s loss: 0.0
step: 0.0255s loss: 0.0
step: 0.2481s loss: 0.0
step: 0.0299s loss: 0.0
step: 0.0322s loss: 0.0
step: 0.0328s loss: 0.0
step: 0.0284s loss: 0.0
step: 0.0377s loss: 0.0
step: 0.0349s loss: 0.0
step: 0.0381s loss: 0.0
step: 0.0381s loss: 0.0
step: 0.0412s loss: 0.0
step: 0.2914s loss: 0.0
step: 0.0324s loss: 0.0
step: 0.0319s loss: 0.0
step: 0.0322s loss: 0.0
step: 0.0293s loss: 0.0
step: 0.0295s loss: 0.0
step: 0.0359s loss: 0.0
step: 0.0355s loss: 0.0
step: 0.0346s loss: 0.0
step: 0.0350s loss: 0.0
step: 0.0353s loss: 0.0
step: 0.3055s loss: 0.0
step: 0.0343s loss: 0.0
step: 0.0335s loss: 0.0
step: 0.0336s loss: 0.0
step: 0.0339s loss: 0.0
step: 0.0381s loss: 0.0
step: 0.0387s loss: 0.0
step: 0.0389s loss: 0.0
step: 0.0411s loss: 0.0
step: 0.0301s loss: 0.0
step: 0.0276s loss: 0.0
step: 0.2457s loss: 0.0
step: 0.0316s loss: 0.0
step: 0.0323s loss: 0.0
step: 0.0321s loss: 0.0
step: 0.0370s loss: 0.0
step: 0.0419s loss: 0.0
step: 0.0402s loss: 0.0
step: 0.0400s loss: 0.0
step: 0.0409s loss: 0.0
step: 0.0419s loss: 0.0
step: 0.0406s loss: 0.0
step: 0.3097s loss: 0.0
step: 0.0350s loss: 0.0
step: 0.0367s loss: 0.0
step: 0.0401s loss: 0.0
step: 0.0407s loss: 0.0
step: 0.0415s loss: 0.0
step: 0.0417s loss: 0.0
step: 0.0401s loss: 0.0
step: 0.0401s loss: 0.0
step: 0.0405s loss: 0.0
step: 0.0421s loss: 0.0
step: 0.2905s loss: 0.0
step: 0.0324s loss: 0.0
step: 0.0349s loss: 0.0
step: 0.0356s loss: 0.0
step: 0.0404s loss: 0.0
step: 0.0405s loss: 0.0
step: 0.0401s loss: 0.0
step: 0.0409s loss: 0.0
step: 0.0412s loss: 0.0
step: 0.0401s loss: 0.0
step: 0.0405s loss: 0.0
step: 0.3110s loss: 0.0
step: 0.0329s loss: 0.0
step: 0.0365s loss: 0.0
step: 0.0402s loss: 0.0
step: 0.0405s loss: 0.0
step: 0.0404s loss: 0.0
step: 0.0501s loss: 0.0
step: 0.0405s loss: 0.0
step: 0.0412s loss: 0.0
step: 0.0402s loss: 0.0
step: 0.0410s loss: 0.0
step: 0.0406s loss: 0.0
step: 0.2966s loss: 0.0
step: 0.0312s loss: 0.0
step: 0.0296s loss: 0.0
step: 0.0278s loss: 0.0
step: 0.0288s loss: 0.0
step: 0.0258s loss: 0.0
step: 0.0256s loss: 0.0
step: 0.0257s loss: 0.0
step: 0.0272s loss: 0.0
step: 0.0242s loss: 0.0
step: 0.0245s loss: 0.0
step: 0.0253s loss: 0.0
step: 0.2558s loss: 0.0
step: 0.0288s loss: 0.0
step: 0.0278s loss: 0.0
step: 0.0333s loss: 0.0
step: 0.0393s loss: 0.0
step: 0.0368s loss: 0.0
step: 0.0364s loss: 0.0
step: 0.0387s loss: 0.0
step: 0.0413s loss: 0.0
step: 0.0400s loss: 0.171875
step: 0.0404s loss: 0.0
step: 0.0404s loss: 0.0
step: 0.3196s loss: 0.0
step: 0.0311s loss: 0.0
step: 0.0304s loss: 0.0
step: 0.0385s loss: 0.0
step: 0.0398s loss: 0.0
step: 0.0406s loss: 0.0
step: 0.0412s loss: 0.435546875
step: 0.0412s loss: 0.0
step: 0.0407s loss: 0.0
step: 0.0401s loss: 0.0
step: 0.0399s loss: 0.0
step: 0.0404s loss: 0.0
step: 0.3107s loss: 0.0
step: 0.0346s loss: 0.0
step: 0.0337s loss: 0.0
step: 0.0336s loss: 0.0
step: 0.0344s loss: 0.0
step: 0.0330s loss: 0.0
step: 0.0308s loss: 0.0
step: 0.0311s loss: 0.0
step: 0.0312s loss: 0.0
step: 0.0380s loss: 0.0
step: 0.0382s loss: 0.0
step: 0.0381s loss: 0.0
step: 0.3091s loss: 0.0
step: 0.0333s loss: 0.0
step: 0.0325s loss: 0.0
step: 0.0326s loss: 0.0
step: 0.0330s loss: 0.0
step: 0.0375s loss: 0.0
step: 0.0402s loss: 0.007781982421875
step: 0.0402s loss: 0.0
step: 0.0415s loss: 0.0
step: 0.0404s loss: 0.0
step: 0.0401s loss: 0.0
step: 0.0412s loss: 0.0
step: 0.0407s loss: 0.0
step: 0.3179s loss: 0.0
step: 0.0351s loss: 0.0
step: 0.0338s loss: 0.0
step: 0.0345s loss: 0.0
step: 0.0311s loss: 0.0
step: 0.0311s loss: 0.0
step: 0.0310s loss: 0.0
step: 0.0311s loss: 0.0
step: 0.0314s loss: 0.0
step: 0.0315s loss: 0.0
step: 0.0369s loss: 0.0
step: 0.0397s loss: 0.0
step: 0.0386s loss: 0.0
step: 0.3116s loss: 0.0
step: 0.0357s loss: 0.0
step: 0.0339s loss: 0.0
step: 0.0333s loss: 0.0
step: 0.0327s loss: 0.0
step: 0.0340s loss: 0.0
step: 0.0451s loss: 0.0
step: 0.0390s loss: 0.0
step: 0.0392s loss: 0.0
step: 0.0426s loss: 0.0
step: 0.0417s loss: 0.0
step: 0.0402s loss: 0.0
step: 0.0424s loss: 0.0
step: 0.2958s loss: 0.0
step: 0.0323s loss: 0.0
step: 0.0342s loss: 0.0
step: 0.0339s loss: 0.0
step: 0.0345s loss: 0.0
step: 0.0322s loss: 0.0
step: 0.0316s loss: 0.0
step: 0.0317s loss: 0.0
step: 0.0322s loss: 0.0
step: 0.0323s loss: 0.0
step: 0.0318s loss: 0.0
step: 0.0384s loss: 0.0
step: 0.0385s loss: 0.0
step: 0.2978s loss: 0.0
step: 0.0332s loss: 0.0
step: 0.0321s loss: 0.0
step: 0.0376s loss: 0.0
step: 0.0397s loss: 0.0
step: 0.0406s loss: 0.0
step: 0.0405s loss: 0.0
step: 0.0403s loss: 0.0
step: 0.0412s loss: 0.0
step: 0.0402s loss: 0.0
step: 0.0415s loss: 0.0
step: 0.0403s loss: 0.0
step: 0.0408s loss: 0.0
step: 0.0404s loss: 0.0
step: 0.3129s loss: 0.0
step: 0.0347s loss: 0.0
step: 0.0343s loss: 0.0
step: 0.0399s loss: 0.0
step: 0.0402s loss: 0.0
step: 0.0400s loss: 0.0
step: 0.0424s loss: 0.0
step: 0.0405s loss: 0.0
step: 0.0405s loss: 0.0
step: 0.0404s loss: 0.0
step: 0.0418s loss: 0.0
step: 0.0401s loss: 0.0
step: 0.0404s loss: 0.0
step: 0.0399s loss: 0.0
step: 0.3138s loss: 0.1787109375
step: 0.0326s loss: 0.0
step: 0.0309s loss: 0.0
step: 0.0310s loss: 0.0
step: 0.0286s loss: 0.0
step: 0.0283s loss: 0.0
step: 0.0283s loss: 0.0
step: 0.0291s loss: 0.0
step: 0.0288s loss: 0.0
step: 0.0363s loss: 0.0
step: 0.0364s loss: 0.0
step: 0.0385s loss: 0.0
step: 0.0389s loss: 0.0
step: 0.0379s loss: 0.0
step: 0.3087s loss: 0.0
step: 0.0341s loss: 0.0
step: 0.0343s loss: 0.0
step: 0.0403s loss: 0.0
step: 0.0408s loss: 0.0
step: 0.0400s loss: 0.0
step: 0.0412s loss: 0.0
step: 0.0404s loss: 0.0
step: 0.0402s loss: 0.0
step: 0.0404s loss: 0.0
step: 0.0421s loss: 0.0
step: 0.0403s loss: 0.0
step: 0.0402s loss: 0.0
step: 0.0403s loss: 0.0
step: 0.0406s loss: 0.0
step: 0.3156s loss: 0.0
step: 0.0332s loss: 0.0
step: 0.0322s loss: 0.0
step: 0.0329s loss: 0.0
step: 0.0387s loss: 0.0
step: 0.0369s loss: 0.0
step: 0.0424s loss: 0.0
step: 0.0416s loss: 0.0
step: 0.0405s loss: 0.0
step: 0.0406s loss: 0.0
step: 0.0405s loss: 0.0
step: 0.0423s loss: 0.0
step: 0.0404s loss: 0.0
step: 0.0402s loss: 0.0
step: 0.3137s loss: 0.0
step: 0.0359s loss: 0.0
step: 0.0366s loss: 0.0
step: 0.0405s loss: 0.0
step: 0.0407s loss: 0.0
step: 0.0416s loss: 0.0
step: 0.0408s loss: 0.0
step: 0.0405s loss: 0.0
step: 0.0409s loss: 0.0
step: 0.0414s loss: 0.0
step: 0.0405s loss: 0.0
step: 0.0403s loss: 0.0
step: 0.0401s loss: 0.0
step: 0.0416s loss: 0.0
step: 0.0404s loss: 0.007781982421875
step: 0.3113s loss: 0.0
step: 0.0348s loss: 0.0
step: 0.0332s loss: 0.0
step: 0.0323s loss: 0.0
step: 0.0295s loss: 0.0
step: 0.0306s loss: 0.0
step: 0.0310s loss: 0.0
step: 0.0291s loss: 0.0
step: 0.0289s loss: 0.0
step: 0.0291s loss: 0.0
step: 0.0292s loss: 0.007781982421875
step: 0.0289s loss: 0.0
step: 0.0369s loss: 0.0
step: 0.0366s loss: 0.007781982421875
step: 0.0434s loss: 0.0
step: 0.0391s loss: 0.0
step: 0.3120s loss: 0.0
step: 0.0347s loss: 0.0
step: 0.0341s loss: 0.0
step: 0.0405s loss: 0.0
step: 0.0386s loss: 0.0
step: 0.0405s loss: 0.0
step: 0.0410s loss: 0.0
step: 0.0400s loss: 0.0
step: 0.0401s loss: 0.0
step: 0.0404s loss: 0.0
step: 0.0408s loss: 0.0
step: 0.0406s loss: 0.0
step: 0.0409s loss: 0.0
step: 0.0403s loss: 0.0
step: 0.0423s loss: 0.0
step: 0.3013s loss: 0.0
step: 0.0353s loss: 0.0
step: 0.0340s loss: 0.0
step: 0.0418s loss: 0.0
step: 0.0406s loss: 0.0
step: 0.0402s loss: 0.0
step: 0.0406s loss: 0.0
step: 0.0410s loss: 0.0
step: 0.0406s loss: 0.0
step: 0.0405s loss: 0.0
step: 0.0407s loss: 0.0
step: 0.0412s loss: 0.0
step: 0.0408s loss: 0.0
step: 0.0401s loss: 0.0
step: 0.0404s loss: 0.0
step: 0.0414s loss: 0.0
step: 0.3140s loss: 0.0
step: 0.0354s loss: 0.0
step: 0.0347s loss: 0.0
step: 0.0346s loss: 0.0
step: 0.0343s loss: 0.0
step: 0.0327s loss: 0.0
step: 0.0406s loss: 0.0
step: 0.0409s loss: 0.0
step: 0.0406s loss: 0.0
step: 0.0406s loss: 0.0
step: 0.0407s loss: 0.0
step: 0.0419s loss: 0.0
step: 0.0407s loss: 0.0
step: 0.0402s loss: 0.0
step: 0.0406s loss: 0.0
step: 0.0426s loss: 0.0
step: 0.0411s loss: 0.0
step: 0.3178s loss: 0.0
step: 0.0330s loss: 0.0
step: 0.0367s loss: 0.0
step: 0.0410s loss: 0.0
step: 0.0481s loss: 0.0
step: 0.0387s loss: 0.0
step: 0.0389s loss: 0.0
step: 0.0390s loss: 0.0
step: 0.0459s loss: 0.0
step: 0.0389s loss: 0.0
step: 0.0389s loss: 0.0
step: 0.0386s loss: 0.0
step: 0.0460s loss: 0.0
step: 0.0383s loss: 0.0
step: 0.0399s loss: 0.0
step: 0.0390s loss: 0.0
step: 0.2986s loss: 0.0
step: 0.0309s loss: 0.0
step: 0.0304s loss: 0.0155029296875
step: 0.0414s loss: 0.0
step: 0.0468s loss: 0.0
step: 0.0356s loss: 0.0
step: 0.0356s loss: 0.0
step: 0.0376s loss: 0.0
step: 0.0474s loss: 0.0
step: 0.0367s loss: 0.0
step: 0.0384s loss: 0.0
step: 0.0394s loss: 0.0
step: 0.0466s loss: 0.0
step: 0.0382s loss: 0.0
step: 0.0395s loss: 0.0
step: 0.0384s loss: 0.0
step: 0.0459s loss: 0.0
step: 0.2985s loss: 0.0
step: 0.0311s loss: 1.546875
step: 0.0342s loss: 0.0
step: 0.0454s loss: 0.0
step: 0.0353s loss: 0.0
step: 0.0352s loss: 0.0
step: 0.0359s loss: 0.0
step: 0.0462s loss: 0.0
step: 0.0365s loss: 0.0
step: 0.0370s loss: 0.01544189453125
step: 0.0384s loss: 0.0
step: 0.0450s loss: 0.0
step: 0.0363s loss: 0.0
step: 0.0389s loss: 0.0
step: 0.0388s loss: 0.0
step: 0.0459s loss: 0.0
step: 0.0370s loss: 0.0
step: 0.0384s loss: 0.0
step: 0.2935s loss: 0.0
step: 0.0469s loss: 0.0
step: 0.0337s loss: 0.0
step: 0.0376s loss: 0.0
step: 0.0372s loss: 0.0
step: 0.0425s loss: 0.0
step: 0.0367s loss: 0.0
step: 0.0367s loss: 0.0
step: 0.0368s loss: 0.0
step: 0.0470s loss: 0.0
step: 0.0351s loss: 0.0
step: 0.0369s loss: 0.0
step: 0.0366s loss: 0.0
step: 0.0448s loss: 0.0
step: 0.0358s loss: 0.0
step: 0.0370s loss: 0.0
step: 0.0373s loss: 0.0
step: 0.0455s loss: 0.0
step: 0.2848s loss: 0.0
step: 0.0300s loss: 0.0
step: 0.0337s loss: 0.0
step: 0.0477s loss: 0.0
step: 0.0346s loss: 0.0
step: 0.0347s loss: 0.0
step: 0.0372s loss: 0.0
step: 0.0451s loss: 0.0
step: 0.0379s loss: 0.0
step: 0.0389s loss: 0.0
step: 0.0378s loss: 0.0
step: 0.0452s loss: 0.0
step: 0.0378s loss: 0.0
step: 0.0379s loss: 0.0
step: 0.0402s loss: 0.0
step: 0.0489s loss: 0.0
step: 0.0382s loss: 0.0
step: 0.0382s loss: 0.0
step: 0.3011s loss: 0.0
step: 0.0481s loss: 0.0
step: 0.0329s loss: 0.0
step: 0.0373s loss: 0.0
step: 0.0364s loss: 0.0
step: 0.0479s loss: 0.0
step: 0.0360s loss: 0.0
step: 0.0390s loss: 0.0
step: 0.0363s loss: 0.0
step: 0.0437s loss: 0.0
step: 0.0364s loss: 0.0
step: 0.0373s loss: 0.0
step: 0.0374s loss: 0.0
step: 0.0458s loss: 0.0
step: 0.0384s loss: 0.0
step: 0.0391s loss: 0.0
step: 0.0382s loss: 0.0
step: 0.0475s loss: 0.0
step: 0.0369s loss: 0.0
step: 0.3000s loss: 0.0
step: 0.0342s loss: 0.0
step: 0.0472s loss: 0.0
step: 0.0365s loss: 0.0
step: 0.0388s loss: 0.0
step: 0.0373s loss: 0.0
step: 0.0442s loss: 0.0
step: 0.0368s loss: 0.007781982421875
step: 0.0371s loss: 0.0
step: 0.0368s loss: 0.0
step: 0.0443s loss: 0.0
step: 0.0361s loss: 0.0
step: 0.0373s loss: 0.0
step: 0.0369s loss: 0.0
step: 0.0445s loss: 0.0
step: 0.0371s loss: 0.0
step: 0.0368s loss: 0.0
step: 0.0390s loss: 0.0
step: 0.0475s loss: 0.0
step: 0.2988s loss: 0.0
step: 0.0323s loss: 0.0
step: 0.0308s loss: 0.0
step: 0.0433s loss: 0.0
step: 0.0349s loss: 0.0
step: 0.0364s loss: 0.0
step: 0.0362s loss: 0.0
step: 0.0419s loss: 0.0
step: 0.0365s loss: 0.0
step: 0.0382s loss: 0.0
step: 0.0382s loss: 0.0
step: 0.0457s loss: 0.0
step: 0.0385s loss: 0.0
step: 0.0383s loss: 0.0
step: 0.0383s loss: 0.0
step: 0.0456s loss: 0.0
step: 0.0371s loss: 0.0
step: 0.0398s loss: 0.0
step: 0.0386s loss: 0.0
step: 0.2952s loss: 0.0
step: 0.0294s loss: 0.0
step: 0.0287s loss: 0.0
step: 0.0294s loss: 0.0
step: 0.0432s loss: 0.0
step: 0.0234s loss: 0.0
step: 0.0232s loss: 0.0
step: 0.0232s loss: 0.0
step: 0.0334s loss: 0.0
step: 0.0219s loss: 0.0
step: 0.0226s loss: 0.0
step: 0.0225s loss: 0.0
step: 0.0320s loss: 0.0
step: 0.0216s loss: 0.0
step: 0.0230s loss: 0.0
step: 0.0215s loss: 0.0
step: 0.0312s loss: 0.0
step: 0.0212s loss: 0.0
step: 0.0218s loss: 0.0
step: 0.0218s loss: 0.0
step: 0.2385s loss: 0.0
step: 0.0243s loss: 0.0
step: 0.0247s loss: 0.0
step: 0.0306s loss: 0.0
step: 0.0391s loss: 0.0
step: 0.0336s loss: 0.0
step: 0.0352s loss: 0.0
step: 0.0365s loss: 0.0
step: 0.0427s loss: 0.0
step: 0.0367s loss: 0.0
step: 0.0399s loss: 0.0
step: 0.0388s loss: 0.0
step: 0.0445s loss: 0.0
step: 0.0384s loss: 0.0
step: 0.0384s loss: 0.0
step: 0.0383s loss: 0.0
step: 0.0443s loss: 0.0
step: 0.0383s loss: 0.0
step: 0.0385s loss: 0.0
step: 0.0382s loss: 0.0
step: 0.0484s loss: 0.0
step: 0.3064s loss: 0.0
step: 0.0327s loss: 0.0
step: 0.0366s loss: 0.0
step: 0.0481s loss: 0.0
step: 0.0388s loss: 0.0
step: 0.0391s loss: 0.0
step: 0.0385s loss: 0.0
step: 0.0450s loss: 0.0
step: 0.0384s loss: 0.0
step: 0.0385s loss: 0.0
step: 0.0384s loss: 0.0
step: 0.0453s loss: 0.007781982421875
step: 0.0385s loss: 0.0
step: 0.0385s loss: 0.0
step: 0.0389s loss: 0.0
step: 0.0483s loss: 0.0
step: 0.0379s loss: 0.0
step: 0.0389s loss: 0.0
step: 0.0384s loss: 0.0
step: 0.0485s loss: 0.0
step: 0.0371s loss: 0.0
step: 0.3146s loss: 0.0
step: 0.0351s loss: 0.0
step: 0.0473s loss: 0.0
step: 0.0408s loss: 0.0
step: 0.0412s loss: 0.0
step: 0.0409s loss: 0.0
step: 0.0459s loss: 0.0
step: 0.0393s loss: 0.0
step: 0.0405s loss: 0.0
step: 0.0405s loss: 0.0
step: 0.0487s loss: 0.0
step: 0.0389s loss: 0.0
step: 0.0387s loss: 0.0
step: 0.0409s loss: 0.0
step: 0.0497s loss: 0.0
step: 0.0393s loss: 0.0
step: 0.0388s loss: 0.0
step: 0.0407s loss: 0.0
step: 0.0492s loss: 0.0
step: 0.0386s loss: 0.0
step: 0.0387s loss: 0.0
step: 0.0382s loss: 0.0
step: 0.2857s loss: 0.0
step: 0.0324s loss: 0.0
step: 0.0313s loss: 0.0
step: 0.0314s loss: 0.0
step: 0.0454s loss: 0.023193359375
step: 0.0368s loss: 0.0
step: 0.0371s loss: 0.0
step: 0.0364s loss: 0.0
step: 0.0449s loss: 0.0
step: 0.0366s loss: 0.0
step: 0.0377s loss: 0.0
step: 0.0426s loss: 0.0
step: 0.0461s loss: 0.0
step: 0.0388s loss: 0.0
step: 0.0392s loss: 0.0
step: 0.0413s loss: 0.0
step: 0.0456s loss: 0.0
step: 0.0404s loss: 0.0
step: 0.0409s loss: 0.0
step: 0.0406s loss: 0.0
step: 0.0491s loss: 0.0
step: 0.0388s loss: 0.0
step: 0.2853s loss: 0.0
step: 0.0322s loss: 0.0
step: 0.0454s loss: 0.0
step: 0.0339s loss: 0.0
step: 0.0403s loss: 0.0
step: 0.0380s loss: 0.0
step: 0.0446s loss: 0.0
step: 0.0385s loss: 0.0
step: 0.0387s loss: 0.0
step: 0.0389s loss: 0.0
step: 0.0440s loss: 0.0
step: 0.0386s loss: 0.0
step: 0.0383s loss: 0.0
step: 0.0407s loss: 0.0
step: 0.0455s loss: 0.0
step: 0.0385s loss: 0.0
step: 0.0393s loss: 0.007781982421875
step: 0.0381s loss: 0.0
step: 0.0456s loss: 0.0
step: 0.0371s loss: 0.0
step: 0.0387s loss: 0.0
step: 0.0383s loss: 0.0
step: 0.0461s loss: 0.0
step: 0.2968s loss: 0.0
step: 0.0345s loss: 0.0
step: 0.0355s loss: 0.0
step: 0.0485s loss: 0.0
step: 0.0367s loss: 0.0
step: 0.0386s loss: 0.0
step: 0.0392s loss: 0.0
step: 0.0459s loss: 0.0
step: 0.0367s loss: 0.0
step: 0.0383s loss: 0.0
step: 0.0380s loss: 0.0
step: 0.0468s loss: 0.0
step: 0.0374s loss: 0.0
step: 0.0401s loss: 0.0
step: 0.0384s loss: 0.0
step: 0.0459s loss: 0.0
step: 0.0390s loss: 0.0
step: 0.0384s loss: 0.0
step: 0.0389s loss: 0.0
step: 0.0487s loss: 0.0
step: 0.0387s loss: 0.0
step: 0.0386s loss: 0.0
step: 0.0384s loss: 0.0
step: 0.2922s loss: 0.0
step: 0.0307s loss: 0.0
step: 0.0300s loss: 0.0
step: 0.0297s loss: 0.0
step: 0.0412s loss: 0.0
step: 0.0340s loss: 0.0
step: 0.0359s loss: 0.0
step: 0.0372s loss: 0.0
step: 0.0390s loss: 0.0
step: 0.0369s loss: 0.0
step: 0.0372s loss: 0.0
step: 0.0383s loss: 0.0
step: 0.0447s loss: 0.0
step: 0.0394s loss: 0.0
step: 0.0393s loss: 0.0
step: 0.0381s loss: 0.0
step: 0.0446s loss: 0.0
step: 0.0384s loss: 0.0
step: 0.0381s loss: 0.0
step: 0.0407s loss: 0.0
step: 0.0482s loss: 0.0
step: 0.0386s loss: 0.0
step: 0.0394s loss: 0.0
step: 0.0406s loss: 0.0
step: 0.0491s loss: 0.0
step: 0.3015s loss: 0.0
step: 0.0340s loss: 0.0
step: 0.0353s loss: 0.0
step: 0.0469s loss: 0.0
step: 0.0365s loss: 0.0
step: 0.0367s loss: 0.0
step: 0.0386s loss: 0.0
step: 0.0460s loss: 0.0
step: 0.0385s loss: 0.0
step: 0.0385s loss: 0.0
step: 0.0384s loss: 0.0
step: 0.0483s loss: 0.0
step: 0.0364s loss: 0.0
step: 0.0390s loss: 0.0
step: 0.0384s loss: 0.0
step: 0.0460s loss: 0.0
step: 0.0366s loss: 0.0
step: 0.0384s loss: 0.0
step: 0.0381s loss: 0.0
step: 0.0458s loss: 0.0
step: 0.0368s loss: 0.0
step: 0.0385s loss: 0.0
step: 0.0385s loss: 0.0
step: 0.0463s loss: 0.0
step: 0.0385s loss: 0.0
step: 0.3107s loss: 0.0
step: 0.0346s loss: 0.0
step: 0.0482s loss: 0.0
step: 0.0366s loss: 0.0
step: 0.0468s loss: 0.0
step: 0.0395s loss: 0.0
step: 0.0458s loss: 0.0
step: 0.0395s loss: 0.0
step: 0.0389s loss: 0.0
step: 0.0383s loss: 0.0
step: 0.0476s loss: 0.0
step: 0.0371s loss: 0.0
step: 0.0383s loss: 0.0
step: 0.0408s loss: 0.0
step: 0.0464s loss: 0.0
step: 0.0368s loss: 0.0
step: 0.0390s loss: 0.0
step: 0.0385s loss: 0.0
step: 0.0461s loss: 0.0
step: 0.0366s loss: 0.0155029296875
step: 0.0387s loss: 0.0
step: 0.0403s loss: 0.0
step: 0.0469s loss: 0.0
step: 0.0382s loss: 0.0
step: 0.0383s loss: 0.0
step: 0.3026s loss: 0.0
step: 0.0441s loss: 0.0
step: 0.0350s loss: 0.0
step: 0.0387s loss: 0.0
step: 0.0385s loss: 0.0
step: 0.0455s loss: 0.0
step: 0.0385s loss: 0.0
step: 0.0386s loss: 0.0
step: 0.0388s loss: 0.0
step: 0.0462s loss: 0.0
step: 0.0375s loss: 0.0
step: 0.0392s loss: 0.0
step: 0.0386s loss: 0.0
step: 0.0459s loss: 0.0
step: 0.0381s loss: 0.0
step: 0.0389s loss: 0.0
step: 0.0391s loss: 0.0
step: 0.0468s loss: 0.0
step: 0.0371s loss: 0.0
step: 0.0386s loss: 0.0
step: 0.0384s loss: 0.0
step: 0.0461s loss: 0.0
step: 0.0367s loss: 0.0
step: 0.0384s loss: 0.0
step: 0.0400s loss: 0.0
step: 0.0462s loss: 0.007781982421875
step: 0.0396s loss: 0.0
step: 0.3198s loss: 0.0
step: 0.0319s loss: 0.0
step: 0.0451s loss: 0.0
step: 0.0354s loss: 0.0
step: 0.0368s loss: 0.0
step: 0.0365s loss: 0.0
step: 0.0461s loss: 0.0
step: 0.0268s loss: 0.0
step: 0.0389s loss: 0.0
step: 0.0382s loss: 0.0
step: 0.0462s loss: 0.0
step: 0.0375s loss: 0.0
step: 0.0388s loss: 0.0
step: 0.0380s loss: 0.0
step: 0.0453s loss: 0.0
step: 0.0382s loss: 0.0
step: 0.0394s loss: 0.0
step: 0.0386s loss: 0.0
step: 0.0485s loss: 0.0
step: 0.0393s loss: 0.0
step: 0.0389s loss: 0.0
step: 0.0393s loss: 0.0
step: 0.0491s loss: 0.0
step: 0.0367s loss: 0.0
step: 0.0390s loss: 0.0
step: 0.0382s loss: 0.0
step: 0.0466s loss: 0.0
step: 0.3007s loss: 0.0
step: 0.0338s loss: 0.0
step: 0.0355s loss: 0.0
step: 0.0484s loss: 0.0
step: 0.0369s loss: 0.0
step: 0.0401s loss: 0.0
step: 0.0387s loss: 0.0
step: 0.0467s loss: 0.0
step: 0.0367s loss: 0.0
step: 0.0385s loss: 0.0
step: 0.0383s loss: 0.0
step: 0.0460s loss: 0.0
step: 0.0382s loss: 0.0
step: 0.0391s loss: 0.0458984375
step: 0.0384s loss: 0.0
step: 0.0465s loss: 0.06787109375
step: 0.0384s loss: 0.0
step: 0.0385s loss: 0.0
step: 0.0385s loss: 0.0
step: 0.0487s loss: 0.0
step: 0.0385s loss: 0.01544189453125
step: 0.0389s loss: 0.0
step: 0.0381s loss: 0.0
step: 0.0491s loss: 0.0
step: 0.0366s loss: 0.0
step: 0.0382s loss: 0.0
step: 0.0381s loss: 0.0
step: 0.0449s loss: 0.0
step: 0.2825s loss: 0.0
step: 0.0330s loss: 0.0
step: 0.0339s loss: 0.0
step: 0.0459s loss: 0.0
step: 0.0357s loss: 0.0
step: 0.0370s loss: 0.0
step: 0.0364s loss: 0.0
step: 0.0449s loss: 0.0
step: 0.0364s loss: 0.0
step: 0.0373s loss: 0.0
step: 0.0386s loss: 0.0
step: 0.0460s loss: 0.0
step: 0.0390s loss: 0.0
step: 0.0384s loss: 0.0
step: 0.0379s loss: 0.0
step: 0.0486s loss: 0.0
step: 0.0367s loss: 0.0
step: 0.0381s loss: 0.0
step: 0.0380s loss: 0.158203125
step: 0.0455s loss: 0.0
step: 0.0371s loss: 0.0
step: 0.0383s loss: 0.038330078125
step: 0.0386s loss: 0.0
step: 0.0457s loss: 0.007781982421875
step: 0.0381s loss: 0.0
step: 0.0388s loss: 0.0155029296875
step: 0.0408s loss: 0.0
step: 0.0497s loss: 0.0
step: 0.0388s loss: 0.0
step: 0.3060s loss: 0.0
step: 0.0345s loss: 0.0
step: 0.0434s loss: 0.0
step: 0.0366s loss: 0.0
step: 0.0383s loss: 0.0
step: 0.0380s loss: 0.0
step: 0.0468s loss: 0.0
step: 0.0372s loss: 0.0
step: 0.0389s loss: 0.0
step: 0.0393s loss: 0.0
step: 0.0461s loss: 0.0
step: 0.0368s loss: 0.0
step: 0.0398s loss: 0.0
step: 0.0387s loss: 0.0
step: 0.0486s loss: 0.0
step: 0.0366s loss: 0.0
step: 0.0385s loss: 0.0
step: 0.0388s loss: 0.0
step: 0.0451s loss: 0.0
step: 0.0385s loss: 0.0
step: 0.0387s loss: 0.0
step: 0.0383s loss: 0.0
step: 0.0455s loss: 0.0
step: 0.0384s loss: 0.0
step: 0.0383s loss: 0.0
step: 0.0384s loss: 0.0
step: 0.0462s loss: 0.0
step: 0.0388s loss: 0.0
step: 0.0412s loss: 0.0
step: 0.0405s loss: 0.0
step: 0.3020s loss: 0.0
step: 0.0348s loss: 0.0
step: 0.0331s loss: 0.0
step: 0.0387s loss: 0.0
step: 0.0489s loss: 0.0
step: 0.0379s loss: 0.0
step: 0.0453s loss: 0.0
step: 0.0389s loss: 0.0
step: 0.0466s loss: 0.0
step: 0.0374s loss: 0.0
step: 0.0374s loss: 0.0
step: 0.0385s loss: 0.0
step: 0.0445s loss: 0.0
step: 0.0412s loss: 0.0
step: 0.0403s loss: 0.0
step: 0.0384s loss: 0.0
step: 0.0492s loss: 0.0
step: 0.0383s loss: 0.0
step: 0.0387s loss: 0.0
step: 0.0387s loss: 0.0
step: 0.0462s loss: 0.0
step: 0.0395s loss: 0.0
step: 0.0388s loss: 0.0
step: 0.0382s loss: 0.0
step: 0.0462s loss: 0.0
step: 0.0371s loss: 0.0
step: 0.0387s loss: 0.0
step: 0.0385s loss: 0.0
step: 0.0462s loss: 0.0
step: 0.0389s loss: 0.0
step: 0.0388s loss: 0.0
step: 0.0387s loss: 0.0
step: 0.3143s loss: 0.0
step: 0.0350s loss: 0.0
step: 0.0345s loss: 0.0
step: 0.0396s loss: 0.0
step: 0.0492s loss: 0.0
step: 0.0379s loss: 0.0
step: 0.0405s loss: 0.0
step: 0.0405s loss: 0.0
step: 0.0488s loss: 0.0
step: 0.0385s loss: 0.0
step: 0.0388s loss: 0.0
step: 0.0384s loss: 0.0
step: 0.0491s loss: 0.0
step: 0.0390s loss: 0.0
step: 0.0398s loss: 0.0
step: 0.0385s loss: 0.0
step: 0.0461s loss: 0.0
step: 0.0385s loss: 0.0
step: 0.0386s loss: 0.0
step: 0.0397s loss: 0.0
step: 0.0465s loss: 0.0
step: 0.0383s loss: 0.0
step: 0.0384s loss: 0.0
step: 0.0382s loss: 0.0
step: 0.0491s loss: 0.0
step: 0.0367s loss: 0.0
step: 0.0382s loss: 0.0
step: 0.0379s loss: 0.0
step: 0.0461s loss: 0.0
step: 0.0384s loss: 0.0
step: 0.0387s loss: 0.0
step: 0.0387s loss: 0.0
step: 0.3092s loss: 0.0
step: 0.0354s loss: 0.0
step: 0.0372s loss: 0.0
step: 0.0380s loss: 0.0
step: 0.0487s loss: 0.0
step: 0.0386s loss: 0.0
step: 0.0412s loss: 0.0
step: 0.0409s loss: 0.0
step: 0.0497s loss: 0.0
step: 0.0390s loss: 0.0
step: 0.0385s loss: 0.0
step: 0.0385s loss: 0.0
step: 0.0464s loss: 0.0
step: 0.0393s loss: 0.0
step: 0.0395s loss: 0.0
step: 0.0390s loss: 0.0
step: 0.0490s loss: 0.0
step: 0.0379s loss: 0.0
step: 0.0388s loss: 0.0
step: 0.0386s loss: 0.0
step: 0.0489s loss: 0.0
step: 0.0387s loss: 0.0
step: 0.0385s loss: 0.0
step: 0.0388s loss: 0.0
step: 0.0458s loss: 0.0
step: 0.0384s loss: 0.0
step: 0.0387s loss: 0.0
step: 0.0382s loss: 0.0
step: 0.0486s loss: 0.0
step: 0.0382s loss: 0.0
step: 0.0386s loss: 0.216796875
step: 0.0393s loss: 0.0
step: 0.0487s loss: 0.0
step: 0.0386s loss: 0.0
step: 0.3073s loss: 0.0
step: 0.0344s loss: 0.0
step: 0.0475s loss: 0.0
step: 0.0382s loss: 0.0
step: 0.0385s loss: 0.0
step: 0.0386s loss: 0.0
step: 0.0489s loss: 0.0
step: 0.0369s loss: 0.0
step: 0.0387s loss: 0.0
step: 0.0388s loss: 0.0
step: 0.0464s loss: 0.0
step: 0.0384s loss: 0.0
step: 0.0410s loss: 0.0
step: 0.0404s loss: 0.0
step: 0.0493s loss: 0.0
step: 0.0387s loss: 0.0
step: 0.0388s loss: 0.0
step: 0.0398s loss: 0.0
step: 0.0458s loss: 0.0
step: 0.0385s loss: 0.0
step: 0.0387s loss: 0.0
step: 0.0383s loss: 0.0
step: 0.0485s loss: 0.0
step: 0.0382s loss: 0.0
step: 0.0384s loss: 0.0
step: 0.0383s loss: 0.0
step: 0.0473s loss: 0.0
step: 0.0368s loss: 0.0
step: 0.0387s loss: 0.0
step: 0.0383s loss: 0.0
step: 0.0448s loss: 0.0
step: 0.0393s loss: 0.0
step: 0.0386s loss: 0.0
step: 0.0393s loss: 0.0
step: 0.0490s loss: 0.0
step: 0.2809s loss: 0.0
step: 0.0326s loss: 0.0
step: 0.0314s loss: 0.0
step: 0.0445s loss: 0.0
step: 0.0349s loss: 0.0
step: 0.0352s loss: 0.0
step: 0.0366s loss: 0.0
step: 0.0443s loss: 0.0
step: 0.0376s loss: 0.0
step: 0.0397s loss: 0.0
step: 0.0385s loss: 0.0
step: 0.0451s loss: 0.0
step: 0.0381s loss: 0.0
step: 0.0385s loss: 0.0
step: 0.0382s loss: 0.0
step: 0.0458s loss: 0.0
step: 0.0387s loss: 0.0
step: 0.0385s loss: 0.0
step: 0.0389s loss: 0.0
step: 0.0463s loss: 0.0
step: 0.0383s loss: 0.0
step: 0.0385s loss: 0.0
step: 0.0385s loss: 0.0
step: 0.0483s loss: 0.0
step: 0.0374s loss: 0.0
step: 0.0394s loss: 0.0
step: 0.0386s loss: 0.0
step: 0.0487s loss: 0.0
step: 0.0378s loss: 0.0
step: 0.0383s loss: 0.0
step: 0.0384s loss: 0.0
step: 0.0482s loss: 0.0
step: 0.0380s loss: 0.0
step: 0.0381s loss: 0.0
step: 0.0385s loss: 0.0
step: 0.0486s loss: 0.0
step: 0.3104s loss: 0.0
step: 0.0340s loss: 0.0
step: 0.0348s loss: 0.0
step: 0.0494s loss: 0.0
step: 0.0384s loss: 0.0
step: 0.0396s loss: 0.0
step: 0.0407s loss: 0.0
step: 0.0494s loss: 0.0
step: 0.0381s loss: 0.0
step: 0.0387s loss: 0.0
step: 0.0384s loss: 0.0
step: 0.0482s loss: 0.0
step: 0.0391s loss: 0.0
step: 0.0388s loss: 0.0
step: 0.0406s loss: 0.0
step: 0.0489s loss: 0.0
step: 0.0381s loss: 0.0
step: 0.0385s loss: 0.0
step: 0.0384s loss: 0.0
step: 0.0487s loss: 0.0
step: 0.0366s loss: 0.0
step: 0.0391s loss: 0.0
step: 0.0385s loss: 0.0
step: 0.0465s loss: 0.0
step: 0.0363s loss: 0.0
step: 0.0385s loss: 0.0
step: 0.0383s loss: 0.0
step: 0.0457s loss: 0.0
step: 0.0380s loss: 0.0
step: 0.0381s loss: 0.0
step: 0.0387s loss: 0.0
step: 0.0456s loss: 0.0
step: 0.0380s loss: 0.0
step: 0.0385s loss: 0.0155029296875
step: 0.0380s loss: 0.0
step: 0.0483s loss: 0.0
step: 0.0386s loss: 0.0
step: 0.0408s loss: 0.0
step: 0.2865s loss: 0.0
step: 0.0474s loss: 0.0
step: 0.0316s loss: 0.0
step: 0.0380s loss: 0.0
step: 0.0388s loss: 0.0
step: 0.0448s loss: 0.0
step: 0.0388s loss: 0.0
step: 0.0386s loss: 0.0
step: 0.0391s loss: 0.0
step: 0.0445s loss: 0.0
step: 0.0395s loss: 0.0
step: 0.0387s loss: 0.0
step: 0.0390s loss: 0.0
step: 0.0486s loss: 0.0
step: 0.0389s loss: 0.0
step: 0.0395s loss: 0.0
step: 0.0388s loss: 0.0
step: 0.0494s loss: 0.0
step: 0.0392s loss: 0.0
step: 0.0389s loss: 0.0
step: 0.0387s loss: 0.0
step: 0.0461s loss: 0.0
step: 0.0390s loss: 0.0
step: 0.0389s loss: 0.0
step: 0.0394s loss: 0.0
step: 0.0462s loss: 0.0
step: 0.0365s loss: 0.0
step: 0.0384s loss: 0.0
step: 0.0386s loss: 0.0
step: 0.0465s loss: 0.0
step: 0.0363s loss: 0.0
step: 0.0391s loss: 0.01544189453125
step: 0.0387s loss: 0.0
step: 0.0459s loss: 0.0
step: 0.0374s loss: 0.0
step: 0.0386s loss: 0.0
step: 0.0381s loss: 0.0
step: 0.0466s loss: 0.0
step: 0.0366s loss: 0.0
step: 0.0386s loss: 0.0
step: 0.3009s loss: 0.0
step: 0.0477s loss: 0.0
step: 0.0336s loss: 0.0
step: 0.0389s loss: 0.007781982421875
step: 0.0381s loss: 0.0
step: 0.0449s loss: 0.0
step: 0.0385s loss: 0.0
step: 0.0396s loss: 0.0
step: 0.0385s loss: 0.0
step: 0.0487s loss: 0.0
step: 0.0392s loss: 0.0
step: 0.0387s loss: 0.0
step: 0.0388s loss: 0.0
step: 0.0483s loss: 0.0
step: 0.0384s loss: 0.0
step: 0.0380s loss: 0.0
step: 0.0384s loss: 0.0
step: 0.0465s loss: 0.0
step: 0.0393s loss: 0.0
step: 0.0395s loss: 0.0
step: 0.0403s loss: 0.0
step: 0.0490s loss: 0.0
step: 0.0385s loss: 0.0
step: 0.0389s loss: 0.0
step: 0.0384s loss: 0.0
step: 0.0492s loss: 0.0
step: 0.0384s loss: 0.0
step: 0.0384s loss: 0.0
step: 0.0380s loss: 0.0
step: 0.0487s loss: 0.0
step: 0.0386s loss: 0.0
step: 0.0383s loss: 0.0
step: 0.0386s loss: 0.0
step: 0.0463s loss: 0.0
step: 0.0394s loss: 0.0
step: 0.0382s loss: 0.0
step: 0.0385s loss: 0.0
step: 0.0465s loss: 0.0
step: 0.0366s loss: 0.0
step: 0.0390s loss: 0.0
step: 0.0386s loss: 0.0
step: 0.2998s loss: 0.0
step: 0.0346s loss: 0.0
step: 0.0364s loss: 0.0
step: 0.0415s loss: 0.0
step: 0.0517s loss: 0.0
step: 0.0389s loss: 0.0
step: 0.0383s loss: 0.25390625
step: 0.0384s loss: 0.0
step: 0.0449s loss: 0.0
step: 0.0281s loss: 0.0
step: 0.0385s loss: 0.0
step: 0.0393s loss: 0.0
step: 0.0454s loss: 0.0
step: 0.0402s loss: 0.0
step: 0.0401s loss: 0.0
step: 0.0385s loss: 0.0
step: 0.0448s loss: 0.0
step: 0.0387s loss: 0.0
step: 0.0388s loss: 0.0
step: 0.0384s loss: 0.0
step: 0.0492s loss: 0.0
step: 0.0369s loss: 0.060546875
step: 0.0388s loss: 0.0
step: 0.0390s loss: 0.0
step: 0.0490s loss: 0.0
step: 0.0391s loss: 0.0
step: 0.0391s loss: 0.0
step: 0.0385s loss: 0.0
step: 0.0459s loss: 0.0
step: 0.0397s loss: 0.0
step: 0.0392s loss: 0.0
step: 0.0389s loss: 0.0
step: 0.0493s loss: 0.0
step: 0.0390s loss: 0.0
step: 0.0393s loss: 0.0
step: 0.0391s loss: 0.0
step: 0.0452s loss: 0.0
step: 0.0396s loss: 0.0
step: 0.0384s loss: 0.0
step: 0.0404s loss: 0.0
step: 0.0463s loss: 0.0
step: 0.0383s loss: 0.0
step: 0.0390s loss: 0.0
step: 0.2991s loss: 0.0
step: 0.0474s loss: 0.0
step: 0.0326s loss: 0.0
step: 0.0348s loss: 0.0
step: 0.0386s loss: 0.0
step: 0.0442s loss: 0.0
step: 0.0395s loss: 0.0
step: 0.0387s loss: 0.0
step: 0.0386s loss: 0.0
step: 0.0458s loss: 0.0
step: 0.0381s loss: 0.0
step: 0.0385s loss: 0.0
step: 0.0389s loss: 0.0
step: 0.0486s loss: 0.0
step: 0.0390s loss: 0.0
step: 0.0386s loss: 0.0
step: 0.0388s loss: 0.0
step: 0.0454s loss: 0.0
step: 0.0385s loss: 0.0
step: 0.0387s loss: 0.0
step: 0.0387s loss: 0.0
step: 0.0451s loss: 0.0
step: 0.0384s loss: 0.0
step: 0.0382s loss: 0.0
step: 0.0385s loss: 0.0
step: 0.0460s loss: 0.0
step: 0.0364s loss: 0.0
step: 0.0389s loss: 0.0
step: 0.0385s loss: 0.0
step: 0.0466s loss: 0.0
step: 0.0365s loss: 0.0
step: 0.0388s loss: 0.0
step: 0.0393s loss: 0.0
step: 0.0462s loss: 0.0
step: 0.0366s loss: 0.0
step: 0.0374s loss: 0.0
step: 0.0385s loss: 0.0
step: 0.0467s loss: 0.0
step: 0.0386s loss: 0.0
step: 0.0389s loss: 0.0
step: 0.0382s loss: 0.0
step: 0.0486s loss: 0.0
step: 0.0338s loss: 0.0
step: 0.0369s loss: 0.0
step: 0.0352s loss: 0.0
step: 0.0379s loss: 0.0
step: 0.2968s loss: 0.0
step: 0.0345s loss: 0.0
step: 0.0364s loss: 0.0
step: 0.0382s loss: 0.0
all: 197.0228s 
2026-05-25 12:54:27.323 | info     |    BuildKernels | JIT cache stats: 131/229 hits (57.2%) [131 cached, 70 build-once dedup, 0 merged artifacts, 0 merged genfiles] (build_cache_telemetry.cpp:207)
2026-05-25 12:54:27.323 | info     |    BuildKernels | JIT telemetry: 3 registered TelemetryTokens (build_cache_telemetry.cpp:230)
2026-05-25 12:54:27.323 | info     |    BuildKernels | JIT telemetry [dependencies_up_to_date]: count=262, total=374.795ms, min=0.022ms, max=14.017ms, mean=1.431ms (build_cache_telemetry.cpp:246)
2026-05-25 12:54:27.323 | info     |    BuildKernels | JIT telemetry [JitBuildState::build]: count=229, total=63083.174ms, min=0.757ms, max=950.586ms, mean=275.472ms (build_cache_telemetry.cpp:246)
2026-05-25 12:54:27.323 | info     |    BuildKernels | JIT telemetry [jit_build]: count=103, total=21033.082ms, min=0.772ms, max=900.557ms, mean=204.205ms (build_cache_telemetry.cpp:246)
2026-05-25 12:54:27.329 | info     |          Device | Closing user mode device drivers (tt_cluster.cpp:490)
2026-05-25 12:54:27.329 | info     |             UMD | Closing devices in cluster (cluster.cpp:961)
