2026-05-25 12:54:32.267 | info     |             UMD | Creating TopologyDiscovery for architecture: wormhole_b0 (topology_discovery.cpp:72)
2026-05-25 12:54:32.268 | info     |             UMD | Established firmware bundle version: 19.6.0 (topology_discovery.cpp:461)
2026-05-25 12:54:32.268 | info     |             UMD | Firmware bundle version 19.6.0 on the system is newer than the latest fully tested version 19.5.0 for wormhole_b0 architecture. Newest features may not be supported. (topology_discovery.cpp:493)
2026-05-25 12:54:32.283 | info     |          Device | Opening user mode device driver (tt_cluster.cpp:224)
2026-05-25 12:54:32.283 | info     |             UMD | Creating TopologyDiscovery for architecture: wormhole_b0 (topology_discovery.cpp:72)
2026-05-25 12:54:32.284 | info     |             UMD | Established firmware bundle version: 19.6.0 (topology_discovery.cpp:461)
2026-05-25 12:54:32.284 | info     |             UMD | Firmware bundle version 19.6.0 on the system is newer than the latest fully tested version 19.5.0 for wormhole_b0 architecture. Newest features may not be supported. (topology_discovery.cpp:493)
2026-05-25 12:54:32.298 | info     |             UMD | Harvesting masks for Chip 0: Tensix: 0x201 DRAM: 0x0 ETH: 0x0 PCIe: 0x0 L2CPU: 0x0 (cluster.cpp:283)
2026-05-25 12:54:32.317 | info     |             UMD | Harvesting masks for Chip 1: Tensix: 0x300 DRAM: 0x0 ETH: 0x0 PCIe: 0x0 L2CPU: 0x0 (cluster.cpp:283)
2026-05-25 12:54:32.322 | info     |             UMD | Opening local chip ids/PCIe ids: {0}/[0] and remote chip ids {1} (cluster.cpp:183)
2026-05-25 12:54:32.322 | info     |             UMD | IOMMU: disabled (cluster.cpp:157)
2026-05-25 12:54:32.322 | info     |             UMD | KMD version: 2.8.0 (cluster.cpp:160)
2026-05-25 12:54:32.324 | info     |             UMD | Starting devices in cluster (cluster.cpp:949)
2026-05-25 12:54:32.325 | info     |             UMD | Mapped hugepage 0x300000000 to NOC address 0x800000000 (silicon_sysmem_manager.cpp:262)
2026-05-25 12:54:32.325 | info     |             UMD | Mapped hugepage 0x2c0000000 to NOC address 0x840000000 (silicon_sysmem_manager.cpp:262)
2026-05-25 12:54:32.346 | info     |     Distributed | Using auto discovery to generate mesh graph. (metal_env.cpp:332)
2026-05-25 12:54:32.346 | info     |     Distributed | Constructing control plane using auto-discovery (no mesh graph descriptor). (metal_env.cpp:394)
2026-05-25 12:54:32.346 | info     |             UMD | Creating TopologyDiscovery for architecture: wormhole_b0 (topology_discovery.cpp:72)
2026-05-25 12:54:32.348 | info     |             UMD | Established firmware bundle version: 19.6.0 (topology_discovery.cpp:461)
2026-05-25 12:54:32.348 | info     |             UMD | Firmware bundle version 19.6.0 on the system is newer than the latest fully tested version 19.5.0 for wormhole_b0 architecture. Newest features may not be supported. (topology_discovery.cpp:493)
2026-05-25 12:54:32.358 | info     |          Fabric | TopologyMapper: Logical Multi-Mesh Adjacency Map: (topology_mapper.cpp:1474)
2026-05-25 12:54:32.358 | info     |          Fabric | 
=== Logical Mesh-Level Graph Adjacency Map ===
Total nodes: 1
Degree histogram: {0:1}
 (topology_solver.tpp:91)
2026-05-25 12:54:32.358 | info     |          Fabric | 
=== Logical Mesh 0 Internal Graph Adjacency Map ===
Total nodes: 2
Degree histogram: {1:2}
 (topology_solver.tpp:91)
2026-05-25 12:54:32.358 | info     |          Fabric | TopologyMapper: Physical Multi-Mesh Adjacency Map: (topology_mapper.cpp:1485)
2026-05-25 12:54:32.358 | info     |          Fabric | 
=== Physical Mesh-Level Graph Adjacency Map ===
Total nodes: 1
Degree histogram: {0:1}
 (topology_solver.tpp:91)
2026-05-25 12:54:32.358 | info     |          Fabric | 
=== Physical Mesh 0 Internal Graph Adjacency Map ===
Total nodes: 2
Degree histogram: {1:2}
 (topology_solver.tpp:91)
2026-05-25 12:54:32.358 | info     |          Fabric | Starting multi-mesh mapping: 1 logical mesh(es) to 1 physical mesh(es) (topology_mapper_utils.cpp:1469)
2026-05-25 12:54:32.358 | info     |          Fabric | Multi-mesh mapping attempt 1/2: Trying inter-mesh mapping (topology_mapper_utils.cpp:1510)
2026-05-25 12:54:32.358 | info     |          Fabric | Attempt 1: Inter-mesh mapping succeeded, found 1 mesh pair(s) (topology_mapper_utils.cpp:1539)
2026-05-25 12:54:32.358 | info     |          Fabric | Attempt 1: Mapping 1 mesh pair(s) (topology_mapper_utils.cpp:1547)
2026-05-25 12:54:32.358 | info     |          Fabric | Attempt 1: Mapping mesh 0 -> 0 (topology_mapper_utils.cpp:1554)
2026-05-25 12:54:32.358 | info     |          Fabric | Multi-mesh mapping succeeded after 1 attempt(s): 1 mesh pair(s) mapped (topology_mapper_utils.cpp:1686)
2026-05-25 12:54:32.371 | info     |    BuildKernels | Using pre-compiled firmware from: /home/delaunap/workspace/tenstorrent_tests/.venv/lib/python3.12/site-packages/pjrt_plugin_tt/tt-metal/tt_metal/pre-compiled/6481459055998014514/ (build_env_manager.cpp:259)
2026-05-25 12:54:32.371 | info     |    BuildKernels | Using pre-compiled firmware from: /home/delaunap/workspace/tenstorrent_tests/.venv/lib/python3.12/site-packages/pjrt_plugin_tt/tt-metal/tt_metal/pre-compiled/6481459055998014514/ (build_env_manager.cpp:259)
2026-05-25 12:54:32.426 | info     |           Metal | Fabric config changed from FabricConfig::DISABLED to FabricConfig::FABRIC_1D, reinitializing control plane (metal_env.cpp:257)
2026-05-25 12:54:32.426 | info     |     Distributed | Using auto discovery to generate mesh graph. (metal_env.cpp:332)
2026-05-25 12:54:32.426 | info     |     Distributed | Constructing control plane using auto-discovery (no mesh graph descriptor). (metal_env.cpp:394)
2026-05-25 12:54:32.426 | info     |             UMD | Creating TopologyDiscovery for architecture: wormhole_b0 (topology_discovery.cpp:72)
2026-05-25 12:54:32.428 | info     |             UMD | Established firmware bundle version: 19.6.0 (topology_discovery.cpp:461)
2026-05-25 12:54:32.428 | info     |             UMD | Firmware bundle version 19.6.0 on the system is newer than the latest fully tested version 19.5.0 for wormhole_b0 architecture. Newest features may not be supported. (topology_discovery.cpp:493)
2026-05-25 12:54:32.438 | info     |          Fabric | TopologyMapper: Logical Multi-Mesh Adjacency Map: (topology_mapper.cpp:1474)
2026-05-25 12:54:32.438 | info     |          Fabric | 
=== Logical Mesh-Level Graph Adjacency Map ===
Total nodes: 1
Degree histogram: {0:1}
 (topology_solver.tpp:91)
2026-05-25 12:54:32.438 | info     |          Fabric | 
=== Logical Mesh 0 Internal Graph Adjacency Map ===
Total nodes: 2
Degree histogram: {1:2}
 (topology_solver.tpp:91)
2026-05-25 12:54:32.438 | info     |          Fabric | TopologyMapper: Physical Multi-Mesh Adjacency Map: (topology_mapper.cpp:1485)
2026-05-25 12:54:32.438 | info     |          Fabric | 
=== Physical Mesh-Level Graph Adjacency Map ===
Total nodes: 1
Degree histogram: {0:1}
 (topology_solver.tpp:91)
2026-05-25 12:54:32.438 | info     |          Fabric | 
=== Physical Mesh 0 Internal Graph Adjacency Map ===
Total nodes: 2
Degree histogram: {1:2}
 (topology_solver.tpp:91)
2026-05-25 12:54:32.438 | info     |          Fabric | Starting multi-mesh mapping: 1 logical mesh(es) to 1 physical mesh(es) (topology_mapper_utils.cpp:1469)
2026-05-25 12:54:32.438 | info     |          Fabric | Multi-mesh mapping attempt 1/2: Trying inter-mesh mapping (topology_mapper_utils.cpp:1510)
2026-05-25 12:54:32.438 | info     |          Fabric | Attempt 1: Inter-mesh mapping succeeded, found 1 mesh pair(s) (topology_mapper_utils.cpp:1539)
2026-05-25 12:54:32.438 | info     |          Fabric | Attempt 1: Mapping 1 mesh pair(s) (topology_mapper_utils.cpp:1547)
2026-05-25 12:54:32.438 | info     |          Fabric | Attempt 1: Mapping mesh 0 -> 0 (topology_mapper_utils.cpp:1554)
2026-05-25 12:54:32.438 | info     |          Fabric | Multi-mesh mapping succeeded after 1 attempt(s): 1 mesh pair(s) mapped (topology_mapper_utils.cpp:1686)
2026-05-25 12:54:32.439 | info     |           Metal | Enabling FabricConfig::FABRIC_1D only for dispatch. If your workload requires fabric, please set the fabric config accordingly. (device_manager.cpp:288)
2026-05-25 12:54:32.439 | info     |           Metal | Dispatch on FabricConfig::FABRIC_1D with 1 Command Queues
 (device_manager.cpp:296)
2026-05-25 12:54:32.444 | info     |           Metal | Initializing Fabric (fabric_firmware_initializer.cpp:45)
2026-05-25 12:54:32.469 | info     |           Metal | Fabric initialized on Device 0 (device.cpp:412)
2026-05-25 12:54:32.470 | info     |           Metal | Fabric initialized on Device 1 (device.cpp:412)
2026-05-25 12:54:32.470 | info     |           Metal | Fabric initialized on 2 devices (fabric_firmware_initializer.cpp:173)
2026-05-25 12:54:32.470 | info     |           Metal | Fabric Initialized with config FabricConfig::FABRIC_1D (fabric_firmware_initializer.cpp:48)
2026-05-25 12:54:32.533 | critical |          Always | TT_FATAL: Logical eth core (x=0,y=15) is not an active eth core on chip 0. (assert.hpp:104)
[32m                 Always[0m | [1m[38;5;208m WARNING[0m | Skipping ethernet core ((x=0,y=15)) on chip 0
2026-05-25 12:54:32.578 | info     |           Metal | Fabric config changed from FabricConfig::FABRIC_1D to FabricConfig::FABRIC_1D_RING, reinitializing control plane (metal_env.cpp:257)
2026-05-25 12:54:32.578 | info     |     Distributed | Using auto discovery to generate mesh graph. (metal_env.cpp:332)
2026-05-25 12:54:32.578 | info     |     Distributed | Constructing control plane using auto-discovery (no mesh graph descriptor). (metal_env.cpp:394)
2026-05-25 12:54:32.578 | info     |             UMD | Creating TopologyDiscovery for architecture: wormhole_b0 (topology_discovery.cpp:72)
2026-05-25 12:54:32.580 | info     |             UMD | Established firmware bundle version: 19.6.0 (topology_discovery.cpp:461)
2026-05-25 12:54:32.580 | info     |             UMD | Firmware bundle version 19.6.0 on the system is newer than the latest fully tested version 19.5.0 for wormhole_b0 architecture. Newest features may not be supported. (topology_discovery.cpp:493)
2026-05-25 12:54:32.591 | info     |          Fabric | TopologyMapper: Logical Multi-Mesh Adjacency Map: (topology_mapper.cpp:1474)
2026-05-25 12:54:32.591 | info     |          Fabric | 
=== Logical Mesh-Level Graph Adjacency Map ===
Total nodes: 1
Degree histogram: {0:1}
 (topology_solver.tpp:91)
2026-05-25 12:54:32.591 | info     |          Fabric | 
=== Logical Mesh 0 Internal Graph Adjacency Map ===
Total nodes: 2
Degree histogram: {1:2}
 (topology_solver.tpp:91)
2026-05-25 12:54:32.591 | info     |          Fabric | TopologyMapper: Physical Multi-Mesh Adjacency Map: (topology_mapper.cpp:1485)
2026-05-25 12:54:32.591 | info     |          Fabric | 
=== Physical Mesh-Level Graph Adjacency Map ===
Total nodes: 1
Degree histogram: {0:1}
 (topology_solver.tpp:91)
2026-05-25 12:54:32.591 | info     |          Fabric | 
=== Physical Mesh 0 Internal Graph Adjacency Map ===
Total nodes: 2
Degree histogram: {1:2}
 (topology_solver.tpp:91)
2026-05-25 12:54:32.591 | info     |          Fabric | Starting multi-mesh mapping: 1 logical mesh(es) to 1 physical mesh(es) (topology_mapper_utils.cpp:1469)
2026-05-25 12:54:32.591 | info     |          Fabric | Multi-mesh mapping attempt 1/2: Trying inter-mesh mapping (topology_mapper_utils.cpp:1510)
2026-05-25 12:54:32.591 | info     |          Fabric | Attempt 1: Inter-mesh mapping succeeded, found 1 mesh pair(s) (topology_mapper_utils.cpp:1539)
2026-05-25 12:54:32.591 | info     |          Fabric | Attempt 1: Mapping 1 mesh pair(s) (topology_mapper_utils.cpp:1547)
2026-05-25 12:54:32.591 | info     |          Fabric | Attempt 1: Mapping mesh 0 -> 0 (topology_mapper_utils.cpp:1554)
2026-05-25 12:54:32.591 | info     |          Fabric | Multi-mesh mapping succeeded after 1 attempt(s): 1 mesh pair(s) mapped (topology_mapper_utils.cpp:1686)
2026-05-25 12:54:32.604 | info     |    BuildKernels | Using pre-compiled firmware from: /home/delaunap/workspace/tenstorrent_tests/.venv/lib/python3.12/site-packages/pjrt_plugin_tt/tt-metal/tt_metal/pre-compiled/6481459055998014514/ (build_env_manager.cpp:259)
2026-05-25 12:54:32.604 | info     |    BuildKernels | Using pre-compiled firmware from: /home/delaunap/workspace/tenstorrent_tests/.venv/lib/python3.12/site-packages/pjrt_plugin_tt/tt-metal/tt_metal/pre-compiled/6481459055998014514/ (build_env_manager.cpp:259)
2026-05-25 12:54:32.659 | warning  |           Metal | Got num_routing_planes: 1, which is less than current value: 255, ignoring the override (metal_env.cpp:232)
2026-05-25 12:54:32.659 | info     |           Metal | Dispatch on FabricConfig::FABRIC_1D_RING with 1 Command Queues
 (device_manager.cpp:296)
2026-05-25 12:54:32.664 | info     |           Metal | Initializing Fabric (fabric_firmware_initializer.cpp:45)
2026-05-25 12:54:32.677 | info     |           Metal | Fabric initialized on Device 0 (device.cpp:412)
2026-05-25 12:54:32.681 | info     |           Metal | Fabric initialized on Device 1 (device.cpp:412)
2026-05-25 12:54:32.681 | info     |           Metal | Fabric initialized on 2 devices (fabric_firmware_initializer.cpp:173)
2026-05-25 12:54:32.681 | info     |           Metal | Fabric Initialized with config FabricConfig::FABRIC_1D_RING (fabric_firmware_initializer.cpp:48)
2026-05-25 12:54:32.709 | info     |           Metal | Enabling program cache on MeshDevice 1 (mesh_device.cpp:974)
step: 0.4746s loss: 2.296875
step: 0.0086s loss: 1.9765625
step: 0.0105s loss: 2.046875
step: 0.0102s loss: 1.609375
step: 0.0079s loss: 1.53125
step: 0.0078s loss: 1.21875
step: 0.0082s loss: 1.296875
step: 0.0084s loss: 1.3828125
step: 0.0067s loss: 0.98828125
step: 0.0065s loss: 1.5
step: 0.0063s loss: 0.90625
step: 0.0064s loss: 0.75390625
step: 0.0074s loss: 0.94140625
step: 0.0061s loss: 0.6171875
step: 0.0056s loss: 0.482421875
step: 0.0054s loss: 0.82421875
step: 0.0057s loss: 0.3515625
step: 0.0055s loss: 1.0859375
step: 0.0054s loss: 0.6171875
step: 0.0058s loss: 0.734375
step: 0.0055s loss: 0.3828125
step: 0.0055s loss: 0.7734375
step: 0.0057s loss: 0.6328125
step: 0.0055s loss: 0.58203125
step: 0.0056s loss: 0.404296875
step: 0.0055s loss: 0.6953125
step: 0.0056s loss: 0.546875
step: 0.0054s loss: 0.625
step: 0.0054s loss: 0.89453125
step: 0.0055s loss: 0.275390625
step: 0.0054s loss: 0.80859375
step: 0.0060s loss: 0.39453125
step: 0.0055s loss: 0.34765625
step: 0.0055s loss: 0.76171875
step: 0.0055s loss: 0.3984375
step: 0.0057s loss: 0.7734375
step: 0.0064s loss: 0.7421875
step: 0.0056s loss: 0.40625
step: 0.0055s loss: 0.2734375
step: 0.0056s loss: 0.34765625
step: 0.0055s loss: 0.216796875
step: 0.0057s loss: 0.84375
step: 0.0054s loss: 0.365234375
step: 0.0058s loss: 0.228515625
step: 0.0055s loss: 0.4609375
step: 0.0056s loss: 0.4609375
step: 0.0059s loss: 0.375
step: 0.0058s loss: 0.578125
step: 0.0069s loss: 0.396484375
step: 0.0059s loss: 0.2119140625
step: 0.0068s loss: 0.404296875
step: 0.0092s loss: 0.439453125
step: 0.0091s loss: 0.33984375
step: 0.0096s loss: 0.1083984375
step: 0.0100s loss: 0.25390625
step: 0.0073s loss: 0.158203125
step: 0.0064s loss: 0.53515625
step: 0.0062s loss: 0.447265625
step: 0.0062s loss: 0.1748046875
step: 0.0062s loss: 0.240234375
step: 0.0062s loss: 0.162109375
step: 0.0062s loss: 0.236328125
step: 0.0057s loss: 0.20703125
step: 0.0058s loss: 0.25390625
step: 0.0057s loss: 0.28125
step: 0.0065s loss: 0.39453125
step: 0.0054s loss: 0.396484375
step: 0.0054s loss: 0.1982421875
step: 0.0054s loss: 0.25390625
step: 0.0058s loss: 0.30078125
step: 0.0055s loss: 0.48046875
step: 0.0059s loss: 0.390625
step: 0.0054s loss: 0.66015625
step: 0.0056s loss: 0.478515625
step: 0.0055s loss: 0.578125
step: 0.0056s loss: 0.341796875
step: 0.0053s loss: 0.7109375
step: 0.0051s loss: 0.33984375
step: 0.0053s loss: 0.478515625
step: 0.0054s loss: 0.2255859375
step: 0.0055s loss: 0.78125
step: 0.0053s loss: 0.2294921875
step: 0.0051s loss: 0.328125
step: 0.0052s loss: 0.51171875
step: 0.0053s loss: 0.51171875
step: 0.0055s loss: 0.4921875
step: 0.0055s loss: 0.50390625
step: 0.0056s loss: 0.26953125
step: 0.0073s loss: 0.31640625
step: 0.0056s loss: 0.40625
step: 0.0054s loss: 0.4375
step: 0.0053s loss: 0.408203125
step: 0.0054s loss: 0.3984375
step: 0.0055s loss: 0.298828125
step: 0.0056s loss: 0.10986328125
step: 0.0097s loss: 0.75390625
step: 0.0053s loss: 0.65625
step: 0.0052s loss: 0.474609375
step: 0.0054s loss: 0.55078125
step: 0.0055s loss: 0.248046875
step: 0.0055s loss: 0.443359375
step: 0.0053s loss: 0.287109375
step: 0.0056s loss: 0.27734375
step: 0.0054s loss: 0.2041015625
step: 0.0053s loss: 0.224609375
step: 0.0055s loss: 0.62109375
step: 0.0053s loss: 0.5703125
step: 0.0053s loss: 0.169921875
step: 0.0053s loss: 0.1318359375
step: 0.0052s loss: 0.37890625
step: 0.0052s loss: 0.328125
step: 0.0052s loss: 0.412109375
step: 0.0053s loss: 0.390625
step: 0.0054s loss: 0.54296875
step: 0.0055s loss: 0.37109375
step: 0.0056s loss: 0.44140625
step: 0.0054s loss: 0.287109375
step: 0.0054s loss: 0.671875
step: 0.0056s loss: 0.5546875
step: 0.0054s loss: 0.265625
step: 0.0054s loss: 0.427734375
step: 0.0054s loss: 0.232421875
step: 0.0054s loss: 0.2099609375
step: 0.0053s loss: 0.515625
step: 0.0053s loss: 0.1357421875
step: 0.0054s loss: 0.341796875
step: 0.0052s loss: 0.267578125
step: 0.0059s loss: 0.058349609375
step: 0.0052s loss: 0.375
step: 0.0055s loss: 0.103515625
step: 0.0052s loss: 0.404296875
step: 0.0051s loss: 0.240234375
step: 0.0051s loss: 0.1376953125
step: 0.0052s loss: 0.3203125
step: 0.0052s loss: 0.2578125
step: 0.0051s loss: 0.0908203125
step: 0.0051s loss: 0.251953125
step: 0.0052s loss: 0.125
step: 0.0047s loss: 0.62109375
step: 0.0043s loss: 0.1845703125
step: 0.0050s loss: 0.11767578125
step: 0.0043s loss: 0.62109375
step: 0.0043s loss: 0.1591796875
step: 0.0042s loss: 0.46484375
step: 0.0043s loss: 0.47265625
step: 0.0043s loss: 0.2890625
step: 0.0044s loss: 0.2373046875
step: 0.0044s loss: 0.142578125
step: 0.0043s loss: 0.287109375
step: 0.0044s loss: 0.1005859375
step: 0.0043s loss: 0.4609375
step: 0.0044s loss: 0.61328125
step: 0.0044s loss: 0.2119140625
step: 0.0043s loss: 0.2109375
step: 0.0044s loss: 0.1552734375
step: 0.0044s loss: 0.326171875
step: 0.0043s loss: 0.287109375
step: 0.0041s loss: 0.0986328125
step: 0.0042s loss: 0.197265625
step: 0.0043s loss: 0.412109375
step: 0.0043s loss: 0.34375
step: 0.0044s loss: 0.123046875
step: 0.0043s loss: 0.1591796875
step: 0.0042s loss: 0.4296875
step: 0.0043s loss: 0.1806640625
step: 0.0044s loss: 0.2158203125
step: 0.0044s loss: 0.228515625
step: 0.0043s loss: 0.33984375
step: 0.0043s loss: 0.1630859375
step: 0.0042s loss: 0.3046875
step: 0.0043s loss: 0.37109375
step: 0.0047s loss: 0.349609375
step: 0.0048s loss: 0.138671875
step: 0.0049s loss: 0.244140625
step: 0.0050s loss: 0.7109375
step: 0.0050s loss: 0.1806640625
step: 0.0049s loss: 0.181640625
step: 0.0049s loss: 0.16015625
step: 0.0049s loss: 0.1357421875
step: 0.0050s loss: 0.455078125
step: 0.0050s loss: 0.19921875
step: 0.0050s loss: 0.40234375
step: 0.0062s loss: 0.248046875
step: 0.0050s loss: 0.29296875
step: 0.0050s loss: 0.33984375
step: 0.0050s loss: 0.279296875
step: 0.0049s loss: 0.20703125
step: 0.0049s loss: 0.06298828125
step: 0.0050s loss: 0.10546875
step: 0.0050s loss: 0.091796875
step: 0.0050s loss: 0.39453125
step: 0.0050s loss: 0.361328125
step: 0.0049s loss: 0.33984375
step: 0.0050s loss: 0.33984375
step: 0.0049s loss: 0.201171875
step: 0.0049s loss: 0.166015625
step: 0.0050s loss: 0.140625
step: 0.0049s loss: 0.138671875
step: 0.0050s loss: 0.2353515625
step: 0.0050s loss: 0.203125
step: 0.0049s loss: 0.30078125
step: 0.0052s loss: 0.5703125
step: 0.0049s loss: 0.177734375
step: 0.0050s loss: 0.177734375
step: 0.0051s loss: 0.1171875
step: 0.0049s loss: 0.5703125
step: 0.0050s loss: 0.259765625
step: 0.0050s loss: 0.259765625
step: 0.0050s loss: 0.1875
step: 0.0049s loss: 0.40625
step: 0.0049s loss: 0.0859375
step: 0.0049s loss: 0.185546875
step: 0.0050s loss: 0.1484375
step: 0.0050s loss: 0.0673828125
step: 0.0050s loss: 0.0751953125
step: 0.0049s loss: 0.0712890625
step: 0.0049s loss: 0.33203125
step: 0.0049s loss: 0.228515625
step: 0.0049s loss: 0.51953125
step: 0.0050s loss: 0.099609375
step: 0.0049s loss: 0.171875
step: 0.0050s loss: 0.146484375
step: 0.0050s loss: 0.162109375
step: 0.0049s loss: 0.1220703125
step: 0.0072s loss: 0.578125
step: 0.0050s loss: 0.69921875
step: 0.0050s loss: 0.298828125
step: 0.0050s loss: 0.0634765625
step: 0.0051s loss: 0.048095703125
step: 0.0052s loss: 0.15234375
step: 0.0050s loss: 0.1171875
step: 0.0049s loss: 0.32421875
step: 0.0050s loss: 0.34375
step: 0.0050s loss: 0.28515625
step: 0.0049s loss: 0.119140625
step: 0.0051s loss: 0.236328125
step: 0.0050s loss: 0.1259765625
step: 0.0049s loss: 0.46484375
step: 0.0049s loss: 0.234375
step: 0.0048s loss: 0.03466796875
step: 0.0049s loss: 0.185546875
step: 0.0050s loss: 0.298828125
step: 0.0048s loss: 0.130859375
step: 0.0049s loss: 0.4140625
step: 0.0048s loss: 0.53125
step: 0.0050s loss: 0.267578125
step: 0.0050s loss: 0.11279296875
step: 0.0048s loss: 0.30078125
step: 0.0049s loss: 0.1904296875
step: 0.0049s loss: 0.369140625
step: 0.0050s loss: 0.578125
step: 0.0050s loss: 0.2353515625
step: 0.0050s loss: 0.28515625
step: 0.0049s loss: 0.1396484375
step: 0.0049s loss: 0.056640625
step: 0.0049s loss: 0.1669921875
step: 0.0050s loss: 0.359375
step: 0.0049s loss: 0.2001953125
step: 0.0049s loss: 0.68359375
step: 0.0050s loss: 0.1474609375
step: 0.0049s loss: 0.1904296875
step: 0.0050s loss: 0.208984375
step: 0.0049s loss: 0.2421875
step: 0.0049s loss: 0.146484375
step: 0.0049s loss: 0.2099609375
step: 0.0052s loss: 0.11181640625
step: 0.0049s loss: 0.08349609375
step: 0.0057s loss: 0.11962890625
step: 0.0050s loss: 0.125
step: 0.0049s loss: 0.1416015625
step: 0.0049s loss: 0.1162109375
step: 0.0049s loss: 0.166015625
step: 0.0049s loss: 0.1484375
step: 0.0049s loss: 0.61328125
step: 0.0052s loss: 0.0986328125
step: 0.0049s loss: 0.06689453125
step: 0.0050s loss: 0.31640625
step: 0.0049s loss: 0.1796875
step: 0.0049s loss: 0.154296875
step: 0.0048s loss: 0.0634765625
step: 0.0049s loss: 0.294921875
step: 0.0050s loss: 0.0986328125
step: 0.0052s loss: 0.40234375
step: 0.0049s loss: 0.34375
step: 0.0048s loss: 0.373046875
step: 0.0051s loss: 0.111328125
step: 0.0048s loss: 0.2255859375
step: 0.0048s loss: 0.5390625
step: 0.0047s loss: 0.74609375
step: 0.0049s loss: 0.2890625
step: 0.0048s loss: 0.2138671875
step: 0.0048s loss: 0.296875
step: 0.0049s loss: 0.1357421875
step: 0.0049s loss: 0.3515625
step: 0.0048s loss: 0.36328125
step: 0.0049s loss: 0.203125
step: 0.0047s loss: 0.330078125
step: 0.0049s loss: 0.1328125
step: 0.0047s loss: 0.2177734375
step: 0.0049s loss: 0.26953125
step: 0.0049s loss: 0.3515625
step: 0.0048s loss: 0.076171875
step: 0.0049s loss: 0.388671875
step: 0.0049s loss: 0.17578125
step: 0.0048s loss: 0.146484375
step: 0.0048s loss: 0.1259765625
step: 0.0048s loss: 0.06982421875
step: 0.0048s loss: 0.15234375
step: 0.0047s loss: 0.051025390625
step: 0.0048s loss: 0.3046875
step: 0.0048s loss: 0.166015625
step: 0.0048s loss: 0.26953125
step: 0.0049s loss: 0.244140625
step: 0.0049s loss: 0.043212890625
step: 0.0049s loss: 0.193359375
step: 0.0049s loss: 0.2255859375
step: 0.0048s loss: 0.08642578125
step: 0.0050s loss: 0.1025390625
step: 0.0048s loss: 0.15625
step: 0.0049s loss: 0.40625
step: 0.0049s loss: 0.30078125
step: 0.0049s loss: 0.2353515625
step: 0.0047s loss: 0.35546875
step: 0.0050s loss: 0.13671875
step: 0.0048s loss: 0.1123046875
step: 0.0048s loss: 0.306640625
step: 0.0051s loss: 0.1376953125
step: 0.0050s loss: 0.19140625
step: 0.0043s loss: 0.19140625
step: 0.0043s loss: 0.123046875
step: 0.0043s loss: 0.02197265625
step: 0.0041s loss: 0.267578125
step: 0.0043s loss: 0.455078125
step: 0.0043s loss: 0.025634765625
step: 0.0043s loss: 0.55078125
step: 0.0043s loss: 0.16796875
step: 0.0043s loss: 0.328125
step: 0.0042s loss: 0.28125
step: 0.0043s loss: 0.34375
step: 0.0043s loss: 0.06884765625
step: 0.0043s loss: 0.1796875
step: 0.0042s loss: 0.37109375
step: 0.0044s loss: 0.2890625
step: 0.0043s loss: 0.1884765625
step: 0.0043s loss: 0.75
step: 0.0043s loss: 0.16796875
step: 0.0043s loss: 0.41015625
step: 0.0043s loss: 0.052734375
step: 0.0041s loss: 0.220703125
step: 0.0043s loss: 0.1376953125
step: 0.0043s loss: 0.34765625
step: 0.0042s loss: 0.1982421875
step: 0.0043s loss: 0.333984375
step: 0.0042s loss: 0.220703125
step: 0.0043s loss: 0.220703125
step: 0.0041s loss: 0.248046875
step: 0.0043s loss: 0.1123046875
step: 0.0043s loss: 0.13671875
step: 0.0041s loss: 0.09033203125
step: 0.0043s loss: 0.15234375
step: 0.0043s loss: 0.09375
step: 0.0043s loss: 0.298828125
step: 0.0041s loss: 0.859375
step: 0.0043s loss: 0.041015625
step: 0.0041s loss: 0.083984375
step: 0.0042s loss: 0.224609375
step: 0.0043s loss: 0.1103515625
step: 0.0043s loss: 0.10009765625
step: 0.0041s loss: 0.265625
step: 0.0042s loss: 0.0517578125
step: 0.0043s loss: 0.15234375
step: 0.0043s loss: 0.171875
step: 0.0043s loss: 0.279296875
step: 0.0043s loss: 0.10546875
step: 0.0043s loss: 0.2158203125
step: 0.0043s loss: 0.255859375
step: 0.0041s loss: 0.0263671875
step: 0.0042s loss: 0.4140625
step: 0.0044s loss: 0.171875
step: 0.0052s loss: 0.0966796875
step: 0.0053s loss: 0.1533203125
step: 0.0049s loss: 0.0693359375
step: 0.0043s loss: 0.30078125
step: 0.0043s loss: 0.3125
step: 0.0054s loss: 0.474609375
step: 0.0053s loss: 0.4140625
step: 0.0044s loss: 0.23046875
step: 0.0043s loss: 0.24609375
step: 0.0052s loss: 0.27734375
step: 0.0054s loss: 0.423828125
step: 0.0046s loss: 0.06640625
step: 0.0043s loss: 0.0615234375
step: 0.0052s loss: 0.2314453125
step: 0.0051s loss: 0.4765625
step: 0.0046s loss: 0.484375
step: 0.0043s loss: 0.2236328125
step: 0.0053s loss: 0.2275390625
step: 0.0051s loss: 0.024169921875
step: 0.0045s loss: 0.28515625
step: 0.0041s loss: 0.421875
step: 0.0042s loss: 0.1220703125
step: 0.0042s loss: 0.064453125
step: 0.0043s loss: 0.1513671875
step: 0.0044s loss: 0.158203125
step: 0.0042s loss: 0.330078125
step: 0.0043s loss: 0.2041015625
step: 0.0042s loss: 0.443359375
step: 0.0041s loss: 0.216796875
step: 0.0042s loss: 0.212890625
step: 0.0043s loss: 0.12451171875
step: 0.0043s loss: 0.220703125
step: 0.0043s loss: 0.038330078125
step: 0.0043s loss: 0.275390625
step: 0.0041s loss: 0.2373046875
step: 0.0043s loss: 0.208984375
step: 0.0043s loss: 0.279296875
step: 0.0043s loss: 0.06591796875
step: 0.0044s loss: 0.01446533203125
step: 0.0044s loss: 0.0341796875
step: 0.0043s loss: 0.1357421875
step: 0.0041s loss: 0.30859375
step: 0.0044s loss: 0.02978515625
step: 0.0043s loss: 0.1162109375
step: 0.0043s loss: 0.12890625
step: 0.0043s loss: 0.298828125
step: 0.0042s loss: 0.042724609375
step: 0.0049s loss: 0.0751953125
step: 0.0049s loss: 0.017578125
step: 0.0048s loss: 0.12353515625
step: 0.0048s loss: 0.2041015625
step: 0.0049s loss: 0.11181640625
step: 0.0049s loss: 0.1953125
step: 0.0049s loss: 0.27734375
step: 0.0048s loss: 0.25390625
step: 0.0049s loss: 0.1845703125
step: 0.0048s loss: 0.26953125
step: 0.0046s loss: 0.1875
step: 0.0043s loss: 0.0927734375
step: 0.0041s loss: 0.5859375
step: 0.0043s loss: 0.34375
step: 0.0043s loss: 0.07666015625
step: 0.0041s loss: 0.2470703125
step: 0.0049s loss: 0.0888671875
step: 0.0041s loss: 0.05224609375
step: 0.0043s loss: 0.361328125
step: 0.0043s loss: 0.103515625
step: 0.0043s loss: 0.0245361328125
step: 0.0043s loss: 0.103515625
step: 0.0043s loss: 0.205078125
step: 0.0043s loss: 0.1357421875
step: 0.0043s loss: 0.2041015625
step: 0.0041s loss: 0.36328125
step: 0.0041s loss: 0.486328125
step: 0.0043s loss: 0.337890625
step: 0.0041s loss: 0.1962890625
step: 0.0043s loss: 0.1962890625
step: 0.0041s loss: 0.39453125
step: 0.0042s loss: 0.11474609375
step: 0.0043s loss: 0.2109375
step: 0.0044s loss: 0.197265625
step: 0.0043s loss: 0.41015625
step: 0.0042s loss: 0.275390625
step: 0.0043s loss: 0.1416015625
step: 0.0043s loss: 0.130859375
step: 0.0043s loss: 0.294921875
step: 0.0043s loss: 0.203125
step: 0.0043s loss: 0.1220703125
step: 0.0043s loss: 0.107421875
step: 0.0043s loss: 0.05908203125
step: 0.0043s loss: 0.083984375
step: 0.0041s loss: 0.2177734375
step: 0.0043s loss: 0.064453125
step: 0.0043s loss: 0.2197265625
step: 0.0043s loss: 0.054931640625
step: 0.0043s loss: 0.1513671875
step: 0.0043s loss: 0.26171875
step: 0.0043s loss: 0.54296875
step: 0.0043s loss: 0.5234375
step: 0.0043s loss: 0.212890625
step: 0.0041s loss: 0.034912109375
step: 0.0043s loss: 0.091796875
step: 0.0041s loss: 0.06396484375
step: 0.0043s loss: 0.126953125
step: 0.0043s loss: 0.1337890625
step: 0.0043s loss: 0.2158203125
step: 0.0043s loss: 0.1298828125
step: 0.0044s loss: 0.09033203125
step: 0.0043s loss: 0.10498046875
step: 0.0043s loss: 0.154296875
step: 0.0043s loss: 0.11083984375
step: 0.0043s loss: 0.2451171875
step: 0.0043s loss: 0.185546875
step: 0.0042s loss: 0.240234375
step: 0.0042s loss: 0.197265625
step: 0.0043s loss: 0.435546875
step: 0.0043s loss: 0.049560546875
step: 0.0044s loss: 0.0654296875
step: 0.0043s loss: 0.390625
step: 0.0043s loss: 0.1787109375
step: 0.0043s loss: 0.11376953125
step: 0.0043s loss: 0.244140625
step: 0.0043s loss: 0.283203125
step: 0.0044s loss: 0.41015625
step: 0.0043s loss: 0.32421875
step: 0.0043s loss: 0.302734375
step: 0.0042s loss: 0.1083984375
step: 0.0041s loss: 0.099609375
step: 0.0041s loss: 0.0908203125
step: 0.0043s loss: 0.296875
step: 0.0041s loss: 0.380859375
step: 0.0042s loss: 0.1611328125
step: 0.0042s loss: 0.22265625
step: 0.0043s loss: 0.078125
step: 0.0042s loss: 0.16796875
step: 0.0043s loss: 0.2578125
step: 0.0042s loss: 0.1103515625
step: 0.0043s loss: 0.1376953125
step: 0.0043s loss: 0.5234375
step: 0.0043s loss: 0.072265625
step: 0.0041s loss: 0.130859375
step: 0.0043s loss: 0.17578125
step: 0.0043s loss: 0.33984375
step: 0.0041s loss: 0.24609375
step: 0.0043s loss: 0.1552734375
step: 0.0043s loss: 0.05029296875
step: 0.0041s loss: 0.1328125
step: 0.0043s loss: 0.0732421875
step: 0.0043s loss: 0.0888671875
step: 0.0042s loss: 0.1640625
step: 0.0043s loss: 0.154296875
step: 0.0043s loss: 0.296875
step: 0.0043s loss: 0.1484375
step: 0.0041s loss: 0.224609375
step: 0.0043s loss: 0.080078125
step: 0.0043s loss: 0.0198974609375
step: 0.0046s loss: 0.19140625
step: 0.0043s loss: 0.224609375
step: 0.0041s loss: 0.173828125
step: 0.0041s loss: 0.1357421875
step: 0.0043s loss: 0.357421875
step: 0.0043s loss: 0.07958984375
step: 0.0043s loss: 0.1494140625
step: 0.0041s loss: 0.13671875
step: 0.0043s loss: 0.0302734375
step: 0.0045s loss: 0.21875
step: 0.0044s loss: 0.11279296875
step: 0.0043s loss: 0.0771484375
step: 0.0043s loss: 0.29296875
step: 0.0043s loss: 0.251953125
step: 0.0043s loss: 0.07568359375
step: 0.0043s loss: 0.0654296875
step: 0.0043s loss: 0.06201171875
step: 0.0043s loss: 0.04052734375
step: 0.0043s loss: 0.462890625
step: 0.0043s loss: 0.06494140625
step: 0.0043s loss: 0.154296875
step: 0.0043s loss: 0.06982421875
step: 0.0043s loss: 0.059326171875
step: 0.0043s loss: 0.0927734375
step: 0.0043s loss: 0.09521484375
step: 0.0043s loss: 0.1796875
step: 0.0043s loss: 0.189453125
step: 0.0043s loss: 0.0111083984375
step: 0.0043s loss: 0.177734375
step: 0.0042s loss: 0.1328125
step: 0.0043s loss: 0.1767578125
step: 0.0043s loss: 0.201171875
step: 0.0043s loss: 0.2451171875
step: 0.0050s loss: 0.41796875
step: 0.0068s loss: 0.10009765625
step: 0.0043s loss: 0.43359375
step: 0.0057s loss: 0.28515625
step: 0.0052s loss: 0.06494140625
step: 0.0041s loss: 0.049560546875
step: 0.0042s loss: 0.09326171875
step: 0.0042s loss: 0.0888671875
step: 0.0053s loss: 0.380859375
step: 0.0045s loss: 0.1689453125
step: 0.0044s loss: 0.072265625
step: 0.0043s loss: 0.111328125
step: 0.0043s loss: 0.3203125
step: 0.0043s loss: 0.1357421875
step: 0.0043s loss: 0.205078125
step: 0.0044s loss: 0.6015625
step: 0.0043s loss: 0.470703125
step: 0.0043s loss: 0.2119140625
step: 0.0044s loss: 0.1328125
step: 0.0042s loss: 0.333984375
step: 0.0043s loss: 0.27734375
step: 0.0041s loss: 0.23828125
step: 0.0044s loss: 0.43359375
step: 0.0043s loss: 0.1025390625
step: 0.0043s loss: 0.23828125
step: 0.0044s loss: 0.1748046875
step: 0.0044s loss: 0.1611328125
step: 0.0043s loss: 0.25
step: 0.0050s loss: 0.1103515625
step: 0.0043s loss: 0.07470703125
step: 0.0044s loss: 0.123046875
step: 0.0041s loss: 0.150390625
step: 0.0043s loss: 0.470703125
step: 0.0041s loss: 0.26171875
step: 0.0045s loss: 0.154296875
step: 0.0043s loss: 0.162109375
step: 0.0043s loss: 0.0703125
step: 0.0045s loss: 0.087890625
step: 0.0051s loss: 0.15625
step: 0.0043s loss: 0.302734375
step: 0.0043s loss: 0.298828125
step: 0.0043s loss: 0.091796875
step: 0.0043s loss: 0.011962890625
step: 0.0044s loss: 0.10546875
step: 0.0043s loss: 0.3203125
step: 0.0043s loss: 0.1796875
step: 0.0041s loss: 0.3828125
step: 0.0043s loss: 0.0242919921875
step: 0.0043s loss: 0.275390625
step: 0.0043s loss: 0.2470703125
step: 0.0044s loss: 0.040283203125
step: 0.0043s loss: 0.11083984375
step: 0.0044s loss: 0.19140625
step: 0.0041s loss: 0.14453125
step: 0.0062s loss: 0.0771484375
step: 0.0043s loss: 0.349609375
step: 0.0043s loss: 0.02294921875
step: 0.0044s loss: 0.51171875
step: 0.0044s loss: 0.31640625
step: 0.0043s loss: 0.1328125
step: 0.0043s loss: 0.4609375
step: 0.0043s loss: 0.375
step: 0.0044s loss: 0.11279296875
step: 0.0042s loss: 0.0869140625
step: 0.0041s loss: 0.15625
step: 0.0043s loss: 0.0576171875
step: 0.0042s loss: 0.046142578125
step: 0.0043s loss: 0.224609375
step: 0.0043s loss: 0.1416015625
step: 0.0041s loss: 0.40625
step: 0.0041s loss: 0.240234375
step: 0.0043s loss: 0.31640625
step: 0.0043s loss: 0.04638671875
step: 0.0043s loss: 0.158203125
step: 0.0041s loss: 0.12353515625
step: 0.0044s loss: 0.26953125
step: 0.0043s loss: 0.0927734375
step: 0.0137s loss: 0.03466796875
step: 0.0047s loss: 0.197265625
step: 0.0044s loss: 0.1142578125
step: 0.0044s loss: 0.35546875
step: 0.0044s loss: 0.0286865234375
step: 0.0049s loss: 0.08349609375
step: 0.0044s loss: 0.1240234375
step: 0.0042s loss: 0.0625
step: 0.0042s loss: 0.28125
step: 0.0050s loss: 0.060546875
step: 0.0044s loss: 0.10546875
step: 0.0044s loss: 0.1591796875
step: 0.0042s loss: 0.53125
step: 0.0044s loss: 0.2431640625
step: 0.0047s loss: 0.1455078125
step: 0.0042s loss: 0.1533203125
step: 0.0044s loss: 0.396484375
step: 0.0043s loss: 0.203125
step: 0.0047s loss: 0.09130859375
step: 0.0047s loss: 0.1982421875
step: 0.0044s loss: 0.060546875
step: 0.0045s loss: 0.2333984375
step: 0.0046s loss: 0.023193359375
step: 0.0045s loss: 0.1083984375
step: 0.0048s loss: 0.1455078125
step: 0.0050s loss: 0.19921875
step: 0.0046s loss: 0.1962890625
step: 0.0048s loss: 0.232421875
step: 0.0050s loss: 0.04833984375
step: 0.0048s loss: 0.1611328125
step: 0.0049s loss: 0.130859375
step: 0.0046s loss: 0.220703125
step: 0.0046s loss: 0.0859375
step: 0.0046s loss: 0.103515625
step: 0.0046s loss: 0.1044921875
step: 0.0046s loss: 0.0294189453125
step: 0.0046s loss: 0.27734375
step: 0.0055s loss: 0.2431640625
step: 0.0046s loss: 0.32421875
step: 0.0047s loss: 0.05029296875
step: 0.0046s loss: 0.384765625
step: 0.0048s loss: 0.09326171875
step: 0.0047s loss: 0.30859375
step: 0.0046s loss: 0.1591796875
step: 0.0046s loss: 0.16796875
step: 0.0046s loss: 0.08203125
step: 0.0047s loss: 0.1572265625
step: 0.0047s loss: 0.04248046875
step: 0.0046s loss: 0.050537109375
step: 0.0066s loss: 0.07080078125
step: 0.0044s loss: 0.17578125
step: 0.0049s loss: 0.34765625
step: 0.0046s loss: 0.07275390625
step: 0.0047s loss: 0.177734375
step: 0.0047s loss: 0.0625
step: 0.0046s loss: 0.12890625
step: 0.0046s loss: 0.25390625
step: 0.0045s loss: 0.21484375
step: 0.0047s loss: 0.0257568359375
step: 0.0048s loss: 0.2734375
step: 0.0046s loss: 0.212890625
step: 0.0047s loss: 0.1787109375
step: 0.0045s loss: 0.06787109375
step: 0.0046s loss: 0.3046875
step: 0.0047s loss: 0.125
step: 0.0045s loss: 0.30078125
step: 0.0047s loss: 0.072265625
step: 0.0047s loss: 0.1181640625
step: 0.0047s loss: 0.12890625
step: 0.0047s loss: 0.115234375
step: 0.0047s loss: 0.134765625
step: 0.0045s loss: 0.1748046875
step: 0.0045s loss: 0.314453125
step: 0.0046s loss: 0.373046875
step: 0.0046s loss: 0.0341796875
step: 0.0047s loss: 0.0830078125
step: 0.0047s loss: 0.04833984375
step: 0.0048s loss: 0.0517578125
step: 0.0046s loss: 0.11083984375
step: 0.0047s loss: 0.1591796875
step: 0.0047s loss: 0.294921875
step: 0.0048s loss: 0.1455078125
step: 0.0048s loss: 0.0791015625
step: 0.0043s loss: 0.021240234375
step: 0.0046s loss: 0.2373046875
step: 0.0047s loss: 0.12890625
step: 0.0047s loss: 0.01806640625
step: 0.0043s loss: 0.177734375
step: 0.0046s loss: 0.3515625
step: 0.0046s loss: 0.01123046875
step: 0.0047s loss: 0.0150146484375
step: 0.0049s loss: 0.322265625
step: 0.0044s loss: 0.21484375
step: 0.0047s loss: 0.232421875
step: 0.0047s loss: 0.267578125
step: 0.0046s loss: 0.353515625
step: 0.0046s loss: 0.2041015625
step: 0.0047s loss: 0.1708984375
step: 0.0045s loss: 0.28515625
step: 0.0044s loss: 0.1865234375
step: 0.0048s loss: 0.0223388671875
step: 0.0048s loss: 0.138671875
step: 0.0045s loss: 0.3984375
step: 0.0046s loss: 0.103515625
step: 0.0047s loss: 0.049560546875
step: 0.0045s loss: 0.059326171875
step: 0.0048s loss: 0.033447265625
step: 0.0046s loss: 0.3359375
step: 0.0044s loss: 0.08447265625
step: 0.0047s loss: 0.2119140625
step: 0.0047s loss: 0.11572265625
step: 0.0047s loss: 0.375
step: 0.0045s loss: 0.1611328125
step: 0.0048s loss: 0.2314453125
step: 0.0047s loss: 0.1357421875
step: 0.0046s loss: 0.06494140625
step: 0.0046s loss: 0.01226806640625
step: 0.0045s loss: 0.197265625
step: 0.0048s loss: 0.1767578125
step: 0.0046s loss: 0.640625
step: 0.0047s loss: 0.1357421875
step: 0.0048s loss: 0.07470703125
step: 0.0046s loss: 0.031494140625
step: 0.0047s loss: 0.21875
step: 0.0045s loss: 0.0703125
step: 0.0046s loss: 0.197265625
step: 0.0048s loss: 0.1650390625
step: 0.0047s loss: 0.07275390625
step: 0.0047s loss: 0.04736328125
step: 0.0047s loss: 0.265625
step: 0.0047s loss: 0.166015625
step: 0.0047s loss: 0.5546875
step: 0.0046s loss: 0.1796875
step: 0.0046s loss: 0.2109375
step: 0.0048s loss: 0.125
step: 0.0047s loss: 0.181640625
step: 0.0047s loss: 0.08642578125
step: 0.0048s loss: 0.047119140625
step: 0.0055s loss: 0.03662109375
step: 0.0046s loss: 0.028076171875
step: 0.0047s loss: 0.043701171875
step: 0.0048s loss: 0.26171875
step: 0.0047s loss: 0.2373046875
step: 0.0045s loss: 0.443359375
step: 0.0048s loss: 0.0400390625
step: 0.0046s loss: 0.042724609375
step: 0.0048s loss: 0.11572265625
step: 0.0047s loss: 0.030029296875
step: 0.0047s loss: 0.20703125
step: 0.0046s loss: 0.5859375
step: 0.0053s loss: 0.1787109375
step: 0.0052s loss: 0.1904296875
step: 0.0053s loss: 0.095703125
step: 0.0053s loss: 0.040283203125
step: 0.0054s loss: 0.11669921875
step: 0.0053s loss: 0.08984375
step: 0.0053s loss: 0.076171875
step: 0.0053s loss: 0.23046875
step: 0.0053s loss: 0.046630859375
step: 0.0053s loss: 0.07177734375
step: 0.0053s loss: 0.232421875
step: 0.0054s loss: 0.36328125
step: 0.0053s loss: 0.212890625
step: 0.0055s loss: 0.1044921875
step: 0.0053s loss: 0.263671875
step: 0.0053s loss: 0.0400390625
step: 0.0053s loss: 0.263671875
step: 0.0053s loss: 0.0189208984375
step: 0.0052s loss: 0.0888671875
step: 0.0053s loss: 0.08447265625
step: 0.0053s loss: 0.296875
step: 0.0054s loss: 0.328125
step: 0.0053s loss: 0.16796875
step: 0.0053s loss: 0.0419921875
step: 0.0054s loss: 0.033935546875
step: 0.0053s loss: 0.2255859375
step: 0.0052s loss: 0.208984375
step: 0.0053s loss: 0.111328125
step: 0.0053s loss: 0.33984375
step: 0.0052s loss: 0.1865234375
step: 0.0053s loss: 0.25390625
step: 0.0054s loss: 0.09521484375
step: 0.0052s loss: 0.0556640625
step: 0.0053s loss: 0.07666015625
step: 0.0053s loss: 0.2314453125
step: 0.0053s loss: 0.08642578125
step: 0.0054s loss: 0.1962890625
step: 0.0052s loss: 0.04248046875
step: 0.0053s loss: 0.2138671875
step: 0.0052s loss: 0.130859375
step: 0.0053s loss: 0.119140625
step: 0.0052s loss: 0.34375
step: 0.0053s loss: 0.03466796875
step: 0.0053s loss: 0.138671875
step: 0.0054s loss: 0.0712890625
step: 0.0053s loss: 0.1123046875
step: 0.0053s loss: 0.380859375
step: 0.0053s loss: 0.026611328125
step: 0.0053s loss: 0.07763671875
step: 0.0052s loss: 0.171875
step: 0.0046s loss: 0.0927734375
step: 0.0046s loss: 0.09423828125
step: 0.0048s loss: 0.049560546875
step: 0.0047s loss: 0.05419921875
step: 0.0047s loss: 0.259765625
step: 0.0046s loss: 0.1923828125
step: 0.0048s loss: 0.08544921875
step: 0.0047s loss: 0.1396484375
step: 0.0045s loss: 0.3828125
step: 0.0046s loss: 0.0076904296875
step: 0.0046s loss: 0.003875732421875
step: 0.0047s loss: 0.05517578125
step: 0.0047s loss: 0.1884765625
step: 0.0047s loss: 0.06884765625
step: 0.0048s loss: 0.396484375
step: 0.0047s loss: 0.10986328125
step: 0.0047s loss: 0.26171875
step: 0.0048s loss: 0.138671875
step: 0.0048s loss: 0.150390625
step: 0.0046s loss: 0.1328125
step: 0.0047s loss: 0.01239013671875
step: 0.0047s loss: 0.06005859375
step: 0.0048s loss: 0.041259765625
step: 0.0047s loss: 0.046142578125
step: 0.0047s loss: 0.03076171875
step: 0.0046s loss: 0.171875
step: 0.0048s loss: 0.044921875
step: 0.0048s loss: 0.09521484375
step: 0.0047s loss: 0.12451171875
step: 0.0049s loss: 0.24609375
step: 0.0049s loss: 0.25
step: 0.0048s loss: 0.0299072265625
step: 0.0046s loss: 0.052978515625
step: 0.0048s loss: 0.142578125
step: 0.0048s loss: 0.23828125
step: 0.0047s loss: 0.125
step: 0.0048s loss: 0.2431640625
step: 0.0047s loss: 0.1484375
step: 0.0057s loss: 0.28125
step: 0.0047s loss: 0.1083984375
step: 0.0047s loss: 0.1728515625
step: 0.0047s loss: 0.0771484375
step: 0.0048s loss: 0.0390625
step: 0.0045s loss: 0.2021484375
step: 0.0049s loss: 0.11181640625
step: 0.0048s loss: 0.1259765625
step: 0.0046s loss: 0.220703125
step: 0.0047s loss: 0.0849609375
step: 0.0045s loss: 0.287109375
step: 0.0049s loss: 0.26953125
step: 0.0049s loss: 0.095703125
step: 0.0048s loss: 0.03759765625
step: 0.0048s loss: 0.431640625
step: 0.0046s loss: 0.0634765625
step: 0.0046s loss: 0.0162353515625
step: 0.0048s loss: 0.03662109375
step: 0.0047s loss: 0.03662109375
step: 0.0048s loss: 0.0693359375
step: 0.0048s loss: 0.046875
step: 0.0045s loss: 0.25
step: 0.0047s loss: 0.05419921875
step: 0.0046s loss: 0.34375
step: 0.0045s loss: 0.18359375
step: 0.0047s loss: 0.392578125
step: 0.0047s loss: 0.208984375
step: 0.0049s loss: 0.040283203125
step: 0.0048s loss: 0.150390625
step: 0.0048s loss: 0.0869140625
step: 0.0047s loss: 0.216796875
step: 0.0046s loss: 0.287109375
step: 0.0047s loss: 0.146484375
step: 0.0046s loss: 0.0174560546875
step: 0.0048s loss: 0.6640625
step: 0.0048s loss: 0.2265625
step: 0.0048s loss: 0.06005859375
step: 0.0047s loss: 0.0458984375
step: 0.0046s loss: 0.357421875
step: 0.0048s loss: 0.138671875
step: 0.0048s loss: 0.17578125
step: 0.0047s loss: 0.038818359375
step: 0.0048s loss: 0.2578125
step: 0.0046s loss: 0.038818359375
step: 0.0046s loss: 0.236328125
step: 0.0048s loss: 0.26953125
step: 0.0046s loss: 0.1513671875
step: 0.0048s loss: 0.384765625
step: 0.0046s loss: 0.033447265625
step: 0.0048s loss: 0.07177734375
step: 0.0045s loss: 0.1591796875
step: 0.0044s loss: 0.07861328125
step: 0.0048s loss: 0.267578125
step: 0.0048s loss: 0.294921875
step: 0.0048s loss: 0.10498046875
step: 0.0049s loss: 0.0869140625
step: 0.0048s loss: 0.09765625
step: 0.0048s loss: 0.0283203125
step: 0.0048s loss: 0.02783203125
step: 0.0049s loss: 0.0810546875
step: 0.0048s loss: 0.13671875
step: 0.0048s loss: 0.1240234375
step: 0.0048s loss: 0.1728515625
step: 0.0049s loss: 0.1826171875
step: 0.0046s loss: 0.0771484375
step: 0.0046s loss: 0.10400390625
step: 0.0048s loss: 0.041259765625
step: 0.0049s loss: 0.39453125
step: 0.0048s loss: 0.034423828125
step: 0.0047s loss: 0.0859375
step: 0.0049s loss: 0.07421875
step: 0.0046s loss: 0.04443359375
step: 0.0048s loss: 0.08154296875
step: 0.0045s loss: 0.1279296875
step: 0.0048s loss: 0.341796875
step: 0.0048s loss: 0.07275390625
step: 0.0047s loss: 0.28515625
step: 0.0045s loss: 0.2734375
step: 0.0047s loss: 0.119140625
step: 0.0047s loss: 0.0089111328125
step: 0.0048s loss: 0.28515625
step: 0.0047s loss: 0.099609375
step: 0.0046s loss: 0.0693359375
step: 0.0048s loss: 0.06103515625
step: 0.0048s loss: 0.1318359375
step: 0.0048s loss: 0.3046875
step: 0.0048s loss: 0.2021484375
step: 0.0049s loss: 0.028564453125
step: 0.0046s loss: 0.2265625
step: 0.0046s loss: 0.3515625
step: 0.0046s loss: 0.25390625
step: 0.0049s loss: 0.1171875
step: 0.0048s loss: 0.220703125
step: 0.0046s loss: 0.23828125
step: 0.0048s loss: 0.2392578125
step: 0.0049s loss: 0.0189208984375
step: 0.0046s loss: 0.028564453125
step: 0.0046s loss: 0.2041015625
step: 0.0049s loss: 0.30859375
step: 0.0049s loss: 0.1689453125
step: 0.0048s loss: 0.078125
step: 0.0048s loss: 0.06005859375
step: 0.0048s loss: 0.0732421875
step: 0.0049s loss: 0.04345703125
step: 0.0048s loss: 0.051513671875
step: 0.0046s loss: 0.34765625
step: 0.0048s loss: 0.279296875
step: 0.0049s loss: 0.166015625
step: 0.0045s loss: 0.04150390625
step: 0.0048s loss: 0.232421875
step: 0.0049s loss: 0.365234375
step: 0.0048s loss: 0.279296875
step: 0.0049s loss: 0.5703125
step: 0.0048s loss: 0.042236328125
step: 0.0049s loss: 0.12255859375
step: 0.0048s loss: 0.1748046875
step: 0.0048s loss: 0.1416015625
step: 0.0046s loss: 0.1357421875
step: 0.0049s loss: 0.08056640625
step: 0.0048s loss: 0.625
step: 0.0048s loss: 0.05615234375
step: 0.0048s loss: 0.1552734375
step: 0.0048s loss: 0.1396484375
step: 0.0050s loss: 0.10595703125
step: 0.0049s loss: 0.36328125
step: 0.0049s loss: 0.08447265625
step: 0.0061s loss: 0.341796875
step: 0.0049s loss: 0.138671875
step: 0.0048s loss: 0.2451171875
step: 0.0048s loss: 0.1650390625
step: 0.0046s loss: 0.12451171875
step: 0.0049s loss: 0.1396484375
step: 0.0047s loss: 0.162109375
step: 0.0048s loss: 0.123046875
step: 0.0049s loss: 0.09130859375
step: 0.0049s loss: 0.2255859375
step: 0.0049s loss: 0.060791015625
step: 0.0048s loss: 0.10205078125
step: 0.0048s loss: 0.0120849609375
step: 0.0049s loss: 0.171875
step: 0.0049s loss: 0.06787109375
step: 0.0046s loss: 0.1025390625
step: 0.0047s loss: 0.306640625
step: 0.0047s loss: 0.140625
step: 0.0049s loss: 0.146484375
step: 0.0048s loss: 0.07666015625
step: 0.0047s loss: 0.29296875
step: 0.0048s loss: 0.027099609375
step: 0.0046s loss: 0.20703125
step: 0.0048s loss: 0.0654296875
step: 0.0048s loss: 0.04052734375
step: 0.0047s loss: 0.0908203125
step: 0.0046s loss: 0.40234375
step: 0.0046s loss: 0.193359375
step: 0.0049s loss: 0.07080078125
step: 0.0049s loss: 0.076171875
step: 0.0049s loss: 0.1806640625
step: 0.0048s loss: 0.04931640625
step: 0.0049s loss: 0.0615234375
step: 0.0049s loss: 0.04833984375
step: 0.0046s loss: 0.2060546875
step: 0.0046s loss: 0.08154296875
step: 0.0047s loss: 0.08056640625
step: 0.0049s loss: 0.146484375
step: 0.0046s loss: 0.2060546875
step: 0.0049s loss: 0.1025390625
step: 0.0047s loss: 0.06787109375
step: 0.0049s loss: 0.0927734375
step: 0.0049s loss: 0.240234375
step: 0.0046s loss: 0.29296875
step: 0.0048s loss: 0.01458740234375
step: 0.0049s loss: 0.1181640625
step: 0.0048s loss: 0.07568359375
step: 0.0049s loss: 0.087890625
step: 0.0048s loss: 0.28125
step: 0.0049s loss: 0.283203125
step: 0.0049s loss: 0.044921875
step: 0.0048s loss: 0.208984375
step: 0.0048s loss: 0.25
step: 0.0049s loss: 0.10693359375
step: 0.0049s loss: 0.037109375
step: 0.0049s loss: 0.16796875
step: 0.0048s loss: 0.11669921875
step: 0.0047s loss: 0.04736328125
step: 0.0049s loss: 0.125
step: 0.0048s loss: 0.062255859375
step: 0.0050s loss: 0.05078125
step: 0.0048s loss: 0.1416015625
step: 0.0049s loss: 0.052734375
step: 0.0048s loss: 0.0267333984375
step: 0.0049s loss: 0.06884765625
step: 0.0047s loss: 0.208984375
step: 0.0048s loss: 0.1484375
step: 0.0048s loss: 0.171875
step: 0.0049s loss: 0.138671875
step: 0.0049s loss: 0.482421875
step: 0.0049s loss: 0.22265625
step: 0.0048s loss: 0.23828125
step: 0.0049s loss: 0.3984375
step: 0.0049s loss: 0.1865234375
step: 0.0048s loss: 0.087890625
step: 0.0048s loss: 0.125
step: 0.0049s loss: 0.29296875
step: 0.0048s loss: 0.0283203125
step: 0.0048s loss: 0.298828125
step: 0.0048s loss: 0.1376953125
step: 0.0048s loss: 0.013671875
step: 0.0049s loss: 0.18359375
step: 0.0048s loss: 0.2734375
step: 0.0048s loss: 0.240234375
step: 0.0047s loss: 0.12060546875
step: 0.0049s loss: 0.037109375
step: 0.0049s loss: 0.46875
step: 0.0048s loss: 0.10107421875
step: 0.0048s loss: 0.107421875
step: 0.0049s loss: 0.1552734375
step: 0.0046s loss: 0.09033203125
step: 0.0046s loss: 0.33203125
step: 0.0046s loss: 0.031982421875
step: 0.0049s loss: 0.08984375
step: 0.0048s loss: 0.06005859375
step: 0.0047s loss: 0.03125
step: 0.0047s loss: 0.2421875
step: 0.0047s loss: 0.2236328125
step: 0.0049s loss: 0.03759765625
step: 0.0046s loss: 0.2197265625
step: 0.0050s loss: 0.0947265625
step: 0.0049s loss: 0.02490234375
step: 0.0049s loss: 0.2119140625
step: 0.0048s loss: 0.0242919921875
step: 0.0049s loss: 0.04345703125
step: 0.0049s loss: 0.1279296875
step: 0.0049s loss: 0.2001953125
step: 0.0048s loss: 0.1103515625
step: 0.0048s loss: 0.072265625
step: 0.0049s loss: 0.1025390625
step: 0.0049s loss: 0.150390625
step: 0.0049s loss: 0.30859375
step: 0.0049s loss: 0.2109375
step: 0.0049s loss: 0.02197265625
step: 0.0047s loss: 0.0751953125
step: 0.0048s loss: 0.0185546875
step: 0.0049s loss: 0.1494140625
step: 0.0047s loss: 0.1572265625
step: 0.0049s loss: 0.234375
step: 0.0048s loss: 0.0673828125
step: 0.0047s loss: 0.080078125
step: 0.0048s loss: 0.185546875
step: 0.0049s loss: 0.4609375
step: 0.0047s loss: 0.302734375
step: 0.0048s loss: 0.193359375
step: 0.0049s loss: 0.01019287109375
step: 0.0049s loss: 0.0712890625
step: 0.0063s loss: 0.37890625
step: 0.0048s loss: 0.0791015625
step: 0.0049s loss: 0.05908203125
step: 0.0049s loss: 0.08154296875
step: 0.0048s loss: 0.03173828125
step: 0.0047s loss: 0.154296875
step: 0.0047s loss: 0.1953125
step: 0.0049s loss: 0.0341796875
step: 0.0048s loss: 0.039794921875
step: 0.0048s loss: 0.08056640625
step: 0.0049s loss: 0.11669921875
step: 0.0049s loss: 0.1748046875
step: 0.0048s loss: 0.2470703125
step: 0.0048s loss: 0.036865234375
step: 0.0046s loss: 0.055908203125
step: 0.0048s loss: 0.12890625
step: 0.0047s loss: 0.150390625
step: 0.0047s loss: 0.17578125
step: 0.0049s loss: 0.0556640625
step: 0.0047s loss: 0.546875
step: 0.0046s loss: 0.064453125
step: 0.0047s loss: 0.193359375
step: 0.0049s loss: 0.07861328125
step: 0.0048s loss: 0.025390625
step: 0.0049s loss: 0.10888671875
step: 0.0046s loss: 0.08056640625
step: 0.0050s loss: 0.064453125
step: 0.0049s loss: 0.0986328125
step: 0.0049s loss: 0.302734375
step: 0.0049s loss: 0.030517578125
step: 0.0049s loss: 0.0654296875
step: 0.0049s loss: 0.0986328125
step: 0.0049s loss: 0.10107421875
step: 0.0049s loss: 0.036376953125
step: 0.0049s loss: 0.040771484375
step: 0.0049s loss: 0.26953125
step: 0.0049s loss: 0.01318359375
step: 0.0048s loss: 0.15234375
step: 0.0049s loss: 0.189453125
step: 0.0047s loss: 0.0361328125
step: 0.0046s loss: 0.0947265625
step: 0.0047s loss: 0.0361328125
step: 0.0050s loss: 0.3984375
step: 0.0049s loss: 0.1123046875
step: 0.0049s loss: 0.10009765625
step: 0.0048s loss: 0.1533203125
step: 0.0065s loss: 0.0703125
step: 0.0063s loss: 0.06787109375
step: 0.0053s loss: 0.0281982421875
step: 0.0055s loss: 0.271484375
step: 0.0049s loss: 0.109375
step: 0.0047s loss: 0.07763671875
step: 0.0049s loss: 0.07861328125
step: 0.0048s loss: 0.33203125
step: 0.0046s loss: 0.1279296875
step: 0.0056s loss: 0.1357421875
step: 0.0049s loss: 0.1298828125
step: 0.0045s loss: 0.212890625
step: 0.0047s loss: 0.0185546875
step: 0.0049s loss: 0.1767578125
step: 0.0047s loss: 0.061279296875
step: 0.0045s loss: 0.1806640625
step: 0.0047s loss: 0.142578125
step: 0.0049s loss: 0.06689453125
step: 0.0049s loss: 0.034912109375
step: 0.0045s loss: 0.11669921875
step: 0.0045s loss: 0.142578125
step: 0.0051s loss: 0.330078125
step: 0.0046s loss: 0.07861328125
step: 0.0045s loss: 0.0050048828125
step: 0.0045s loss: 0.0751953125
step: 0.0049s loss: 0.05810546875
step: 0.0049s loss: 0.09326171875
step: 0.0045s loss: 0.2236328125
step: 0.0045s loss: 0.078125
step: 0.0047s loss: 0.06591796875
step: 0.0049s loss: 0.013427734375
step: 0.0045s loss: 0.263671875
step: 0.0045s loss: 0.119140625
step: 0.0049s loss: 0.302734375
step: 0.0046s loss: 0.1708984375
step: 0.0045s loss: 0.08447265625
step: 0.0045s loss: 0.474609375
step: 0.0047s loss: 0.4140625
step: 0.0047s loss: 0.37890625
step: 0.0045s loss: 0.12109375
step: 0.0045s loss: 0.171875
step: 0.0049s loss: 0.06787109375
step: 0.0047s loss: 0.006683349609375
step: 0.0047s loss: 0.015625
step: 0.0045s loss: 0.18359375
step: 0.0049s loss: 0.1572265625
step: 0.0049s loss: 0.058837890625
step: 0.0045s loss: 0.103515625
step: 0.0044s loss: 0.2490234375
step: 0.0048s loss: 0.1416015625
step: 0.0049s loss: 0.0703125
step: 0.0045s loss: 0.19921875
step: 0.0045s loss: 0.052734375
step: 0.0047s loss: 0.32421875
step: 0.0049s loss: 0.220703125
step: 0.0046s loss: 0.031494140625
step: 0.0045s loss: 0.1337890625
step: 0.0049s loss: 0.1533203125
step: 0.0047s loss: 0.057373046875
step: 0.0048s loss: 0.076171875
step: 0.0048s loss: 0.05859375
step: 0.0047s loss: 0.07958984375
step: 0.0050s loss: 0.0625
step: 0.0045s loss: 0.0810546875
step: 0.0045s loss: 0.028564453125
step: 0.0047s loss: 0.11865234375
step: 0.0049s loss: 0.2099609375
step: 0.0047s loss: 0.1279296875
step: 0.0045s loss: 0.0751953125
step: 0.0051s loss: 0.009033203125
step: 0.0049s loss: 0.060546875
step: 0.0045s loss: 0.087890625
step: 0.0045s loss: 0.06640625
step: 0.0049s loss: 0.11572265625
step: 0.0049s loss: 0.033447265625
step: 0.0044s loss: 0.5
step: 0.0048s loss: 0.208984375
step: 0.0049s loss: 0.185546875
step: 0.0047s loss: 0.07421875
step: 0.0045s loss: 0.29296875
step: 0.0045s loss: 0.029296875
step: 0.0051s loss: 0.45703125
step: 0.0046s loss: 0.248046875
step: 0.0045s loss: 0.076171875
step: 0.0045s loss: 0.02685546875
step: 0.0050s loss: 0.0299072265625
step: 0.0049s loss: 0.083984375
step: 0.0045s loss: 0.0673828125
step: 0.0044s loss: 0.044921875
step: 0.0050s loss: 0.013916015625
step: 0.0049s loss: 0.037841796875
step: 0.0045s loss: 0.150390625
step: 0.0046s loss: 0.1650390625
step: 0.0051s loss: 0.34765625
step: 0.0048s loss: 0.09228515625
step: 0.0045s loss: 0.048583984375
step: 0.0045s loss: 0.09326171875
step: 0.0050s loss: 0.107421875
step: 0.0049s loss: 0.181640625
step: 0.0045s loss: 0.1015625
step: 0.0045s loss: 0.0546875
step: 0.0048s loss: 0.0439453125
step: 0.0049s loss: 0.029296875
step: 0.0047s loss: 0.1865234375
step: 0.0048s loss: 0.0712890625
step: 0.0050s loss: 0.228515625
step: 0.0049s loss: 0.359375
step: 0.0045s loss: 0.10205078125
step: 0.0045s loss: 0.197265625
step: 0.0049s loss: 0.048095703125
step: 0.0049s loss: 0.03076171875
step: 0.0045s loss: 0.1640625
step: 0.0048s loss: 0.05322265625
step: 0.0048s loss: 0.2470703125
step: 0.0048s loss: 0.1376953125
step: 0.0046s loss: 0.10986328125
step: 0.0045s loss: 0.053955078125
step: 0.0050s loss: 0.08251953125
step: 0.0050s loss: 0.0498046875
step: 0.0086s loss: 0.169921875
step: 0.0048s loss: 0.059326171875
step: 0.0054s loss: 0.07666015625
step: 0.0050s loss: 0.328125
step: 0.0045s loss: 0.036376953125
step: 0.0045s loss: 0.1630859375
step: 0.0054s loss: 0.1455078125
step: 0.0051s loss: 0.064453125
step: 0.0045s loss: 0.1220703125
step: 0.0046s loss: 0.384765625
step: 0.0053s loss: 0.103515625
step: 0.0052s loss: 0.126953125
step: 0.0047s loss: 0.111328125
step: 0.0045s loss: 0.10888671875
step: 0.0052s loss: 0.036376953125
step: 0.0047s loss: 0.00311279296875
step: 0.0045s loss: 0.021240234375
step: 0.0050s loss: 0.1240234375
step: 0.0052s loss: 0.119140625
step: 0.0049s loss: 0.0101318359375
step: 0.0047s loss: 0.034912109375
step: 0.0051s loss: 0.06201171875
step: 0.0049s loss: 0.10205078125
step: 0.0051s loss: 0.099609375
step: 0.0046s loss: 0.0986328125
step: 0.0045s loss: 0.0281982421875
step: 0.0052s loss: 0.068359375
step: 0.0049s loss: 0.040771484375
step: 0.0051s loss: 0.169921875
step: 0.0050s loss: 0.2021484375
step: 0.0050s loss: 0.03955078125
step: 0.0049s loss: 0.08154296875
step: 0.0050s loss: 0.1552734375
step: 0.0047s loss: 0.19140625
step: 0.0045s loss: 0.032470703125
step: 0.0047s loss: 0.1298828125
step: 0.0047s loss: 0.028564453125
step: 0.0049s loss: 0.193359375
step: 0.0046s loss: 0.224609375
step: 0.0047s loss: 0.10791015625
step: 0.0046s loss: 0.08251953125
step: 0.0049s loss: 0.3984375
step: 0.0046s loss: 0.0361328125
step: 0.0045s loss: 0.08544921875
step: 0.0049s loss: 0.2421875
step: 0.0048s loss: 0.10546875
step: 0.0046s loss: 0.1630859375
step: 0.0047s loss: 0.0751953125
step: 0.0049s loss: 0.36328125
step: 0.0050s loss: 0.228515625
step: 0.0055s loss: 0.0673828125
step: 0.0054s loss: 0.033935546875
step: 0.0049s loss: 0.130859375
step: 0.0045s loss: 0.37109375
step: 0.0046s loss: 0.052734375
step: 0.0046s loss: 0.26171875
step: 0.0045s loss: 0.10205078125
step: 0.0048s loss: 0.08349609375
step: 0.0047s loss: 0.09033203125
step: 0.0045s loss: 0.0947265625
step: 0.0045s loss: 0.228515625
step: 0.0045s loss: 0.0537109375
step: 0.0057s loss: 0.1669921875
step: 0.0047s loss: 0.1328125
step: 0.0048s loss: 0.42578125
step: 0.0045s loss: 0.1455078125
step: 0.0046s loss: 0.251953125
step: 0.0048s loss: 0.0986328125
step: 0.0045s loss: 0.1865234375
step: 0.0044s loss: 0.07861328125
step: 0.0045s loss: 0.0810546875
step: 0.0045s loss: 0.162109375
step: 0.0045s loss: 0.33203125
step: 0.0047s loss: 0.2890625
step: 0.0045s loss: 0.04248046875
step: 0.0045s loss: 0.08642578125
step: 0.0044s loss: 0.00634765625
step: 0.0047s loss: 0.05810546875
step: 0.0048s loss: 0.021240234375
step: 0.0045s loss: 0.255859375
step: 0.0045s loss: 0.002899169921875
step: 0.0045s loss: 0.027099609375
step: 0.0045s loss: 0.0654296875
step: 0.0046s loss: 0.09765625
step: 0.0045s loss: 0.41015625
step: 0.0045s loss: 0.087890625
step: 0.0055s loss: 0.0693359375
step: 0.0045s loss: 0.255859375
step: 0.0045s loss: 0.095703125
step: 0.0045s loss: 0.083984375
step: 0.0048s loss: 0.0751953125
step: 0.0045s loss: 0.041259765625
step: 0.0045s loss: 0.126953125
step: 0.0045s loss: 0.255859375
step: 0.0045s loss: 0.039306640625
step: 0.0067s loss: 0.07373046875
step: 0.0045s loss: 0.236328125
step: 0.0047s loss: 0.177734375
step: 0.0045s loss: 0.12255859375
step: 0.0045s loss: 0.091796875
step: 0.0045s loss: 0.291015625
step: 0.0046s loss: 0.439453125
step: 0.0046s loss: 0.021484375
step: 0.0048s loss: 0.031005859375
step: 0.0045s loss: 0.126953125
step: 0.0044s loss: 0.25390625
step: 0.0048s loss: 0.15234375
step: 0.0045s loss: 0.08740234375
step: 0.0045s loss: 0.007080078125
step: 0.0047s loss: 0.015869140625
step: 0.0045s loss: 0.06640625
step: 0.0045s loss: 0.4453125
step: 0.0045s loss: 0.140625
step: 0.0045s loss: 0.359375
step: 0.0045s loss: 0.314453125
step: 0.0048s loss: 0.12158203125
step: 0.0046s loss: 0.050537109375
step: 0.0045s loss: 0.130859375
step: 0.0045s loss: 0.021484375
step: 0.0045s loss: 0.279296875
step: 0.0045s loss: 0.158203125
step: 0.0049s loss: 0.027587890625
step: 0.0045s loss: 0.1708984375
step: 0.0046s loss: 0.09912109375
step: 0.0046s loss: 0.208984375
step: 0.0046s loss: 0.130859375
step: 0.0048s loss: 0.083984375
step: 0.0049s loss: 0.185546875
step: 0.0046s loss: 0.2890625
step: 0.0045s loss: 0.173828125
step: 0.0049s loss: 0.09521484375
step: 0.0045s loss: 0.052734375
step: 0.0047s loss: 0.2890625
step: 0.0048s loss: 0.20703125
step: 0.0045s loss: 0.32421875
step: 0.0047s loss: 0.01434326171875
step: 0.0048s loss: 0.09619140625
step: 0.0045s loss: 0.15625
step: 0.0045s loss: 0.13671875
step: 0.0048s loss: 0.054443359375
step: 0.0046s loss: 0.1435546875
step: 0.0048s loss: 0.1103515625
step: 0.0045s loss: 0.416015625
step: 0.0045s loss: 0.0147705078125
step: 0.0049s loss: 0.058837890625
step: 0.0048s loss: 0.244140625
step: 0.0047s loss: 0.0947265625
step: 0.0045s loss: 0.056884765625
step: 0.0048s loss: 0.1357421875
step: 0.0046s loss: 0.333984375
step: 0.0045s loss: 0.10302734375
step: 0.0045s loss: 0.038330078125
step: 0.0045s loss: 0.0810546875
step: 0.0048s loss: 0.02197265625
step: 0.0048s loss: 0.30078125
step: 0.0045s loss: 0.2734375
step: 0.0045s loss: 0.0235595703125
step: 0.0046s loss: 0.21875
step: 0.0045s loss: 0.1455078125
step: 0.0045s loss: 0.0810546875
step: 0.0048s loss: 0.2099609375
step: 0.0045s loss: 0.150390625
step: 0.0047s loss: 0.0322265625
step: 0.0045s loss: 0.162109375
step: 0.0045s loss: 0.068359375
step: 0.0048s loss: 0.01806640625
step: 0.0045s loss: 0.138671875
step: 0.0045s loss: 0.103515625
step: 0.0046s loss: 0.0380859375
step: 0.0046s loss: 0.0341796875
step: 0.0046s loss: 0.1181640625
step: 0.0045s loss: 0.080078125
step: 0.0045s loss: 0.0284423828125
step: 0.0048s loss: 0.05517578125
step: 0.0050s loss: 0.03271484375
step: 0.0050s loss: 0.04443359375
step: 0.0046s loss: 0.0234375
step: 0.0045s loss: 0.23046875
step: 0.0048s loss: 0.1298828125
step: 0.0050s loss: 0.057861328125
step: 0.0046s loss: 0.033203125
step: 0.0056s loss: 0.04638671875
step: 0.0050s loss: 0.01031494140625
step: 0.0049s loss: 0.1484375
step: 0.0046s loss: 0.1953125
step: 0.0045s loss: 0.0419921875
step: 0.0048s loss: 0.3046875
step: 0.0050s loss: 0.0927734375
step: 0.0048s loss: 0.25390625
step: 0.0046s loss: 0.0537109375
step: 0.0050s loss: 0.04150390625
step: 0.0048s loss: 0.0419921875
step: 0.0046s loss: 0.279296875
step: 0.0045s loss: 0.2578125
step: 0.0048s loss: 0.0291748046875
step: 0.0050s loss: 0.1005859375
step: 0.0045s loss: 0.30859375
step: 0.0048s loss: 0.087890625
step: 0.0048s loss: 0.2197265625
step: 0.0050s loss: 0.06396484375
step: 0.0045s loss: 0.05224609375
step: 0.0046s loss: 0.0537109375
step: 0.0048s loss: 0.0966796875
step: 0.0051s loss: 0.09765625
step: 0.0045s loss: 0.0234375
step: 0.0045s loss: 0.1171875
step: 0.0050s loss: 0.2109375
step: 0.0050s loss: 0.07861328125
step: 0.0049s loss: 0.158203125
step: 0.0046s loss: 0.2158203125
step: 0.0050s loss: 0.169921875
step: 0.0049s loss: 0.0281982421875
step: 0.0082s loss: 0.0927734375
step: 0.0045s loss: 0.1201171875
step: 0.0050s loss: 0.033203125
step: 0.0055s loss: 0.3359375
step: 0.0049s loss: 0.10400390625
step: 0.0045s loss: 0.049072265625
step: 0.0047s loss: 0.045654296875
step: 0.0051s loss: 0.07080078125
step: 0.0055s loss: 0.02685546875
step: 0.0046s loss: 0.021484375
step: 0.0049s loss: 0.0201416015625
step: 0.0066s loss: 0.08251953125
step: 0.0045s loss: 0.1240234375
step: 0.0047s loss: 0.0634765625
step: 0.0061s loss: 0.0159912109375
step: 0.0049s loss: 0.00701904296875
step: 0.0057s loss: 0.0703125
step: 0.0046s loss: 0.007476806640625
step: 0.0047s loss: 0.043212890625
step: 0.0052s loss: 0.2421875
step: 0.0047s loss: 0.36328125
step: 0.0045s loss: 0.134765625
step: 0.0050s loss: 0.1328125
step: 0.0048s loss: 0.078125
step: 0.0045s loss: 0.115234375
step: 0.0045s loss: 0.09765625
step: 0.0050s loss: 0.30078125
step: 0.0050s loss: 0.10302734375
step: 0.0056s loss: 0.0361328125
step: 0.0048s loss: 0.099609375
step: 0.0051s loss: 0.08447265625
step: 0.0049s loss: 0.416015625
step: 0.0046s loss: 0.039306640625
step: 0.0046s loss: 0.012939453125
step: 0.0050s loss: 0.046142578125
step: 0.0051s loss: 0.00482177734375
step: 0.0049s loss: 0.060546875
step: 0.0048s loss: 0.10595703125
step: 0.0051s loss: 0.0302734375
step: 0.0048s loss: 0.14453125
step: 0.0048s loss: 0.1455078125
step: 0.0046s loss: 0.01708984375
step: 0.0050s loss: 0.298828125
step: 0.0050s loss: 0.26953125
step: 0.0048s loss: 0.11572265625
step: 0.0045s loss: 0.1064453125
step: 0.0050s loss: 0.341796875
step: 0.0050s loss: 0.150390625
step: 0.0049s loss: 0.1279296875
step: 0.0045s loss: 0.0240478515625
step: 0.0050s loss: 0.038818359375
step: 0.0050s loss: 0.05126953125
step: 0.0045s loss: 0.031982421875
step: 0.0045s loss: 0.01336669921875
step: 0.0051s loss: 0.12158203125
step: 0.0048s loss: 0.06396484375
step: 0.0045s loss: 0.087890625
step: 0.0045s loss: 0.07958984375
step: 0.0050s loss: 0.00433349609375
step: 0.0050s loss: 0.236328125
step: 0.0047s loss: 0.15625
step: 0.0045s loss: 0.1796875
step: 0.0051s loss: 0.06396484375
step: 0.0050s loss: 0.06005859375
step: 0.0046s loss: 0.1376953125
step: 0.0046s loss: 0.00848388671875
step: 0.0050s loss: 0.08056640625
step: 0.0050s loss: 0.12890625
step: 0.0046s loss: 0.109375
step: 0.0046s loss: 0.15625
step: 0.0048s loss: 0.009033203125
step: 0.0051s loss: 0.1640625
step: 0.0046s loss: 0.024169921875
step: 0.0046s loss: 0.109375
step: 0.0050s loss: 0.0732421875
step: 0.0050s loss: 0.022216796875
step: 0.0046s loss: 0.2294921875
step: 0.0046s loss: 0.0179443359375
step: 0.0050s loss: 0.05126953125
step: 0.0050s loss: 0.06884765625
step: 0.0046s loss: 0.25390625
step: 0.0046s loss: 0.02099609375
step: 0.0048s loss: 0.0849609375
step: 0.0050s loss: 0.154296875
step: 0.0056s loss: 0.1171875
step: 0.0045s loss: 0.005462646484375
step: 0.0050s loss: 0.0751953125
step: 0.0048s loss: 0.55859375
step: 0.0046s loss: 0.0247802734375
step: 0.0050s loss: 0.107421875
step: 0.0050s loss: 0.275390625
step: 0.0050s loss: 0.138671875
step: 0.0046s loss: 0.080078125
step: 0.0048s loss: 0.047119140625
step: 0.0048s loss: 0.045166015625
step: 0.0048s loss: 0.17578125
step: 0.0045s loss: 0.138671875
step: 0.0046s loss: 0.0220947265625
step: 0.0051s loss: 0.052734375
step: 0.0048s loss: 0.1513671875
step: 0.0045s loss: 0.01043701171875
step: 0.0045s loss: 0.06640625
step: 0.0050s loss: 0.1875
step: 0.0051s loss: 0.0556640625
step: 0.0045s loss: 0.12109375
step: 0.0045s loss: 0.0732421875
step: 0.0048s loss: 0.1064453125
step: 0.0050s loss: 0.28125
step: 0.0046s loss: 0.1162109375
step: 0.0046s loss: 0.032470703125
step: 0.0046s loss: 0.021728515625
step: 0.0048s loss: 0.15234375
step: 0.0050s loss: 0.11572265625
step: 0.0046s loss: 0.04541015625
step: 0.0046s loss: 0.0125732421875
step: 0.0047s loss: 0.1455078125
step: 0.0046s loss: 0.036376953125
step: 0.0046s loss: 0.0458984375
step: 0.0046s loss: 0.12451171875
step: 0.0046s loss: 0.03662109375
step: 0.0046s loss: 0.1796875
step: 0.0049s loss: 0.023681640625
step: 0.0046s loss: 0.05908203125
step: 0.0049s loss: 0.21484375
step: 0.0050s loss: 0.10205078125
step: 0.0065s loss: 0.140625
step: 0.0046s loss: 0.051513671875
step: 0.0045s loss: 0.1484375
step: 0.0046s loss: 0.1240234375
step: 0.0046s loss: 0.07275390625
step: 0.0046s loss: 0.130859375
step: 0.0049s loss: 0.1318359375
step: 0.0045s loss: 0.03955078125
step: 0.0045s loss: 0.04736328125
step: 0.0046s loss: 0.173828125
step: 0.0045s loss: 0.05078125
step: 0.0046s loss: 0.34375
step: 0.0046s loss: 0.0771484375
step: 0.0048s loss: 0.095703125
step: 0.0046s loss: 0.018310546875
step: 0.0046s loss: 0.333984375
step: 0.0046s loss: 0.11669921875
step: 0.0046s loss: 0.158203125
step: 0.0046s loss: 0.220703125
step: 0.0046s loss: 0.16796875
step: 0.0046s loss: 0.0771484375
step: 0.0046s loss: 0.018798828125
step: 0.0046s loss: 0.03076171875
step: 0.0046s loss: 0.298828125
step: 0.0049s loss: 0.0220947265625
step: 0.0051s loss: 0.00689697265625
step: 0.0047s loss: 0.1484375
step: 0.0050s loss: 0.130859375
step: 0.0049s loss: 0.1005859375
step: 0.0046s loss: 0.0157470703125
step: 0.0046s loss: 0.034912109375
step: 0.0046s loss: 0.193359375
step: 0.0046s loss: 0.064453125
step: 0.0048s loss: 0.08984375
step: 0.0046s loss: 0.0947265625
step: 0.0046s loss: 0.1484375
step: 0.0046s loss: 0.4296875
step: 0.0046s loss: 0.04736328125
step: 0.0047s loss: 0.047607421875
step: 0.0048s loss: 0.0810546875
step: 0.0045s loss: 0.240234375
step: 0.0048s loss: 0.13671875
step: 0.0046s loss: 0.474609375
step: 0.0046s loss: 0.357421875
step: 0.0048s loss: 0.0634765625
step: 0.0046s loss: 0.016845703125
step: 0.0046s loss: 0.046630859375
step: 0.0046s loss: 0.062255859375
step: 0.0046s loss: 0.126953125
step: 0.0048s loss: 0.036376953125
step: 0.0049s loss: 0.01806640625
step: 0.0045s loss: 0.21875
step: 0.0045s loss: 0.076171875
step: 0.0047s loss: 0.07763671875
step: 0.0046s loss: 0.2734375
step: 0.0046s loss: 0.052978515625
step: 0.0048s loss: 0.1064453125
step: 0.0046s loss: 0.031494140625
step: 0.0049s loss: 0.1328125
step: 0.0049s loss: 0.1025390625
step: 0.0050s loss: 0.01385498046875
step: 0.0050s loss: 0.12353515625
step: 0.0046s loss: 0.20703125
step: 0.0049s loss: 0.13671875
step: 0.0065s loss: 0.083984375
step: 0.0049s loss: 0.044921875
step: 0.0069s loss: 0.2890625
step: 0.0048s loss: 0.2001953125
step: 0.0047s loss: 0.376953125
step: 0.0050s loss: 0.043212890625
step: 0.0049s loss: 0.11767578125
step: 0.0046s loss: 0.119140625
step: 0.0048s loss: 0.099609375
step: 0.0047s loss: 0.048583984375
step: 0.0046s loss: 0.0322265625
step: 0.0049s loss: 0.1484375
step: 0.0047s loss: 0.1201171875
step: 0.0050s loss: 0.01318359375
step: 0.0046s loss: 0.0294189453125
step: 0.0046s loss: 0.022216796875
step: 0.0049s loss: 0.15625
step: 0.0048s loss: 0.04150390625
step: 0.0046s loss: 0.01068115234375
step: 0.0046s loss: 0.025390625
step: 0.0051s loss: 0.017822265625
step: 0.0047s loss: 0.10546875
step: 0.0046s loss: 0.1328125
step: 0.0046s loss: 0.0152587890625
step: 0.0050s loss: 0.0284423828125
step: 0.0050s loss: 0.08203125
step: 0.0047s loss: 0.0537109375
step: 0.0046s loss: 0.0113525390625
step: 0.0050s loss: 0.09716796875
step: 0.0089s loss: 0.337890625
step: 0.0054s loss: 0.2138671875
step: 0.0049s loss: 0.01007080078125
step: 0.0048s loss: 0.0419921875
step: 0.0050s loss: 0.005767822265625
step: 0.0051s loss: 0.224609375
step: 0.0049s loss: 0.2275390625
step: 0.0050s loss: 0.2041015625
step: 0.0050s loss: 0.2578125
step: 0.0048s loss: 0.12890625
step: 0.0046s loss: 0.043701171875
step: 0.0050s loss: 0.0859375
step: 0.0050s loss: 0.25390625
step: 0.0046s loss: 0.10400390625
step: 0.0049s loss: 0.1591796875
step: 0.0049s loss: 0.31640625
step: 0.0049s loss: 0.1630859375
step: 0.0046s loss: 0.03515625
step: 0.0048s loss: 0.146484375
step: 0.0055s loss: 0.0693359375
step: 0.0050s loss: 0.06396484375
step: 0.0048s loss: 0.1689453125
step: 0.0046s loss: 0.0634765625
step: 0.0050s loss: 0.2119140625
step: 0.0050s loss: 0.2265625
step: 0.0049s loss: 0.1240234375
step: 0.0054s loss: 0.1953125
step: 0.0050s loss: 0.00531005859375
step: 0.0051s loss: 0.09814453125
step: 0.0046s loss: 0.158203125
step: 0.0049s loss: 0.060546875
step: 0.0049s loss: 0.47265625
step: 0.0047s loss: 0.203125
step: 0.0048s loss: 0.032958984375
step: 0.0052s loss: 0.064453125
step: 0.0049s loss: 0.1064453125
step: 0.0048s loss: 0.0791015625
step: 0.0048s loss: 0.07373046875
step: 0.0045s loss: 0.06689453125
step: 0.0048s loss: 0.08349609375
step: 0.0050s loss: 0.0213623046875
step: 0.0048s loss: 0.0712890625
step: 0.0045s loss: 0.07373046875
step: 0.0050s loss: 0.10546875
step: 0.0050s loss: 0.1142578125
step: 0.0049s loss: 0.240234375
step: 0.0046s loss: 0.0439453125
step: 0.0050s loss: 0.02392578125
step: 0.0050s loss: 0.0810546875
step: 0.0046s loss: 0.07275390625
step: 0.0048s loss: 0.09423828125
step: 0.0048s loss: 0.006134033203125
step: 0.0050s loss: 0.10498046875
step: 0.0046s loss: 0.255859375
step: 0.0046s loss: 0.00787353515625
step: 0.0049s loss: 0.07080078125
step: 0.0050s loss: 0.03369140625
step: 0.0048s loss: 0.31640625
step: 0.0045s loss: 0.06396484375
step: 0.0050s loss: 0.1787109375
step: 0.0050s loss: 0.115234375
step: 0.0046s loss: 0.0859375
step: 0.0047s loss: 0.004791259765625
step: 0.0046s loss: 0.126953125
step: 0.0045s loss: 0.00933837890625
step: 0.0046s loss: 0.0093994140625
step: 0.0045s loss: 0.1328125
step: 0.0046s loss: 0.1474609375
step: 0.0046s loss: 0.146484375
step: 0.0046s loss: 0.034423828125
step: 0.0049s loss: 0.064453125
step: 0.0046s loss: 0.150390625
step: 0.0046s loss: 0.036865234375
step: 0.0049s loss: 0.1044921875
step: 0.0046s loss: 0.1435546875
step: 0.0045s loss: 0.057861328125
step: 0.0046s loss: 0.055419921875
step: 0.0046s loss: 0.271484375
step: 0.0046s loss: 0.1796875
step: 0.0046s loss: 0.134765625
step: 0.0046s loss: 0.04736328125
step: 0.0046s loss: 0.19140625
step: 0.0046s loss: 0.1005859375
step: 0.0046s loss: 0.0517578125
step: 0.0046s loss: 0.263671875
step: 0.0046s loss: 0.02783203125
step: 0.0046s loss: 0.0078125
step: 0.0046s loss: 0.1279296875
step: 0.0046s loss: 0.037109375
step: 0.0046s loss: 0.1787109375
step: 0.0046s loss: 0.05224609375
step: 0.0046s loss: 0.0281982421875
step: 0.0046s loss: 0.0537109375
step: 0.0047s loss: 0.134765625
step: 0.0048s loss: 0.0498046875
step: 0.0046s loss: 0.05224609375
step: 0.0046s loss: 0.0654296875
step: 0.0054s loss: 0.0458984375
step: 0.0049s loss: 0.0257568359375
step: 0.0048s loss: 0.02587890625
step: 0.0047s loss: 0.10302734375
step: 0.0048s loss: 0.2060546875
step: 0.0046s loss: 0.341796875
step: 0.0045s loss: 0.255859375
step: 0.0045s loss: 0.01025390625
step: 0.0046s loss: 0.010498046875
step: 0.0045s loss: 0.11083984375
step: 0.0046s loss: 0.1630859375
step: 0.0046s loss: 0.0751953125
step: 0.0074s loss: 0.047607421875
step: 0.0048s loss: 0.07421875
step: 0.0050s loss: 0.0267333984375
step: 0.0046s loss: 0.123046875
step: 0.0045s loss: 0.314453125
step: 0.0045s loss: 0.150390625
step: 0.0046s loss: 0.140625
step: 0.0046s loss: 0.1611328125
step: 0.0045s loss: 0.05517578125
step: 0.0046s loss: 0.26171875
step: 0.0050s loss: 0.02490234375
step: 0.0046s loss: 0.0400390625
step: 0.0047s loss: 0.115234375
step: 0.0047s loss: 0.140625
step: 0.0046s loss: 0.177734375
step: 0.0048s loss: 0.062255859375
step: 0.0047s loss: 0.240234375
step: 0.0049s loss: 0.0087890625
step: 0.0046s loss: 0.6171875
step: 0.0046s loss: 0.123046875
step: 0.0046s loss: 0.1787109375
step: 0.0046s loss: 0.05810546875
step: 0.0049s loss: 0.12109375
step: 0.0045s loss: 0.035888671875
step: 0.0048s loss: 0.24609375
step: 0.0046s loss: 0.171875
step: 0.0048s loss: 0.036865234375
step: 0.0047s loss: 0.03564453125
step: 0.0048s loss: 0.058837890625
step: 0.0046s loss: 0.039306640625
step: 0.0048s loss: 0.06201171875
step: 0.0045s loss: 0.171875
step: 0.0048s loss: 0.1064453125
step: 0.0047s loss: 0.0302734375
step: 0.0045s loss: 0.023193359375
all: 11.6641s 
2026-05-25 12:54:44.547 | info     |    BuildKernels | JIT cache stats: 24/24 hits (100.0%) [24 cached, 2 build-once dedup, 0 merged artifacts, 0 merged genfiles] (build_cache_telemetry.cpp:207)
2026-05-25 12:54:44.547 | info     |    BuildKernels | JIT telemetry: 3 registered TelemetryTokens (build_cache_telemetry.cpp:230)
2026-05-25 12:54:44.547 | info     |    BuildKernels | JIT telemetry [dependencies_up_to_date]: count=48, total=245.121ms, min=0.019ms, max=29.109ms, mean=5.107ms (build_cache_telemetry.cpp:246)
2026-05-25 12:54:44.547 | info     |    BuildKernels | JIT telemetry [JitBuildState::build]: count=24, total=273.343ms, min=0.615ms, max=29.223ms, mean=11.389ms (build_cache_telemetry.cpp:246)
2026-05-25 12:54:44.547 | info     |    BuildKernels | JIT telemetry [jit_build]: count=24, total=273.997ms, min=0.628ms, max=29.269ms, mean=11.417ms (build_cache_telemetry.cpp:246)
2026-05-25 12:54:44.551 | info     |          Device | Closing user mode device drivers (tt_cluster.cpp:490)
2026-05-25 12:54:44.551 | info     |             UMD | Closing devices in cluster (cluster.cpp:961)
